<html>
<body>
<pre>
<h1>礦ision Build Log</h1>
<h2>Tool Versions:</h2>
IDE-Version: μVision V5.15
Copyright (C) 2015 ARM Ltd and ARM Germany GmbH. All rights reserved.
License Information: Y XZ, YXZ, LIC=ATTTG-V9LDH-744S0-BQYTK-K0DQ4-22NSN
 
Tool Versions:
Toolchain:       MDK-ARM Standard  Version: 5.15.0
Middleware:      RL-ARM Real-Time Library Version V4.12
Toolchain Path:  C:\Keil_v5\ARM\ARMCC\Bin
C Compiler:      Armcc.exe V5.05 update 2 (build 169)
Assembler:       Armasm.exe V5.05 update 2 (build 169)
Linker/Locator:  ArmLink.exe V5.05 update 2 (build 169)
Library Manager: ArmAr.exe V5.05 update 2 (build 169)
Hex Converter:   FromElf.exe V5.05 update 2 (build 169)
CPU DLL:         SARMCM3.DLL V5.15.0
Dialog DLL:      DARMCM1.DLL V1.12.0.0
Target DLL:      Segger\JL2CM3.dll V2.99.15.0
Dialog DLL:      TARMCM1.DLL V1.9.0.0
 
<h2>Project:</h2>
D:\项目\志高\柜机驱动\SW1580无霍尔正弦波\SWM1800.uvproj
Project File Date:  12/02/2016

<h2>Output:</h2>
*** Using Compiler 'V5.05 update 2 (build 169)', folder: 'C:\Keil_v5\ARM\ARMCC\Bin'
Build target 'SWM1800'
compiling PMSM.c...
APP\PMSM.c(35): warning:  #1295-D: Deprecated declaration CountInputFreq_Init - give arg types
  void CountInputFreq_Init();
APP\PMSM.c(348): warning:  #177-D: variable "Q_err" was declared but never referenced
        s32 Q_err,D_err;
APP\PMSM.c(348): warning:  #177-D: variable "D_err" was declared but never referenced
        s32 Q_err,D_err;
APP\PMSM.c(693): warning:  #177-D: variable "Timval" was declared but never referenced
        u32 Timval;
APP\PMSM.c(845): warning:  #177-D: variable "i" was declared but never referenced
      u32 i = 0;
APP\PMSM.c(1156): warning:  #177-D: variable "Ri" was declared but never referenced
        s32 Di, Vi, Qi, Ri;
APP\PMSM.c: 6 warnings, 0 errors
linking...
Program Size: Code=18652 RO-data=4640 RW-data=412 ZI-data=1292  
After Build - User command #1: fromelf.exe --bin -o ./out/SWM1800.bin ./out/SWM1800.axf
Error: Q0147E: Failed to create Directory ./out/SWM1800.bin\ER_IROM1: File exists
Finished: 0 information, 0 warning and 1 error messages.
".\out\SWM1800.axf" - 0 Error(s), 6 Warning(s).
</pre>
</body>
</html>
