<!doctype html public "-//w3c//dtd html 4.0 transitional//en">
<html><head>
<title>Static Call Graph - [.\out\SWM1800.axf]</title></head>
<body><HR>
<H1>Static Call Graph for image .\out\SWM1800.axf</H1><HR>
<BR><P>#&#060CALLGRAPH&#062# ARM Linker, 5050169: Last Updated: Thu Nov 17 14:56:16 2016
<BR><P>
<H3>Maximum Stack Usage =        108 bytes + Unknown(Cycles, Untraceable Function Pointers)</H3><H3>
Call chain for Maximum Stack Depth:</H3>
main &rArr; SetupPorts &rArr; GPIO_Init &rArr; PORT_Init
<P>
<H3>
Mutually Recursive functions
</H3> <LI><a href="#[1]">NMI_Handler</a>&nbsp;&nbsp;&nbsp;&rArr;&nbsp;&nbsp;&nbsp;<a href="#[1]">NMI_Handler</a><BR>
 <LI><a href="#[2]">HardFault_Handler</a>&nbsp;&nbsp;&nbsp;&rArr;&nbsp;&nbsp;&nbsp;<a href="#[2]">HardFault_Handler</a><BR>
 <LI><a href="#[3]">SVC_Handler</a>&nbsp;&nbsp;&nbsp;&rArr;&nbsp;&nbsp;&nbsp;<a href="#[3]">SVC_Handler</a><BR>
 <LI><a href="#[4]">PendSV_Handler</a>&nbsp;&nbsp;&nbsp;&rArr;&nbsp;&nbsp;&nbsp;<a href="#[4]">PendSV_Handler</a><BR>
 <LI><a href="#[5]">SysTick_Handler</a>&nbsp;&nbsp;&nbsp;&rArr;&nbsp;&nbsp;&nbsp;<a href="#[5]">SysTick_Handler</a><BR>
 <LI><a href="#[9]">IRQ3_Handler</a>&nbsp;&nbsp;&nbsp;&rArr;&nbsp;&nbsp;&nbsp;<a href="#[9]">IRQ3_Handler</a><BR>
 <LI><a href="#[c]">IRQ6_Handler</a>&nbsp;&nbsp;&nbsp;&rArr;&nbsp;&nbsp;&nbsp;<a href="#[c]">IRQ6_Handler</a><BR>
 <LI><a href="#[d]">IRQ7_Handler</a>&nbsp;&nbsp;&nbsp;&rArr;&nbsp;&nbsp;&nbsp;<a href="#[d]">IRQ7_Handler</a><BR>
 <LI><a href="#[e]">IRQ8_Handler</a>&nbsp;&nbsp;&nbsp;&rArr;&nbsp;&nbsp;&nbsp;<a href="#[e]">IRQ8_Handler</a><BR>
 <LI><a href="#[f]">IRQ9_Handler</a>&nbsp;&nbsp;&nbsp;&rArr;&nbsp;&nbsp;&nbsp;<a href="#[f]">IRQ9_Handler</a><BR>
 <LI><a href="#[10]">IRQ10_Handler</a>&nbsp;&nbsp;&nbsp;&rArr;&nbsp;&nbsp;&nbsp;<a href="#[10]">IRQ10_Handler</a><BR>
 <LI><a href="#[11]">IRQ11_Handler</a>&nbsp;&nbsp;&nbsp;&rArr;&nbsp;&nbsp;&nbsp;<a href="#[11]">IRQ11_Handler</a><BR>
 <LI><a href="#[12]">IRQ12_Handler</a>&nbsp;&nbsp;&nbsp;&rArr;&nbsp;&nbsp;&nbsp;<a href="#[12]">IRQ12_Handler</a><BR>
 <LI><a href="#[13]">IRQ13_Handler</a>&nbsp;&nbsp;&nbsp;&rArr;&nbsp;&nbsp;&nbsp;<a href="#[13]">IRQ13_Handler</a><BR>
 <LI><a href="#[14]">IRQ14_Handler</a>&nbsp;&nbsp;&nbsp;&rArr;&nbsp;&nbsp;&nbsp;<a href="#[14]">IRQ14_Handler</a><BR>
 <LI><a href="#[15]">IRQ15_Handler</a>&nbsp;&nbsp;&nbsp;&rArr;&nbsp;&nbsp;&nbsp;<a href="#[15]">IRQ15_Handler</a><BR>
 <LI><a href="#[16]">IRQ16_Handler</a>&nbsp;&nbsp;&nbsp;&rArr;&nbsp;&nbsp;&nbsp;<a href="#[16]">IRQ16_Handler</a><BR>
 <LI><a href="#[17]">IRQ17_Handler</a>&nbsp;&nbsp;&nbsp;&rArr;&nbsp;&nbsp;&nbsp;<a href="#[17]">IRQ17_Handler</a><BR>
 <LI><a href="#[18]">IRQ18_Handler</a>&nbsp;&nbsp;&nbsp;&rArr;&nbsp;&nbsp;&nbsp;<a href="#[18]">IRQ18_Handler</a><BR>
 <LI><a href="#[19]">IRQ19_Handler</a>&nbsp;&nbsp;&nbsp;&rArr;&nbsp;&nbsp;&nbsp;<a href="#[19]">IRQ19_Handler</a><BR>
 <LI><a href="#[1a]">IRQ20_Handler</a>&nbsp;&nbsp;&nbsp;&rArr;&nbsp;&nbsp;&nbsp;<a href="#[1a]">IRQ20_Handler</a><BR>
 <LI><a href="#[1b]">IRQ21_Handler</a>&nbsp;&nbsp;&nbsp;&rArr;&nbsp;&nbsp;&nbsp;<a href="#[1b]">IRQ21_Handler</a><BR>
 <LI><a href="#[1c]">IRQ22_Handler</a>&nbsp;&nbsp;&nbsp;&rArr;&nbsp;&nbsp;&nbsp;<a href="#[1c]">IRQ22_Handler</a><BR>
 <LI><a href="#[1d]">IRQ23_Handler</a>&nbsp;&nbsp;&nbsp;&rArr;&nbsp;&nbsp;&nbsp;<a href="#[1d]">IRQ23_Handler</a><BR>
 <LI><a href="#[1e]">IRQ24_Handler</a>&nbsp;&nbsp;&nbsp;&rArr;&nbsp;&nbsp;&nbsp;<a href="#[1e]">IRQ24_Handler</a><BR>
 <LI><a href="#[1f]">IRQ25_Handler</a>&nbsp;&nbsp;&nbsp;&rArr;&nbsp;&nbsp;&nbsp;<a href="#[1f]">IRQ25_Handler</a><BR>
 <LI><a href="#[20]">IRQ26_Handler</a>&nbsp;&nbsp;&nbsp;&rArr;&nbsp;&nbsp;&nbsp;<a href="#[20]">IRQ26_Handler</a><BR>
 <LI><a href="#[21]">IRQ27_Handler</a>&nbsp;&nbsp;&nbsp;&rArr;&nbsp;&nbsp;&nbsp;<a href="#[21]">IRQ27_Handler</a><BR>
 <LI><a href="#[22]">IRQ28_Handler</a>&nbsp;&nbsp;&nbsp;&rArr;&nbsp;&nbsp;&nbsp;<a href="#[22]">IRQ28_Handler</a><BR>
 <LI><a href="#[23]">IRQ29_Handler</a>&nbsp;&nbsp;&nbsp;&rArr;&nbsp;&nbsp;&nbsp;<a href="#[23]">IRQ29_Handler</a><BR>
 <LI><a href="#[24]">IRQ30_Handler</a>&nbsp;&nbsp;&nbsp;&rArr;&nbsp;&nbsp;&nbsp;<a href="#[24]">IRQ30_Handler</a><BR>
 <LI><a href="#[25]">IRQ31_Handler</a>&nbsp;&nbsp;&nbsp;&rArr;&nbsp;&nbsp;&nbsp;<a href="#[25]">IRQ31_Handler</a><BR>
</UL>
<P>
<H3>
Function Pointers
</H3><UL>
 <LI><a href="#[2]">HardFault_Handler</a> from startup_swm1800.o(.text) referenced from startup_swm1800.o(RESET)
 <LI><a href="#[6]">IRQ0_Handler</a> from pmsm.o(.text) referenced from startup_swm1800.o(RESET)
 <LI><a href="#[10]">IRQ10_Handler</a> from startup_swm1800.o(.text) referenced from startup_swm1800.o(RESET)
 <LI><a href="#[11]">IRQ11_Handler</a> from startup_swm1800.o(.text) referenced from startup_swm1800.o(RESET)
 <LI><a href="#[12]">IRQ12_Handler</a> from startup_swm1800.o(.text) referenced from startup_swm1800.o(RESET)
 <LI><a href="#[13]">IRQ13_Handler</a> from startup_swm1800.o(.text) referenced from startup_swm1800.o(RESET)
 <LI><a href="#[14]">IRQ14_Handler</a> from startup_swm1800.o(.text) referenced from startup_swm1800.o(RESET)
 <LI><a href="#[15]">IRQ15_Handler</a> from startup_swm1800.o(.text) referenced from startup_swm1800.o(RESET)
 <LI><a href="#[16]">IRQ16_Handler</a> from startup_swm1800.o(.text) referenced from startup_swm1800.o(RESET)
 <LI><a href="#[17]">IRQ17_Handler</a> from startup_swm1800.o(.text) referenced from startup_swm1800.o(RESET)
 <LI><a href="#[18]">IRQ18_Handler</a> from startup_swm1800.o(.text) referenced from startup_swm1800.o(RESET)
 <LI><a href="#[19]">IRQ19_Handler</a> from startup_swm1800.o(.text) referenced from startup_swm1800.o(RESET)
 <LI><a href="#[7]">IRQ1_Handler</a> from pmsm.o(.text) referenced from startup_swm1800.o(RESET)
 <LI><a href="#[1a]">IRQ20_Handler</a> from startup_swm1800.o(.text) referenced from startup_swm1800.o(RESET)
 <LI><a href="#[1b]">IRQ21_Handler</a> from startup_swm1800.o(.text) referenced from startup_swm1800.o(RESET)
 <LI><a href="#[1c]">IRQ22_Handler</a> from startup_swm1800.o(.text) referenced from startup_swm1800.o(RESET)
 <LI><a href="#[1d]">IRQ23_Handler</a> from startup_swm1800.o(.text) referenced from startup_swm1800.o(RESET)
 <LI><a href="#[1e]">IRQ24_Handler</a> from startup_swm1800.o(.text) referenced from startup_swm1800.o(RESET)
 <LI><a href="#[1f]">IRQ25_Handler</a> from startup_swm1800.o(.text) referenced from startup_swm1800.o(RESET)
 <LI><a href="#[20]">IRQ26_Handler</a> from startup_swm1800.o(.text) referenced from startup_swm1800.o(RESET)
 <LI><a href="#[21]">IRQ27_Handler</a> from startup_swm1800.o(.text) referenced from startup_swm1800.o(RESET)
 <LI><a href="#[22]">IRQ28_Handler</a> from startup_swm1800.o(.text) referenced from startup_swm1800.o(RESET)
 <LI><a href="#[23]">IRQ29_Handler</a> from startup_swm1800.o(.text) referenced from startup_swm1800.o(RESET)
 <LI><a href="#[8]">IRQ2_Handler</a> from pmsm.o(.text) referenced from startup_swm1800.o(RESET)
 <LI><a href="#[24]">IRQ30_Handler</a> from startup_swm1800.o(.text) referenced from startup_swm1800.o(RESET)
 <LI><a href="#[25]">IRQ31_Handler</a> from startup_swm1800.o(.text) referenced from startup_swm1800.o(RESET)
 <LI><a href="#[9]">IRQ3_Handler</a> from startup_swm1800.o(.text) referenced from startup_swm1800.o(RESET)
 <LI><a href="#[a]">IRQ4_Handler</a> from pmsm.o(.text) referenced from startup_swm1800.o(RESET)
 <LI><a href="#[b]">IRQ5_Handler</a> from pmsm.o(.text) referenced from startup_swm1800.o(RESET)
 <LI><a href="#[c]">IRQ6_Handler</a> from startup_swm1800.o(.text) referenced from startup_swm1800.o(RESET)
 <LI><a href="#[d]">IRQ7_Handler</a> from startup_swm1800.o(.text) referenced from startup_swm1800.o(RESET)
 <LI><a href="#[e]">IRQ8_Handler</a> from startup_swm1800.o(.text) referenced from startup_swm1800.o(RESET)
 <LI><a href="#[f]">IRQ9_Handler</a> from startup_swm1800.o(.text) referenced from startup_swm1800.o(RESET)
 <LI><a href="#[1]">NMI_Handler</a> from startup_swm1800.o(.text) referenced from startup_swm1800.o(RESET)
 <LI><a href="#[4]">PendSV_Handler</a> from startup_swm1800.o(.text) referenced from startup_swm1800.o(RESET)
 <LI><a href="#[0]">Reset_Handler</a> from startup_swm1800.o(RESET) referenced from startup_swm1800.o(RESET)
 <LI><a href="#[3]">SVC_Handler</a> from startup_swm1800.o(.text) referenced from startup_swm1800.o(RESET)
 <LI><a href="#[5]">SysTick_Handler</a> from startup_swm1800.o(.text) referenced from startup_swm1800.o(RESET)
 <LI><a href="#[26]">__main</a> from entry.o(.ARM.Collect$$$$00000000) referenced from startup_swm1800.o(RESET)
 <LI><a href="#[27]">main</a> from pmsm.o(.text) referenced from entry9a.o(.ARM.Collect$$$$0000000B)
</UL>
<P>
<H3>
Global Symbols
</H3>
<P><STRONG><a name="[0]"></a>Reset_Handler</STRONG> (Thumb, 4 bytes, Stack size 0 bytes, startup_swm1800.o(RESET))
<BR>[Address Reference Count : 1]<UL><LI> startup_swm1800.o(RESET)
</UL>
<P><STRONG><a name="[28]"></a>__Vectors_End</STRONG> (Thumb, 0 bytes, Stack size 0 bytes, startup_swm1800.o(RESET), UNUSED, KEPT)

<P><STRONG><a name="[26]"></a>__main</STRONG> (Thumb, 0 bytes, Stack size unknown bytes, entry.o(.ARM.Collect$$$$00000000))
<BR>[Address Reference Count : 1]<UL><LI> startup_swm1800.o(RESET)
</UL>
<P><STRONG><a name="[7f]"></a>_main_stk</STRONG> (Thumb, 0 bytes, Stack size unknown bytes, entry2.o(.ARM.Collect$$$$00000001))

<P><STRONG><a name="[29]"></a>_main_scatterload</STRONG> (Thumb, 0 bytes, Stack size unknown bytes, entry5.o(.ARM.Collect$$$$00000004))
<BR><BR>[Calls]<UL><LI><a href="#[2a]">&gt;&gt;</a>&nbsp;&nbsp;&nbsp;__scatterload
</UL>

<P><STRONG><a name="[7e]"></a>__main_after_scatterload</STRONG> (Thumb, 0 bytes, Stack size unknown bytes, entry5.o(.ARM.Collect$$$$00000004))
<BR><BR>[Called By]<UL><LI><a href="#[2a]">&gt;&gt;</a>&nbsp;&nbsp;&nbsp;__scatterload
</UL>

<P><STRONG><a name="[80]"></a>_main_clock</STRONG> (Thumb, 0 bytes, Stack size unknown bytes, entry7b.o(.ARM.Collect$$$$00000008))

<P><STRONG><a name="[81]"></a>_main_cpp_init</STRONG> (Thumb, 0 bytes, Stack size unknown bytes, entry8b.o(.ARM.Collect$$$$0000000A))

<P><STRONG><a name="[82]"></a>_main_init</STRONG> (Thumb, 0 bytes, Stack size unknown bytes, entry9a.o(.ARM.Collect$$$$0000000B))

<P><STRONG><a name="[83]"></a>__rt_final_cpp</STRONG> (Thumb, 0 bytes, Stack size unknown bytes, entry10a.o(.ARM.Collect$$$$0000000D))

<P><STRONG><a name="[84]"></a>__rt_final_exit</STRONG> (Thumb, 0 bytes, Stack size unknown bytes, entry11a.o(.ARM.Collect$$$$0000000F))

<P><STRONG><a name="[2d]"></a>SMC_Position_Estimation</STRONG> (Thumb, 412 bytes, Stack size 32 bytes, smc.o(.text))
<BR><BR>[Stack]<UL><LI>Max Depth = 48<LI>Call Chain = SMC_Position_Estimation &rArr; atan2CORDIC
</UL>
<BR>[Calls]<UL><LI><a href="#[2e]">&gt;&gt;</a>&nbsp;&nbsp;&nbsp;DIV_Fun
<LI><a href="#[2f]">&gt;&gt;</a>&nbsp;&nbsp;&nbsp;CalcBEMF
<LI><a href="#[2b]">&gt;&gt;</a>&nbsp;&nbsp;&nbsp;atan2CORDIC
</UL>
<BR>[Called By]<UL><LI><a href="#[5e]">&gt;&gt;</a>&nbsp;&nbsp;&nbsp;CalculateParkAngle
</UL>

<P><STRONG><a name="[55]"></a>SMCInit</STRONG> (Thumb, 38 bytes, Stack size 0 bytes, smc.o(.text))
<BR><BR>[Called By]<UL><LI><a href="#[27]">&gt;&gt;</a>&nbsp;&nbsp;&nbsp;main
</UL>

<P><STRONG><a name="[30]"></a>SetupPorts</STRONG> (Thumb, 204 bytes, Stack size 24 bytes, initmcu.o(.text))
<BR><BR>[Stack]<UL><LI>Max Depth = 84<LI>Call Chain = SetupPorts &rArr; GPIO_Init &rArr; PORT_Init
</UL>
<BR>[Calls]<UL><LI><a href="#[32]">&gt;&gt;</a>&nbsp;&nbsp;&nbsp;PORT_Init
<LI><a href="#[31]">&gt;&gt;</a>&nbsp;&nbsp;&nbsp;GPIO_Init
</UL>
<BR>[Called By]<UL><LI><a href="#[27]">&gt;&gt;</a>&nbsp;&nbsp;&nbsp;main
</UL>

<P><STRONG><a name="[33]"></a>FieldWeakening</STRONG> (Thumb, 66 bytes, Stack size 16 bytes, fdweak.o(.text))
<BR><BR>[Stack]<UL><LI>Max Depth = 28<LI>Call Chain = FieldWeakening &rArr; DIV_Fun
</UL>
<BR>[Calls]<UL><LI><a href="#[2e]">&gt;&gt;</a>&nbsp;&nbsp;&nbsp;DIV_Fun
</UL>
<BR>[Called By]<UL><LI><a href="#[5b]">&gt;&gt;</a>&nbsp;&nbsp;&nbsp;DoControl
</UL>

<P><STRONG><a name="[56]"></a>FWInit</STRONG> (Thumb, 46 bytes, Stack size 0 bytes, fdweak.o(.text))
<BR><BR>[Called By]<UL><LI><a href="#[27]">&gt;&gt;</a>&nbsp;&nbsp;&nbsp;main
</UL>

<P><STRONG><a name="[63]"></a>CalcRefVec</STRONG> (Thumb, 86 bytes, Stack size 8 bytes, calcref.o(.text))
<BR><BR>[Stack]<UL><LI>Max Depth = 8<LI>Call Chain = CalcRefVec
</UL>
<BR>[Called By]<UL><LI><a href="#[6]">&gt;&gt;</a>&nbsp;&nbsp;&nbsp;IRQ0_Handler
</UL>

<P><STRONG><a name="[60]"></a>ClarkePark</STRONG> (Thumb, 90 bytes, Stack size 16 bytes, clrkpark.o(.text))
<BR><BR>[Stack]<UL><LI>Max Depth = 16<LI>Call Chain = ClarkePark
</UL>
<BR>[Called By]<UL><LI><a href="#[6]">&gt;&gt;</a>&nbsp;&nbsp;&nbsp;IRQ0_Handler
</UL>

<P><STRONG><a name="[62]"></a>InvPark</STRONG> (Thumb, 64 bytes, Stack size 16 bytes, invpark.o(.text))
<BR><BR>[Stack]<UL><LI>Max Depth = 16<LI>Call Chain = InvPark
</UL>
<BR>[Called By]<UL><LI><a href="#[6]">&gt;&gt;</a>&nbsp;&nbsp;&nbsp;IRQ0_Handler
</UL>

<P><STRONG><a name="[4d]"></a>InitMeasCompCurr</STRONG> (Thumb, 6 bytes, Stack size 0 bytes, meascurr.o(.text))
<BR><BR>[Called By]<UL><LI><a href="#[45]">&gt;&gt;</a>&nbsp;&nbsp;&nbsp;SetupParm
</UL>

<P><STRONG><a name="[5f]"></a>MeasCompCurr</STRONG> (Thumb, 68 bytes, Stack size 12 bytes, meascurr.o(.text))
<BR><BR>[Stack]<UL><LI>Max Depth = 12<LI>Call Chain = MeasCompCurr
</UL>
<BR>[Called By]<UL><LI><a href="#[6]">&gt;&gt;</a>&nbsp;&nbsp;&nbsp;IRQ0_Handler
</UL>

<P><STRONG><a name="[52]"></a>InitPI</STRONG> (Thumb, 8 bytes, Stack size 0 bytes, pi.o(.text))
<BR><BR>[Called By]<UL><LI><a href="#[51]">&gt;&gt;</a>&nbsp;&nbsp;&nbsp;SetupControlParameters
</UL>

<P><STRONG><a name="[5c]"></a>CalcPI</STRONG> (Thumb, 98 bytes, Stack size 8 bytes, pi.o(.text))
<BR><BR>[Stack]<UL><LI>Max Depth = 8<LI>Call Chain = CalcPI
</UL>
<BR>[Called By]<UL><LI><a href="#[5b]">&gt;&gt;</a>&nbsp;&nbsp;&nbsp;DoControl
</UL>

<P><STRONG><a name="[85]"></a>Cal_PID</STRONG> (Thumb, 62 bytes, Stack size 0 bytes, pi.o(.text), UNUSED)

<P><STRONG><a name="[86]"></a>gabs</STRONG> (Thumb, 8 bytes, Stack size 0 bytes, pi.o(.text), UNUSED)

<P><STRONG><a name="[87]"></a>dutypid</STRONG> (Thumb, 28 bytes, Stack size 12 bytes, svgen.o(.text), UNUSED)

<P><STRONG><a name="[35]"></a>Svpwm_Qua</STRONG> (Thumb, 112 bytes, Stack size 8 bytes, svgen.o(.text), UNUSED)
<BR><BR>[Called By]<UL><LI><a href="#[34]">&gt;&gt;</a>&nbsp;&nbsp;&nbsp;Svpwm_Duty
</UL>

<P><STRONG><a name="[36]"></a>math_cal_0</STRONG> (Thumb, 42 bytes, Stack size 12 bytes, svgen.o(.text), UNUSED)
<BR><BR>[Called By]<UL><LI><a href="#[34]">&gt;&gt;</a>&nbsp;&nbsp;&nbsp;Svpwm_Duty
</UL>

<P><STRONG><a name="[34]"></a>Svpwm_Duty</STRONG> (Thumb, 142 bytes, Stack size 48 bytes, svgen.o(.text), UNUSED)
<BR><BR>[Calls]<UL><LI><a href="#[36]">&gt;&gt;</a>&nbsp;&nbsp;&nbsp;math_cal_0
<LI><a href="#[35]">&gt;&gt;</a>&nbsp;&nbsp;&nbsp;Svpwm_Qua
<LI><a href="#[2e]">&gt;&gt;</a>&nbsp;&nbsp;&nbsp;DIV_Fun
</UL>

<P><STRONG><a name="[37]"></a>Svpwm_Cal</STRONG> (Thumb, 192 bytes, Stack size 12 bytes, svgen.o(.text), UNUSED)
<BR><BR>[Calls]<UL><LI><a href="#[38]">&gt;&gt;</a>&nbsp;&nbsp;&nbsp;__ARM_common_switch8
</UL>

<P><STRONG><a name="[39]"></a>CalcTimes</STRONG> (Thumb, 134 bytes, Stack size 24 bytes, svgen.o(.text))
<BR><BR>[Stack]<UL><LI>Max Depth = 52<LI>Call Chain = CalcTimes &rArr; __aeabi_idivmod &rArr; __aeabi_uidivmod
</UL>
<BR>[Calls]<UL><LI><a href="#[3a]">&gt;&gt;</a>&nbsp;&nbsp;&nbsp;__aeabi_idivmod
</UL>
<BR>[Called By]<UL><LI><a href="#[3b]">&gt;&gt;</a>&nbsp;&nbsp;&nbsp;CalcSVGen
</UL>

<P><STRONG><a name="[3b]"></a>CalcSVGen</STRONG> (Thumb, 254 bytes, Stack size 24 bytes, svgen.o(.text))
<BR><BR>[Stack]<UL><LI>Max Depth = 76<LI>Call Chain = CalcSVGen &rArr; CalcTimes &rArr; __aeabi_idivmod &rArr; __aeabi_uidivmod
</UL>
<BR>[Calls]<UL><LI><a href="#[39]">&gt;&gt;</a>&nbsp;&nbsp;&nbsp;CalcTimes
</UL>
<BR>[Called By]<UL><LI><a href="#[6]">&gt;&gt;</a>&nbsp;&nbsp;&nbsp;IRQ0_Handler
</UL>

<P><STRONG><a name="[61]"></a>SinCos</STRONG> (Thumb, 96 bytes, Stack size 12 bytes, trig.o(.text))
<BR><BR>[Stack]<UL><LI>Max Depth = 12<LI>Call Chain = SinCos
</UL>
<BR>[Called By]<UL><LI><a href="#[6]">&gt;&gt;</a>&nbsp;&nbsp;&nbsp;IRQ0_Handler
</UL>

<P><STRONG><a name="[5d]"></a>sqrt_16</STRONG> (Thumb, 32 bytes, Stack size 0 bytes, trig.o(.text))
<BR><BR>[Called By]<UL><LI><a href="#[5b]">&gt;&gt;</a>&nbsp;&nbsp;&nbsp;DoControl
</UL>

<P><STRONG><a name="[2e]"></a>DIV_Fun</STRONG> (Thumb, 82 bytes, Stack size 12 bytes, trig.o(.text))
<BR><BR>[Stack]<UL><LI>Max Depth = 12<LI>Call Chain = DIV_Fun
</UL>
<BR>[Called By]<UL><LI><a href="#[34]">&gt;&gt;</a>&nbsp;&nbsp;&nbsp;Svpwm_Duty
<LI><a href="#[33]">&gt;&gt;</a>&nbsp;&nbsp;&nbsp;FieldWeakening
<LI><a href="#[2d]">&gt;&gt;</a>&nbsp;&nbsp;&nbsp;SMC_Position_Estimation
</UL>

<P><STRONG><a name="[3c]"></a>UartInit</STRONG> (Thumb, 74 bytes, Stack size 24 bytes, pmsm.o(.text), UNUSED)
<BR><BR>[Calls]<UL><LI><a href="#[3f]">&gt;&gt;</a>&nbsp;&nbsp;&nbsp;UART_Open
<LI><a href="#[3d]">&gt;&gt;</a>&nbsp;&nbsp;&nbsp;UART_Init
<LI><a href="#[3e]">&gt;&gt;</a>&nbsp;&nbsp;&nbsp;IRQ_Connect
<LI><a href="#[32]">&gt;&gt;</a>&nbsp;&nbsp;&nbsp;PORT_Init
</UL>

<P><STRONG><a name="[44]"></a>_CRC16</STRONG> (Thumb, 62 bytes, Stack size 20 bytes, pmsm.o(.text))
<BR><BR>[Stack]<UL><LI>Max Depth = 20<LI>Call Chain = _CRC16
</UL>
<BR>[Called By]<UL><LI><a href="#[43]">&gt;&gt;</a>&nbsp;&nbsp;&nbsp;Communication
</UL>

<P><STRONG><a name="[40]"></a>uart_putstring2</STRONG> (Thumb, 36 bytes, Stack size 16 bytes, pmsm.o(.text))
<BR><BR>[Stack]<UL><LI>Max Depth = 16<LI>Call Chain = uart_putstring2
</UL>
<BR>[Calls]<UL><LI><a href="#[41]">&gt;&gt;</a>&nbsp;&nbsp;&nbsp;UART_WriteByte
<LI><a href="#[42]">&gt;&gt;</a>&nbsp;&nbsp;&nbsp;UART_IsTXFIFOFull
</UL>
<BR>[Called By]<UL><LI><a href="#[43]">&gt;&gt;</a>&nbsp;&nbsp;&nbsp;Communication
</UL>

<P><STRONG><a name="[43]"></a>Communication</STRONG> (Thumb, 62 bytes, Stack size 24 bytes, pmsm.o(.text))
<BR><BR>[Stack]<UL><LI>Max Depth = 44<LI>Call Chain = Communication &rArr; _CRC16
</UL>
<BR>[Calls]<UL><LI><a href="#[40]">&gt;&gt;</a>&nbsp;&nbsp;&nbsp;uart_putstring2
<LI><a href="#[44]">&gt;&gt;</a>&nbsp;&nbsp;&nbsp;_CRC16
</UL>
<BR>[Called By]<UL><LI><a href="#[27]">&gt;&gt;</a>&nbsp;&nbsp;&nbsp;main
</UL>

<P><STRONG><a name="[45]"></a>SetupParm</STRONG> (Thumb, 450 bytes, Stack size 48 bytes, pmsm.o(.text))
<BR><BR>[Stack]<UL><LI>Max Depth = 68<LI>Call Chain = SetupParm &rArr; PWM_Init
</UL>
<BR>[Calls]<UL><LI><a href="#[4a]">&gt;&gt;</a>&nbsp;&nbsp;&nbsp;TIMR_Start
<LI><a href="#[47]">&gt;&gt;</a>&nbsp;&nbsp;&nbsp;TIMR_Init
<LI><a href="#[46]">&gt;&gt;</a>&nbsp;&nbsp;&nbsp;PWM_Init
<LI><a href="#[3e]">&gt;&gt;</a>&nbsp;&nbsp;&nbsp;IRQ_Connect
<LI><a href="#[4b]">&gt;&gt;</a>&nbsp;&nbsp;&nbsp;ADC_Start
<LI><a href="#[49]">&gt;&gt;</a>&nbsp;&nbsp;&nbsp;ADC_Open
<LI><a href="#[48]">&gt;&gt;</a>&nbsp;&nbsp;&nbsp;ADC_Init
<LI><a href="#[4d]">&gt;&gt;</a>&nbsp;&nbsp;&nbsp;InitMeasCompCurr
<LI><a href="#[4c]">&gt;&gt;</a>&nbsp;&nbsp;&nbsp;__aeabi_uidivmod
</UL>
<BR>[Called By]<UL><LI><a href="#[27]">&gt;&gt;</a>&nbsp;&nbsp;&nbsp;main
</UL>

<P><STRONG><a name="[4e]"></a>CountInputFreq_Init</STRONG> (Thumb, 66 bytes, Stack size 16 bytes, pmsm.o(.text))
<BR><BR>[Stack]<UL><LI>Max Depth = 76<LI>Call Chain = CountInputFreq_Init &rArr; GPIO_Init &rArr; PORT_Init
</UL>
<BR>[Calls]<UL><LI><a href="#[47]">&gt;&gt;</a>&nbsp;&nbsp;&nbsp;TIMR_Init
<LI><a href="#[3e]">&gt;&gt;</a>&nbsp;&nbsp;&nbsp;IRQ_Connect
<LI><a href="#[50]">&gt;&gt;</a>&nbsp;&nbsp;&nbsp;EXTI_Open
<LI><a href="#[4f]">&gt;&gt;</a>&nbsp;&nbsp;&nbsp;EXTI_Init
<LI><a href="#[31]">&gt;&gt;</a>&nbsp;&nbsp;&nbsp;GPIO_Init
</UL>
<BR>[Called By]<UL><LI><a href="#[27]">&gt;&gt;</a>&nbsp;&nbsp;&nbsp;main
</UL>

<P><STRONG><a name="[51]"></a>SetupControlParameters</STRONG> (Thumb, 122 bytes, Stack size 24 bytes, pmsm.o(.text))
<BR><BR>[Stack]<UL><LI>Max Depth = 24<LI>Call Chain = SetupControlParameters
</UL>
<BR>[Calls]<UL><LI><a href="#[52]">&gt;&gt;</a>&nbsp;&nbsp;&nbsp;InitPI
</UL>
<BR>[Called By]<UL><LI><a href="#[27]">&gt;&gt;</a>&nbsp;&nbsp;&nbsp;main
</UL>

<P><STRONG><a name="[27]"></a>main</STRONG> (Thumb, 324 bytes, Stack size 24 bytes, pmsm.o(.text))
<BR><BR>[Stack]<UL><LI>Max Depth = 108<LI>Call Chain = main &rArr; SetupPorts &rArr; GPIO_Init &rArr; PORT_Init
</UL>
<BR>[Calls]<UL><LI><a href="#[57]">&gt;&gt;</a>&nbsp;&nbsp;&nbsp;__aeabi_i2f
<LI><a href="#[5a]">&gt;&gt;</a>&nbsp;&nbsp;&nbsp;__aeabi_fmul
<LI><a href="#[58]">&gt;&gt;</a>&nbsp;&nbsp;&nbsp;__aeabi_fdiv
<LI><a href="#[59]">&gt;&gt;</a>&nbsp;&nbsp;&nbsp;__aeabi_f2iz
<LI><a href="#[53]">&gt;&gt;</a>&nbsp;&nbsp;&nbsp;SystemInit
<LI><a href="#[54]">&gt;&gt;</a>&nbsp;&nbsp;&nbsp;CORDIC_Init
<LI><a href="#[51]">&gt;&gt;</a>&nbsp;&nbsp;&nbsp;SetupControlParameters
<LI><a href="#[4e]">&gt;&gt;</a>&nbsp;&nbsp;&nbsp;CountInputFreq_Init
<LI><a href="#[45]">&gt;&gt;</a>&nbsp;&nbsp;&nbsp;SetupParm
<LI><a href="#[43]">&gt;&gt;</a>&nbsp;&nbsp;&nbsp;Communication
<LI><a href="#[56]">&gt;&gt;</a>&nbsp;&nbsp;&nbsp;FWInit
<LI><a href="#[30]">&gt;&gt;</a>&nbsp;&nbsp;&nbsp;SetupPorts
<LI><a href="#[55]">&gt;&gt;</a>&nbsp;&nbsp;&nbsp;SMCInit
</UL>
<BR>[Address Reference Count : 1]<UL><LI> entry9a.o(.ARM.Collect$$$$0000000B)
</UL>
<P><STRONG><a name="[5b]"></a>DoControl</STRONG> (Thumb, 396 bytes, Stack size 24 bytes, pmsm.o(.text))
<BR><BR>[Stack]<UL><LI>Max Depth = 52<LI>Call Chain = DoControl &rArr; FieldWeakening &rArr; DIV_Fun
</UL>
<BR>[Calls]<UL><LI><a href="#[4a]">&gt;&gt;</a>&nbsp;&nbsp;&nbsp;TIMR_Start
<LI><a href="#[5d]">&gt;&gt;</a>&nbsp;&nbsp;&nbsp;sqrt_16
<LI><a href="#[5c]">&gt;&gt;</a>&nbsp;&nbsp;&nbsp;CalcPI
<LI><a href="#[33]">&gt;&gt;</a>&nbsp;&nbsp;&nbsp;FieldWeakening
</UL>
<BR>[Called By]<UL><LI><a href="#[6]">&gt;&gt;</a>&nbsp;&nbsp;&nbsp;IRQ0_Handler
</UL>

<P><STRONG><a name="[5e]"></a>CalculateParkAngle</STRONG> (Thumb, 246 bytes, Stack size 24 bytes, pmsm.o(.text))
<BR><BR>[Stack]<UL><LI>Max Depth = 72<LI>Call Chain = CalculateParkAngle &rArr; SMC_Position_Estimation &rArr; atan2CORDIC
</UL>
<BR>[Calls]<UL><LI><a href="#[2d]">&gt;&gt;</a>&nbsp;&nbsp;&nbsp;SMC_Position_Estimation
</UL>
<BR>[Called By]<UL><LI><a href="#[6]">&gt;&gt;</a>&nbsp;&nbsp;&nbsp;IRQ0_Handler
</UL>

<P><STRONG><a name="[6]"></a>IRQ0_Handler</STRONG> (Thumb, 92 bytes, Stack size 8 bytes, pmsm.o(.text))
<BR><BR>[Stack]<UL><LI>Max Depth = 84<LI>Call Chain = IRQ0_Handler &rArr; CalcSVGen &rArr; CalcTimes &rArr; __aeabi_idivmod &rArr; __aeabi_uidivmod
</UL>
<BR>[Calls]<UL><LI><a href="#[5e]">&gt;&gt;</a>&nbsp;&nbsp;&nbsp;CalculateParkAngle
<LI><a href="#[5b]">&gt;&gt;</a>&nbsp;&nbsp;&nbsp;DoControl
<LI><a href="#[61]">&gt;&gt;</a>&nbsp;&nbsp;&nbsp;SinCos
<LI><a href="#[3b]">&gt;&gt;</a>&nbsp;&nbsp;&nbsp;CalcSVGen
<LI><a href="#[5f]">&gt;&gt;</a>&nbsp;&nbsp;&nbsp;MeasCompCurr
<LI><a href="#[62]">&gt;&gt;</a>&nbsp;&nbsp;&nbsp;InvPark
<LI><a href="#[60]">&gt;&gt;</a>&nbsp;&nbsp;&nbsp;ClarkePark
<LI><a href="#[63]">&gt;&gt;</a>&nbsp;&nbsp;&nbsp;CalcRefVec
</UL>
<BR>[Address Reference Count : 1]<UL><LI> startup_swm1800.o(RESET)
</UL>
<P><STRONG><a name="[7]"></a>IRQ1_Handler</STRONG> (Thumb, 178 bytes, Stack size 24 bytes, pmsm.o(.text))
<BR><BR>[Stack]<UL><LI>Max Depth = 24<LI>Call Chain = IRQ1_Handler
</UL>
<BR>[Calls]<UL><LI><a href="#[64]">&gt;&gt;</a>&nbsp;&nbsp;&nbsp;TIMR_Stop
<LI><a href="#[65]">&gt;&gt;</a>&nbsp;&nbsp;&nbsp;TIMR_INTClr
<LI><a href="#[66]">&gt;&gt;</a>&nbsp;&nbsp;&nbsp;GPIO_InvBit
</UL>
<BR>[Address Reference Count : 1]<UL><LI> startup_swm1800.o(RESET)
</UL>
<P><STRONG><a name="[8]"></a>IRQ2_Handler</STRONG> (Thumb, 110 bytes, Stack size 16 bytes, pmsm.o(.text))
<BR><BR>[Stack]<UL><LI>Max Depth = 16<LI>Call Chain = IRQ2_Handler
</UL>
<BR>[Calls]<UL><LI><a href="#[67]">&gt;&gt;</a>&nbsp;&nbsp;&nbsp;UART_ReadByte
</UL>
<BR>[Address Reference Count : 1]<UL><LI> startup_swm1800.o(RESET)
</UL>
<P><STRONG><a name="[b]"></a>IRQ5_Handler</STRONG> (Thumb, 98 bytes, Stack size 16 bytes, pmsm.o(.text))
<BR><BR>[Stack]<UL><LI>Max Depth = 24<LI>Call Chain = IRQ5_Handler &rArr; ADC_IntEOCClr
</UL>
<BR>[Calls]<UL><LI><a href="#[68]">&gt;&gt;</a>&nbsp;&nbsp;&nbsp;ADC_IntEOCClr
</UL>
<BR>[Address Reference Count : 1]<UL><LI> startup_swm1800.o(RESET)
</UL>
<P><STRONG><a name="[a]"></a>IRQ4_Handler</STRONG> (Thumb, 66 bytes, Stack size 16 bytes, pmsm.o(.text))
<BR><BR>[Stack]<UL><LI>Max Depth = 16<LI>Call Chain = IRQ4_Handler
</UL>
<BR>[Calls]<UL><LI><a href="#[64]">&gt;&gt;</a>&nbsp;&nbsp;&nbsp;TIMR_Stop
<LI><a href="#[4a]">&gt;&gt;</a>&nbsp;&nbsp;&nbsp;TIMR_Start
<LI><a href="#[69]">&gt;&gt;</a>&nbsp;&nbsp;&nbsp;EXTI_Clear
</UL>
<BR>[Address Reference Count : 1]<UL><LI> startup_swm1800.o(RESET)
</UL>
<P><STRONG><a name="[88]"></a>DebounceDelay</STRONG> (Thumb, 12 bytes, Stack size 0 bytes, pmsm.o(.text), UNUSED)

<P><STRONG><a name="[6a]"></a>VoltRippleComp</STRONG> (Thumb, 44 bytes, Stack size 16 bytes, pmsm.o(.text), UNUSED)
<BR><BR>[Calls]<UL><LI><a href="#[3a]">&gt;&gt;</a>&nbsp;&nbsp;&nbsp;__aeabi_idivmod
</UL>

<P><STRONG><a name="[6b]"></a>CountInputFreq</STRONG> (Thumb, 18 bytes, Stack size 8 bytes, pmsm.o(.text), UNUSED)
<BR><BR>[Calls]<UL><LI><a href="#[3a]">&gt;&gt;</a>&nbsp;&nbsp;&nbsp;__aeabi_idivmod
</UL>
<BR>[Called By]<UL><LI><a href="#[6c]">&gt;&gt;</a>&nbsp;&nbsp;&nbsp;calculate_rotate_speed
</UL>

<P><STRONG><a name="[6c]"></a>calculate_rotate_speed</STRONG> (Thumb, 32 bytes, Stack size 8 bytes, pmsm.o(.text), UNUSED)
<BR><BR>[Calls]<UL><LI><a href="#[6b]">&gt;&gt;</a>&nbsp;&nbsp;&nbsp;CountInputFreq
</UL>

<P><STRONG><a name="[89]"></a>ADC_Close</STRONG> (Thumb, 12 bytes, Stack size 0 bytes, swm1800_adc.o(.text), UNUSED)

<P><STRONG><a name="[48]"></a>ADC_Init</STRONG> (Thumb, 242 bytes, Stack size 8 bytes, swm1800_adc.o(.text))
<BR><BR>[Stack]<UL><LI>Max Depth = 8<LI>Call Chain = ADC_Init
</UL>
<BR>[Called By]<UL><LI><a href="#[45]">&gt;&gt;</a>&nbsp;&nbsp;&nbsp;SetupParm
</UL>

<P><STRONG><a name="[49]"></a>ADC_Open</STRONG> (Thumb, 12 bytes, Stack size 0 bytes, swm1800_adc.o(.text))
<BR><BR>[Called By]<UL><LI><a href="#[45]">&gt;&gt;</a>&nbsp;&nbsp;&nbsp;SetupParm
</UL>

<P><STRONG><a name="[4b]"></a>ADC_Start</STRONG> (Thumb, 6 bytes, Stack size 0 bytes, swm1800_adc.o(.text))
<BR><BR>[Called By]<UL><LI><a href="#[45]">&gt;&gt;</a>&nbsp;&nbsp;&nbsp;SetupParm
</UL>

<P><STRONG><a name="[8a]"></a>ADC_Stop</STRONG> (Thumb, 10 bytes, Stack size 0 bytes, swm1800_adc.o(.text), UNUSED)

<P><STRONG><a name="[6d]"></a>ADC_Read</STRONG> (Thumb, 22 bytes, Stack size 8 bytes, swm1800_adc.o(.text), UNUSED)
<BR><BR>[Calls]<UL><LI><a href="#[6e]">&gt;&gt;</a>&nbsp;&nbsp;&nbsp;chn2idx
</UL>

<P><STRONG><a name="[6f]"></a>ADC_IsEOC</STRONG> (Thumb, 22 bytes, Stack size 8 bytes, swm1800_adc.o(.text), UNUSED)
<BR><BR>[Calls]<UL><LI><a href="#[6e]">&gt;&gt;</a>&nbsp;&nbsp;&nbsp;chn2idx
</UL>

<P><STRONG><a name="[8b]"></a>ADC_ChnOpen</STRONG> (Thumb, 8 bytes, Stack size 0 bytes, swm1800_adc.o(.text), UNUSED)

<P><STRONG><a name="[8c]"></a>ADC_ChnClose</STRONG> (Thumb, 8 bytes, Stack size 0 bytes, swm1800_adc.o(.text), UNUSED)

<P><STRONG><a name="[70]"></a>ADC_IntEOCEn</STRONG> (Thumb, 24 bytes, Stack size 8 bytes, swm1800_adc.o(.text), UNUSED)
<BR><BR>[Calls]<UL><LI><a href="#[6e]">&gt;&gt;</a>&nbsp;&nbsp;&nbsp;chn2idx
</UL>

<P><STRONG><a name="[71]"></a>ADC_IntEOCDis</STRONG> (Thumb, 24 bytes, Stack size 8 bytes, swm1800_adc.o(.text), UNUSED)
<BR><BR>[Calls]<UL><LI><a href="#[6e]">&gt;&gt;</a>&nbsp;&nbsp;&nbsp;chn2idx
</UL>

<P><STRONG><a name="[68]"></a>ADC_IntEOCClr</STRONG> (Thumb, 20 bytes, Stack size 8 bytes, swm1800_adc.o(.text))
<BR><BR>[Stack]<UL><LI>Max Depth = 8<LI>Call Chain = ADC_IntEOCClr
</UL>
<BR>[Calls]<UL><LI><a href="#[6e]">&gt;&gt;</a>&nbsp;&nbsp;&nbsp;chn2idx
</UL>
<BR>[Called By]<UL><LI><a href="#[b]">&gt;&gt;</a>&nbsp;&nbsp;&nbsp;IRQ5_Handler
</UL>

<P><STRONG><a name="[72]"></a>ADC_IntEOCStat</STRONG> (Thumb, 30 bytes, Stack size 8 bytes, swm1800_adc.o(.text), UNUSED)
<BR><BR>[Calls]<UL><LI><a href="#[6e]">&gt;&gt;</a>&nbsp;&nbsp;&nbsp;chn2idx
</UL>

<P><STRONG><a name="[73]"></a>ADC_IntOVFEn</STRONG> (Thumb, 26 bytes, Stack size 8 bytes, swm1800_adc.o(.text), UNUSED)
<BR><BR>[Calls]<UL><LI><a href="#[6e]">&gt;&gt;</a>&nbsp;&nbsp;&nbsp;chn2idx
</UL>

<P><STRONG><a name="[74]"></a>ADC_IntOVFDis</STRONG> (Thumb, 26 bytes, Stack size 8 bytes, swm1800_adc.o(.text), UNUSED)
<BR><BR>[Calls]<UL><LI><a href="#[6e]">&gt;&gt;</a>&nbsp;&nbsp;&nbsp;chn2idx
</UL>

<P><STRONG><a name="[75]"></a>ADC_IntOVFClr</STRONG> (Thumb, 22 bytes, Stack size 8 bytes, swm1800_adc.o(.text), UNUSED)
<BR><BR>[Calls]<UL><LI><a href="#[6e]">&gt;&gt;</a>&nbsp;&nbsp;&nbsp;chn2idx
</UL>

<P><STRONG><a name="[76]"></a>ADC_IntOVFStat</STRONG> (Thumb, 32 bytes, Stack size 8 bytes, swm1800_adc.o(.text), UNUSED)
<BR><BR>[Calls]<UL><LI><a href="#[6e]">&gt;&gt;</a>&nbsp;&nbsp;&nbsp;chn2idx
</UL>

<P><STRONG><a name="[54]"></a>CORDIC_Init</STRONG> (Thumb, 28 bytes, Stack size 8 bytes, swm1800_cordic.o(.text))
<BR><BR>[Stack]<UL><LI>Max Depth = 8<LI>Call Chain = CORDIC_Init
</UL>
<BR>[Calls]<UL><LI><a href="#[77]">&gt;&gt;</a>&nbsp;&nbsp;&nbsp;DIV_Init
</UL>
<BR>[Called By]<UL><LI><a href="#[27]">&gt;&gt;</a>&nbsp;&nbsp;&nbsp;main
</UL>

<P><STRONG><a name="[77]"></a>DIV_Init</STRONG> (Thumb, 20 bytes, Stack size 0 bytes, swm1800_div.o(.text))
<BR><BR>[Called By]<UL><LI><a href="#[54]">&gt;&gt;</a>&nbsp;&nbsp;&nbsp;CORDIC_Init
</UL>

<P><STRONG><a name="[69]"></a>EXTI_Clear</STRONG> (Thumb, 8 bytes, Stack size 0 bytes, swm1800_exti.o(.text))
<BR><BR>[Called By]<UL><LI><a href="#[a]">&gt;&gt;</a>&nbsp;&nbsp;&nbsp;IRQ4_Handler
</UL>

<P><STRONG><a name="[4f]"></a>EXTI_Init</STRONG> (Thumb, 60 bytes, Stack size 8 bytes, swm1800_exti.o(.text))
<BR><BR>[Stack]<UL><LI>Max Depth = 8<LI>Call Chain = EXTI_Init
</UL>
<BR>[Called By]<UL><LI><a href="#[4e]">&gt;&gt;</a>&nbsp;&nbsp;&nbsp;CountInputFreq_Init
</UL>

<P><STRONG><a name="[50]"></a>EXTI_Open</STRONG> (Thumb, 12 bytes, Stack size 0 bytes, swm1800_exti.o(.text))
<BR><BR>[Called By]<UL><LI><a href="#[4e]">&gt;&gt;</a>&nbsp;&nbsp;&nbsp;CountInputFreq_Init
</UL>

<P><STRONG><a name="[8d]"></a>EXTI_Close</STRONG> (Thumb, 12 bytes, Stack size 0 bytes, swm1800_exti.o(.text), UNUSED)

<P><STRONG><a name="[8e]"></a>EXTI_State</STRONG> (Thumb, 10 bytes, Stack size 0 bytes, swm1800_exti.o(.text), UNUSED)

<P><STRONG><a name="[8f]"></a>EXTI_RawState</STRONG> (Thumb, 10 bytes, Stack size 0 bytes, swm1800_exti.o(.text), UNUSED)

<P><STRONG><a name="[31]"></a>GPIO_Init</STRONG> (Thumb, 234 bytes, Stack size 40 bytes, swm1800_gpio.o(.text))
<BR><BR>[Stack]<UL><LI>Max Depth = 60<LI>Call Chain = GPIO_Init &rArr; PORT_Init
</UL>
<BR>[Calls]<UL><LI><a href="#[32]">&gt;&gt;</a>&nbsp;&nbsp;&nbsp;PORT_Init
</UL>
<BR>[Called By]<UL><LI><a href="#[4e]">&gt;&gt;</a>&nbsp;&nbsp;&nbsp;CountInputFreq_Init
<LI><a href="#[30]">&gt;&gt;</a>&nbsp;&nbsp;&nbsp;SetupPorts
</UL>

<P><STRONG><a name="[90]"></a>GPIO_SetBit</STRONG> (Thumb, 12 bytes, Stack size 0 bytes, swm1800_gpio.o(.text), UNUSED)

<P><STRONG><a name="[91]"></a>GPIO_ClrBit</STRONG> (Thumb, 12 bytes, Stack size 0 bytes, swm1800_gpio.o(.text), UNUSED)

<P><STRONG><a name="[66]"></a>GPIO_InvBit</STRONG> (Thumb, 12 bytes, Stack size 0 bytes, swm1800_gpio.o(.text))
<BR><BR>[Called By]<UL><LI><a href="#[7]">&gt;&gt;</a>&nbsp;&nbsp;&nbsp;IRQ1_Handler
</UL>

<P><STRONG><a name="[92]"></a>GPIO_GetBit</STRONG> (Thumb, 10 bytes, Stack size 0 bytes, swm1800_gpio.o(.text), UNUSED)

<P><STRONG><a name="[93]"></a>GPIO_SetBits</STRONG> (Thumb, 18 bytes, Stack size 0 bytes, swm1800_gpio.o(.text), UNUSED)

<P><STRONG><a name="[94]"></a>GPIO_ClrBits</STRONG> (Thumb, 18 bytes, Stack size 0 bytes, swm1800_gpio.o(.text), UNUSED)

<P><STRONG><a name="[95]"></a>GPIO_InvBits</STRONG> (Thumb, 18 bytes, Stack size 0 bytes, swm1800_gpio.o(.text), UNUSED)

<P><STRONG><a name="[96]"></a>GPIO_GetBits</STRONG> (Thumb, 16 bytes, Stack size 0 bytes, swm1800_gpio.o(.text), UNUSED)

<P><STRONG><a name="[3e]"></a>IRQ_Connect</STRONG> (Thumb, 150 bytes, Stack size 12 bytes, swm1800_irqmux.o(.text))
<BR><BR>[Stack]<UL><LI>Max Depth = 12<LI>Call Chain = IRQ_Connect
</UL>
<BR>[Called By]<UL><LI><a href="#[4e]">&gt;&gt;</a>&nbsp;&nbsp;&nbsp;CountInputFreq_Init
<LI><a href="#[45]">&gt;&gt;</a>&nbsp;&nbsp;&nbsp;SetupParm
<LI><a href="#[3c]">&gt;&gt;</a>&nbsp;&nbsp;&nbsp;UartInit
</UL>

<P><STRONG><a name="[97]"></a>IRQ_Which</STRONG> (Thumb, 50 bytes, Stack size 0 bytes, swm1800_irqmux.o(.text), UNUSED)

<P><STRONG><a name="[32]"></a>PORT_Init</STRONG> (Thumb, 372 bytes, Stack size 20 bytes, swm1800_port.o(.text))
<BR><BR>[Stack]<UL><LI>Max Depth = 20<LI>Call Chain = PORT_Init
</UL>
<BR>[Called By]<UL><LI><a href="#[3c]">&gt;&gt;</a>&nbsp;&nbsp;&nbsp;UartInit
<LI><a href="#[31]">&gt;&gt;</a>&nbsp;&nbsp;&nbsp;GPIO_Init
<LI><a href="#[30]">&gt;&gt;</a>&nbsp;&nbsp;&nbsp;SetupPorts
</UL>

<P><STRONG><a name="[78]"></a>PWM_Stop</STRONG> (Thumb, 64 bytes, Stack size 0 bytes, swm1800_pwm.o(.text))
<BR><BR>[Called By]<UL><LI><a href="#[46]">&gt;&gt;</a>&nbsp;&nbsp;&nbsp;PWM_Init
</UL>

<P><STRONG><a name="[46]"></a>PWM_Init</STRONG> (Thumb, 194 bytes, Stack size 20 bytes, swm1800_pwm.o(.text))
<BR><BR>[Stack]<UL><LI>Max Depth = 20<LI>Call Chain = PWM_Init
</UL>
<BR>[Calls]<UL><LI><a href="#[78]">&gt;&gt;</a>&nbsp;&nbsp;&nbsp;PWM_Stop
</UL>
<BR>[Called By]<UL><LI><a href="#[45]">&gt;&gt;</a>&nbsp;&nbsp;&nbsp;SetupParm
</UL>

<P><STRONG><a name="[98]"></a>PWM_Start</STRONG> (Thumb, 56 bytes, Stack size 0 bytes, swm1800_pwm.o(.text), UNUSED)

<P><STRONG><a name="[99]"></a>PWM_SetCycle</STRONG> (Thumb, 16 bytes, Stack size 0 bytes, swm1800_pwm.o(.text), UNUSED)

<P><STRONG><a name="[9a]"></a>PWM_GetCycle</STRONG> (Thumb, 22 bytes, Stack size 0 bytes, swm1800_pwm.o(.text), UNUSED)

<P><STRONG><a name="[9b]"></a>PWM_SetHDuty</STRONG> (Thumb, 16 bytes, Stack size 0 bytes, swm1800_pwm.o(.text), UNUSED)

<P><STRONG><a name="[9c]"></a>PWM_GetHDuty</STRONG> (Thumb, 22 bytes, Stack size 0 bytes, swm1800_pwm.o(.text), UNUSED)

<P><STRONG><a name="[9d]"></a>PWM_SetDeadzone</STRONG> (Thumb, 16 bytes, Stack size 0 bytes, swm1800_pwm.o(.text), UNUSED)

<P><STRONG><a name="[9e]"></a>PWM_GetDeadzone</STRONG> (Thumb, 22 bytes, Stack size 0 bytes, swm1800_pwm.o(.text), UNUSED)

<P><STRONG><a name="[9f]"></a>PWM_IntNCycleEn</STRONG> (Thumb, 80 bytes, Stack size 0 bytes, swm1800_pwm.o(.text), UNUSED)

<P><STRONG><a name="[a0]"></a>PWM_IntNCycleDis</STRONG> (Thumb, 82 bytes, Stack size 0 bytes, swm1800_pwm.o(.text), UNUSED)

<P><STRONG><a name="[a1]"></a>PWM_IntNCycleClr</STRONG> (Thumb, 70 bytes, Stack size 0 bytes, swm1800_pwm.o(.text), UNUSED)

<P><STRONG><a name="[a2]"></a>PWM_IntNCycleStat</STRONG> (Thumb, 84 bytes, Stack size 0 bytes, swm1800_pwm.o(.text), UNUSED)

<P><STRONG><a name="[a3]"></a>PWM_IntHEndEn</STRONG> (Thumb, 96 bytes, Stack size 0 bytes, swm1800_pwm.o(.text), UNUSED)

<P><STRONG><a name="[a4]"></a>PWM_IntHEndDis</STRONG> (Thumb, 96 bytes, Stack size 0 bytes, swm1800_pwm.o(.text), UNUSED)

<P><STRONG><a name="[a5]"></a>PWM_IntHEndClr</STRONG> (Thumb, 96 bytes, Stack size 0 bytes, swm1800_pwm.o(.text), UNUSED)

<P><STRONG><a name="[a6]"></a>PWM_IntHEndStat</STRONG> (Thumb, 98 bytes, Stack size 0 bytes, swm1800_pwm.o(.text), UNUSED)

<P><STRONG><a name="[65]"></a>TIMR_INTClr</STRONG> (Thumb, 38 bytes, Stack size 0 bytes, swm1800_timr.o(.text))
<BR><BR>[Called By]<UL><LI><a href="#[47]">&gt;&gt;</a>&nbsp;&nbsp;&nbsp;TIMR_Init
<LI><a href="#[7]">&gt;&gt;</a>&nbsp;&nbsp;&nbsp;IRQ1_Handler
</UL>

<P><STRONG><a name="[64]"></a>TIMR_Stop</STRONG> (Thumb, 10 bytes, Stack size 0 bytes, swm1800_timr.o(.text))
<BR><BR>[Called By]<UL><LI><a href="#[a]">&gt;&gt;</a>&nbsp;&nbsp;&nbsp;IRQ4_Handler
<LI><a href="#[7]">&gt;&gt;</a>&nbsp;&nbsp;&nbsp;IRQ1_Handler
</UL>

<P><STRONG><a name="[47]"></a>TIMR_Init</STRONG> (Thumb, 152 bytes, Stack size 16 bytes, swm1800_timr.o(.text))
<BR><BR>[Stack]<UL><LI>Max Depth = 16<LI>Call Chain = TIMR_Init
</UL>
<BR>[Calls]<UL><LI><a href="#[65]">&gt;&gt;</a>&nbsp;&nbsp;&nbsp;TIMR_INTClr
</UL>
<BR>[Called By]<UL><LI><a href="#[4e]">&gt;&gt;</a>&nbsp;&nbsp;&nbsp;CountInputFreq_Init
<LI><a href="#[45]">&gt;&gt;</a>&nbsp;&nbsp;&nbsp;SetupParm
</UL>

<P><STRONG><a name="[4a]"></a>TIMR_Start</STRONG> (Thumb, 10 bytes, Stack size 0 bytes, swm1800_timr.o(.text))
<BR><BR>[Called By]<UL><LI><a href="#[a]">&gt;&gt;</a>&nbsp;&nbsp;&nbsp;IRQ4_Handler
<LI><a href="#[5b]">&gt;&gt;</a>&nbsp;&nbsp;&nbsp;DoControl
<LI><a href="#[45]">&gt;&gt;</a>&nbsp;&nbsp;&nbsp;SetupParm
</UL>

<P><STRONG><a name="[a7]"></a>TIMR_Halt</STRONG> (Thumb, 48 bytes, Stack size 0 bytes, swm1800_timr.o(.text), UNUSED)

<P><STRONG><a name="[a8]"></a>TIMR_Resume</STRONG> (Thumb, 50 bytes, Stack size 0 bytes, swm1800_timr.o(.text), UNUSED)

<P><STRONG><a name="[a9]"></a>TIMR_SetPeriod</STRONG> (Thumb, 4 bytes, Stack size 0 bytes, swm1800_timr.o(.text), UNUSED)

<P><STRONG><a name="[aa]"></a>TIMR_GetPeriod</STRONG> (Thumb, 4 bytes, Stack size 0 bytes, swm1800_timr.o(.text), UNUSED)

<P><STRONG><a name="[ab]"></a>TIMR_GetCurValue</STRONG> (Thumb, 4 bytes, Stack size 0 bytes, swm1800_timr.o(.text), UNUSED)

<P><STRONG><a name="[ac]"></a>TIMR_INTEn</STRONG> (Thumb, 48 bytes, Stack size 0 bytes, swm1800_timr.o(.text), UNUSED)

<P><STRONG><a name="[ad]"></a>TIMR_INTDis</STRONG> (Thumb, 50 bytes, Stack size 0 bytes, swm1800_timr.o(.text), UNUSED)

<P><STRONG><a name="[ae]"></a>TIMR_INTStat</STRONG> (Thumb, 52 bytes, Stack size 0 bytes, swm1800_timr.o(.text), UNUSED)

<P><STRONG><a name="[af]"></a>UART_Close</STRONG> (Thumb, 12 bytes, Stack size 0 bytes, swm1800_uart.o(.text), UNUSED)

<P><STRONG><a name="[3d]"></a>UART_Init</STRONG> (Thumb, 172 bytes, Stack size 16 bytes, swm1800_uart.o(.text), UNUSED)
<BR><BR>[Calls]<UL><LI><a href="#[4c]">&gt;&gt;</a>&nbsp;&nbsp;&nbsp;__aeabi_uidivmod
</UL>
<BR>[Called By]<UL><LI><a href="#[3c]">&gt;&gt;</a>&nbsp;&nbsp;&nbsp;UartInit
</UL>

<P><STRONG><a name="[3f]"></a>UART_Open</STRONG> (Thumb, 12 bytes, Stack size 0 bytes, swm1800_uart.o(.text), UNUSED)
<BR><BR>[Called By]<UL><LI><a href="#[3c]">&gt;&gt;</a>&nbsp;&nbsp;&nbsp;UartInit
</UL>

<P><STRONG><a name="[41]"></a>UART_WriteByte</STRONG> (Thumb, 4 bytes, Stack size 0 bytes, swm1800_uart.o(.text))
<BR><BR>[Called By]<UL><LI><a href="#[40]">&gt;&gt;</a>&nbsp;&nbsp;&nbsp;uart_putstring2
</UL>

<P><STRONG><a name="[67]"></a>UART_ReadByte</STRONG> (Thumb, 6 bytes, Stack size 0 bytes, swm1800_uart.o(.text))
<BR><BR>[Called By]<UL><LI><a href="#[8]">&gt;&gt;</a>&nbsp;&nbsp;&nbsp;IRQ2_Handler
</UL>

<P><STRONG><a name="[b0]"></a>UART_IsDataValid</STRONG> (Thumb, 8 bytes, Stack size 0 bytes, swm1800_uart.o(.text), UNUSED)

<P><STRONG><a name="[b1]"></a>UART_IsTXBusy</STRONG> (Thumb, 10 bytes, Stack size 0 bytes, swm1800_uart.o(.text), UNUSED)

<P><STRONG><a name="[b2]"></a>UART_IsRXFIFOEmpty</STRONG> (Thumb, 10 bytes, Stack size 0 bytes, swm1800_uart.o(.text), UNUSED)

<P><STRONG><a name="[42]"></a>UART_IsTXFIFOFull</STRONG> (Thumb, 8 bytes, Stack size 0 bytes, swm1800_uart.o(.text))
<BR><BR>[Called By]<UL><LI><a href="#[40]">&gt;&gt;</a>&nbsp;&nbsp;&nbsp;uart_putstring2
</UL>

<P><STRONG><a name="[79]"></a>UART_SetBaudrate</STRONG> (Thumb, 30 bytes, Stack size 8 bytes, swm1800_uart.o(.text), UNUSED)
<BR><BR>[Calls]<UL><LI><a href="#[4c]">&gt;&gt;</a>&nbsp;&nbsp;&nbsp;__aeabi_uidivmod
</UL>

<P><STRONG><a name="[b3]"></a>UART_GetBaudrate</STRONG> (Thumb, 8 bytes, Stack size 0 bytes, swm1800_uart.o(.text), UNUSED)

<P><STRONG><a name="[b4]"></a>UART_INTRXThresholdEn</STRONG> (Thumb, 10 bytes, Stack size 0 bytes, swm1800_uart.o(.text), UNUSED)

<P><STRONG><a name="[b5]"></a>UART_INTRXThresholdDis</STRONG> (Thumb, 10 bytes, Stack size 0 bytes, swm1800_uart.o(.text), UNUSED)

<P><STRONG><a name="[b6]"></a>UART_INTRXThresholdStat</STRONG> (Thumb, 8 bytes, Stack size 0 bytes, swm1800_uart.o(.text), UNUSED)

<P><STRONG><a name="[b7]"></a>UART_INTTXThresholdEn</STRONG> (Thumb, 10 bytes, Stack size 0 bytes, swm1800_uart.o(.text), UNUSED)

<P><STRONG><a name="[b8]"></a>UART_INTTXThresholdDis</STRONG> (Thumb, 10 bytes, Stack size 0 bytes, swm1800_uart.o(.text), UNUSED)

<P><STRONG><a name="[b9]"></a>UART_INTTXThresholdStat</STRONG> (Thumb, 8 bytes, Stack size 0 bytes, swm1800_uart.o(.text), UNUSED)

<P><STRONG><a name="[ba]"></a>UART_INTTimeoutEn</STRONG> (Thumb, 12 bytes, Stack size 0 bytes, swm1800_uart.o(.text), UNUSED)

<P><STRONG><a name="[bb]"></a>UART_INTTimeoutDis</STRONG> (Thumb, 12 bytes, Stack size 0 bytes, swm1800_uart.o(.text), UNUSED)

<P><STRONG><a name="[bc]"></a>UART_INTTimeoutStat</STRONG> (Thumb, 8 bytes, Stack size 0 bytes, swm1800_uart.o(.text), UNUSED)

<P><STRONG><a name="[7b]"></a>SystemCoreClockUpdate</STRONG> (Thumb, 64 bytes, Stack size 8 bytes, system_swm1800.o(.text))
<BR><BR>[Stack]<UL><LI>Max Depth = 8<LI>Call Chain = SystemCoreClockUpdate
</UL>
<BR>[Called By]<UL><LI><a href="#[53]">&gt;&gt;</a>&nbsp;&nbsp;&nbsp;SystemInit
</UL>

<P><STRONG><a name="[53]"></a>SystemInit</STRONG> (Thumb, 62 bytes, Stack size 16 bytes, system_swm1800.o(.text))
<BR><BR>[Stack]<UL><LI>Max Depth = 24<LI>Call Chain = SystemInit &rArr; SystemCoreClockUpdate
</UL>
<BR>[Calls]<UL><LI><a href="#[7b]">&gt;&gt;</a>&nbsp;&nbsp;&nbsp;SystemCoreClockUpdate
<LI><a href="#[7a]">&gt;&gt;</a>&nbsp;&nbsp;&nbsp;switchToRC32KHz
</UL>
<BR>[Called By]<UL><LI><a href="#[27]">&gt;&gt;</a>&nbsp;&nbsp;&nbsp;main
</UL>

<P><STRONG><a name="[1]"></a>NMI_Handler</STRONG> (Thumb, 2 bytes, Stack size 0 bytes, startup_swm1800.o(.text))
<BR><BR>[Calls]<UL><LI><a href="#[1]">&gt;&gt;</a>&nbsp;&nbsp;&nbsp;NMI_Handler
</UL>
<BR>[Called By]<UL><LI><a href="#[1]">&gt;&gt;</a>&nbsp;&nbsp;&nbsp;NMI_Handler
</UL>
<BR>[Address Reference Count : 1]<UL><LI> startup_swm1800.o(RESET)
</UL>
<P><STRONG><a name="[2]"></a>HardFault_Handler</STRONG> (Thumb, 2 bytes, Stack size 0 bytes, startup_swm1800.o(.text))
<BR><BR>[Calls]<UL><LI><a href="#[2]">&gt;&gt;</a>&nbsp;&nbsp;&nbsp;HardFault_Handler
</UL>
<BR>[Called By]<UL><LI><a href="#[2]">&gt;&gt;</a>&nbsp;&nbsp;&nbsp;HardFault_Handler
</UL>
<BR>[Address Reference Count : 1]<UL><LI> startup_swm1800.o(RESET)
</UL>
<P><STRONG><a name="[3]"></a>SVC_Handler</STRONG> (Thumb, 2 bytes, Stack size 0 bytes, startup_swm1800.o(.text))
<BR><BR>[Calls]<UL><LI><a href="#[3]">&gt;&gt;</a>&nbsp;&nbsp;&nbsp;SVC_Handler
</UL>
<BR>[Called By]<UL><LI><a href="#[3]">&gt;&gt;</a>&nbsp;&nbsp;&nbsp;SVC_Handler
</UL>
<BR>[Address Reference Count : 1]<UL><LI> startup_swm1800.o(RESET)
</UL>
<P><STRONG><a name="[4]"></a>PendSV_Handler</STRONG> (Thumb, 2 bytes, Stack size 0 bytes, startup_swm1800.o(.text))
<BR><BR>[Calls]<UL><LI><a href="#[4]">&gt;&gt;</a>&nbsp;&nbsp;&nbsp;PendSV_Handler
</UL>
<BR>[Called By]<UL><LI><a href="#[4]">&gt;&gt;</a>&nbsp;&nbsp;&nbsp;PendSV_Handler
</UL>
<BR>[Address Reference Count : 1]<UL><LI> startup_swm1800.o(RESET)
</UL>
<P><STRONG><a name="[5]"></a>SysTick_Handler</STRONG> (Thumb, 2 bytes, Stack size 0 bytes, startup_swm1800.o(.text))
<BR><BR>[Calls]<UL><LI><a href="#[5]">&gt;&gt;</a>&nbsp;&nbsp;&nbsp;SysTick_Handler
</UL>
<BR>[Called By]<UL><LI><a href="#[5]">&gt;&gt;</a>&nbsp;&nbsp;&nbsp;SysTick_Handler
</UL>
<BR>[Address Reference Count : 1]<UL><LI> startup_swm1800.o(RESET)
</UL>
<P><STRONG><a name="[9]"></a>IRQ3_Handler</STRONG> (Thumb, 2 bytes, Stack size 0 bytes, startup_swm1800.o(.text))
<BR><BR>[Calls]<UL><LI><a href="#[9]">&gt;&gt;</a>&nbsp;&nbsp;&nbsp;IRQ3_Handler
</UL>
<BR>[Called By]<UL><LI><a href="#[9]">&gt;&gt;</a>&nbsp;&nbsp;&nbsp;IRQ3_Handler
</UL>
<BR>[Address Reference Count : 1]<UL><LI> startup_swm1800.o(RESET)
</UL>
<P><STRONG><a name="[c]"></a>IRQ6_Handler</STRONG> (Thumb, 2 bytes, Stack size 0 bytes, startup_swm1800.o(.text))
<BR><BR>[Calls]<UL><LI><a href="#[c]">&gt;&gt;</a>&nbsp;&nbsp;&nbsp;IRQ6_Handler
</UL>
<BR>[Called By]<UL><LI><a href="#[c]">&gt;&gt;</a>&nbsp;&nbsp;&nbsp;IRQ6_Handler
</UL>
<BR>[Address Reference Count : 1]<UL><LI> startup_swm1800.o(RESET)
</UL>
<P><STRONG><a name="[d]"></a>IRQ7_Handler</STRONG> (Thumb, 2 bytes, Stack size 0 bytes, startup_swm1800.o(.text))
<BR><BR>[Calls]<UL><LI><a href="#[d]">&gt;&gt;</a>&nbsp;&nbsp;&nbsp;IRQ7_Handler
</UL>
<BR>[Called By]<UL><LI><a href="#[d]">&gt;&gt;</a>&nbsp;&nbsp;&nbsp;IRQ7_Handler
</UL>
<BR>[Address Reference Count : 1]<UL><LI> startup_swm1800.o(RESET)
</UL>
<P><STRONG><a name="[e]"></a>IRQ8_Handler</STRONG> (Thumb, 2 bytes, Stack size 0 bytes, startup_swm1800.o(.text))
<BR><BR>[Calls]<UL><LI><a href="#[e]">&gt;&gt;</a>&nbsp;&nbsp;&nbsp;IRQ8_Handler
</UL>
<BR>[Called By]<UL><LI><a href="#[e]">&gt;&gt;</a>&nbsp;&nbsp;&nbsp;IRQ8_Handler
</UL>
<BR>[Address Reference Count : 1]<UL><LI> startup_swm1800.o(RESET)
</UL>
<P><STRONG><a name="[f]"></a>IRQ9_Handler</STRONG> (Thumb, 2 bytes, Stack size 0 bytes, startup_swm1800.o(.text))
<BR><BR>[Calls]<UL><LI><a href="#[f]">&gt;&gt;</a>&nbsp;&nbsp;&nbsp;IRQ9_Handler
</UL>
<BR>[Called By]<UL><LI><a href="#[f]">&gt;&gt;</a>&nbsp;&nbsp;&nbsp;IRQ9_Handler
</UL>
<BR>[Address Reference Count : 1]<UL><LI> startup_swm1800.o(RESET)
</UL>
<P><STRONG><a name="[10]"></a>IRQ10_Handler</STRONG> (Thumb, 2 bytes, Stack size 0 bytes, startup_swm1800.o(.text))
<BR><BR>[Calls]<UL><LI><a href="#[10]">&gt;&gt;</a>&nbsp;&nbsp;&nbsp;IRQ10_Handler
</UL>
<BR>[Called By]<UL><LI><a href="#[10]">&gt;&gt;</a>&nbsp;&nbsp;&nbsp;IRQ10_Handler
</UL>
<BR>[Address Reference Count : 1]<UL><LI> startup_swm1800.o(RESET)
</UL>
<P><STRONG><a name="[11]"></a>IRQ11_Handler</STRONG> (Thumb, 2 bytes, Stack size 0 bytes, startup_swm1800.o(.text))
<BR><BR>[Calls]<UL><LI><a href="#[11]">&gt;&gt;</a>&nbsp;&nbsp;&nbsp;IRQ11_Handler
</UL>
<BR>[Called By]<UL><LI><a href="#[11]">&gt;&gt;</a>&nbsp;&nbsp;&nbsp;IRQ11_Handler
</UL>
<BR>[Address Reference Count : 1]<UL><LI> startup_swm1800.o(RESET)
</UL>
<P><STRONG><a name="[12]"></a>IRQ12_Handler</STRONG> (Thumb, 2 bytes, Stack size 0 bytes, startup_swm1800.o(.text))
<BR><BR>[Calls]<UL><LI><a href="#[12]">&gt;&gt;</a>&nbsp;&nbsp;&nbsp;IRQ12_Handler
</UL>
<BR>[Called By]<UL><LI><a href="#[12]">&gt;&gt;</a>&nbsp;&nbsp;&nbsp;IRQ12_Handler
</UL>
<BR>[Address Reference Count : 1]<UL><LI> startup_swm1800.o(RESET)
</UL>
<P><STRONG><a name="[13]"></a>IRQ13_Handler</STRONG> (Thumb, 2 bytes, Stack size 0 bytes, startup_swm1800.o(.text))
<BR><BR>[Calls]<UL><LI><a href="#[13]">&gt;&gt;</a>&nbsp;&nbsp;&nbsp;IRQ13_Handler
</UL>
<BR>[Called By]<UL><LI><a href="#[13]">&gt;&gt;</a>&nbsp;&nbsp;&nbsp;IRQ13_Handler
</UL>
<BR>[Address Reference Count : 1]<UL><LI> startup_swm1800.o(RESET)
</UL>
<P><STRONG><a name="[14]"></a>IRQ14_Handler</STRONG> (Thumb, 2 bytes, Stack size 0 bytes, startup_swm1800.o(.text))
<BR><BR>[Calls]<UL><LI><a href="#[14]">&gt;&gt;</a>&nbsp;&nbsp;&nbsp;IRQ14_Handler
</UL>
<BR>[Called By]<UL><LI><a href="#[14]">&gt;&gt;</a>&nbsp;&nbsp;&nbsp;IRQ14_Handler
</UL>
<BR>[Address Reference Count : 1]<UL><LI> startup_swm1800.o(RESET)
</UL>
<P><STRONG><a name="[15]"></a>IRQ15_Handler</STRONG> (Thumb, 2 bytes, Stack size 0 bytes, startup_swm1800.o(.text))
<BR><BR>[Calls]<UL><LI><a href="#[15]">&gt;&gt;</a>&nbsp;&nbsp;&nbsp;IRQ15_Handler
</UL>
<BR>[Called By]<UL><LI><a href="#[15]">&gt;&gt;</a>&nbsp;&nbsp;&nbsp;IRQ15_Handler
</UL>
<BR>[Address Reference Count : 1]<UL><LI> startup_swm1800.o(RESET)
</UL>
<P><STRONG><a name="[16]"></a>IRQ16_Handler</STRONG> (Thumb, 2 bytes, Stack size 0 bytes, startup_swm1800.o(.text))
<BR><BR>[Calls]<UL><LI><a href="#[16]">&gt;&gt;</a>&nbsp;&nbsp;&nbsp;IRQ16_Handler
</UL>
<BR>[Called By]<UL><LI><a href="#[16]">&gt;&gt;</a>&nbsp;&nbsp;&nbsp;IRQ16_Handler
</UL>
<BR>[Address Reference Count : 1]<UL><LI> startup_swm1800.o(RESET)
</UL>
<P><STRONG><a name="[17]"></a>IRQ17_Handler</STRONG> (Thumb, 2 bytes, Stack size 0 bytes, startup_swm1800.o(.text))
<BR><BR>[Calls]<UL><LI><a href="#[17]">&gt;&gt;</a>&nbsp;&nbsp;&nbsp;IRQ17_Handler
</UL>
<BR>[Called By]<UL><LI><a href="#[17]">&gt;&gt;</a>&nbsp;&nbsp;&nbsp;IRQ17_Handler
</UL>
<BR>[Address Reference Count : 1]<UL><LI> startup_swm1800.o(RESET)
</UL>
<P><STRONG><a name="[18]"></a>IRQ18_Handler</STRONG> (Thumb, 2 bytes, Stack size 0 bytes, startup_swm1800.o(.text))
<BR><BR>[Calls]<UL><LI><a href="#[18]">&gt;&gt;</a>&nbsp;&nbsp;&nbsp;IRQ18_Handler
</UL>
<BR>[Called By]<UL><LI><a href="#[18]">&gt;&gt;</a>&nbsp;&nbsp;&nbsp;IRQ18_Handler
</UL>
<BR>[Address Reference Count : 1]<UL><LI> startup_swm1800.o(RESET)
</UL>
<P><STRONG><a name="[19]"></a>IRQ19_Handler</STRONG> (Thumb, 2 bytes, Stack size 0 bytes, startup_swm1800.o(.text))
<BR><BR>[Calls]<UL><LI><a href="#[19]">&gt;&gt;</a>&nbsp;&nbsp;&nbsp;IRQ19_Handler
</UL>
<BR>[Called By]<UL><LI><a href="#[19]">&gt;&gt;</a>&nbsp;&nbsp;&nbsp;IRQ19_Handler
</UL>
<BR>[Address Reference Count : 1]<UL><LI> startup_swm1800.o(RESET)
</UL>
<P><STRONG><a name="[1a]"></a>IRQ20_Handler</STRONG> (Thumb, 2 bytes, Stack size 0 bytes, startup_swm1800.o(.text))
<BR><BR>[Calls]<UL><LI><a href="#[1a]">&gt;&gt;</a>&nbsp;&nbsp;&nbsp;IRQ20_Handler
</UL>
<BR>[Called By]<UL><LI><a href="#[1a]">&gt;&gt;</a>&nbsp;&nbsp;&nbsp;IRQ20_Handler
</UL>
<BR>[Address Reference Count : 1]<UL><LI> startup_swm1800.o(RESET)
</UL>
<P><STRONG><a name="[1b]"></a>IRQ21_Handler</STRONG> (Thumb, 2 bytes, Stack size 0 bytes, startup_swm1800.o(.text))
<BR><BR>[Calls]<UL><LI><a href="#[1b]">&gt;&gt;</a>&nbsp;&nbsp;&nbsp;IRQ21_Handler
</UL>
<BR>[Called By]<UL><LI><a href="#[1b]">&gt;&gt;</a>&nbsp;&nbsp;&nbsp;IRQ21_Handler
</UL>
<BR>[Address Reference Count : 1]<UL><LI> startup_swm1800.o(RESET)
</UL>
<P><STRONG><a name="[1c]"></a>IRQ22_Handler</STRONG> (Thumb, 2 bytes, Stack size 0 bytes, startup_swm1800.o(.text))
<BR><BR>[Calls]<UL><LI><a href="#[1c]">&gt;&gt;</a>&nbsp;&nbsp;&nbsp;IRQ22_Handler
</UL>
<BR>[Called By]<UL><LI><a href="#[1c]">&gt;&gt;</a>&nbsp;&nbsp;&nbsp;IRQ22_Handler
</UL>
<BR>[Address Reference Count : 1]<UL><LI> startup_swm1800.o(RESET)
</UL>
<P><STRONG><a name="[1d]"></a>IRQ23_Handler</STRONG> (Thumb, 2 bytes, Stack size 0 bytes, startup_swm1800.o(.text))
<BR><BR>[Calls]<UL><LI><a href="#[1d]">&gt;&gt;</a>&nbsp;&nbsp;&nbsp;IRQ23_Handler
</UL>
<BR>[Called By]<UL><LI><a href="#[1d]">&gt;&gt;</a>&nbsp;&nbsp;&nbsp;IRQ23_Handler
</UL>
<BR>[Address Reference Count : 1]<UL><LI> startup_swm1800.o(RESET)
</UL>
<P><STRONG><a name="[1e]"></a>IRQ24_Handler</STRONG> (Thumb, 2 bytes, Stack size 0 bytes, startup_swm1800.o(.text))
<BR><BR>[Calls]<UL><LI><a href="#[1e]">&gt;&gt;</a>&nbsp;&nbsp;&nbsp;IRQ24_Handler
</UL>
<BR>[Called By]<UL><LI><a href="#[1e]">&gt;&gt;</a>&nbsp;&nbsp;&nbsp;IRQ24_Handler
</UL>
<BR>[Address Reference Count : 1]<UL><LI> startup_swm1800.o(RESET)
</UL>
<P><STRONG><a name="[1f]"></a>IRQ25_Handler</STRONG> (Thumb, 2 bytes, Stack size 0 bytes, startup_swm1800.o(.text))
<BR><BR>[Calls]<UL><LI><a href="#[1f]">&gt;&gt;</a>&nbsp;&nbsp;&nbsp;IRQ25_Handler
</UL>
<BR>[Called By]<UL><LI><a href="#[1f]">&gt;&gt;</a>&nbsp;&nbsp;&nbsp;IRQ25_Handler
</UL>
<BR>[Address Reference Count : 1]<UL><LI> startup_swm1800.o(RESET)
</UL>
<P><STRONG><a name="[20]"></a>IRQ26_Handler</STRONG> (Thumb, 2 bytes, Stack size 0 bytes, startup_swm1800.o(.text))
<BR><BR>[Calls]<UL><LI><a href="#[20]">&gt;&gt;</a>&nbsp;&nbsp;&nbsp;IRQ26_Handler
</UL>
<BR>[Called By]<UL><LI><a href="#[20]">&gt;&gt;</a>&nbsp;&nbsp;&nbsp;IRQ26_Handler
</UL>
<BR>[Address Reference Count : 1]<UL><LI> startup_swm1800.o(RESET)
</UL>
<P><STRONG><a name="[21]"></a>IRQ27_Handler</STRONG> (Thumb, 2 bytes, Stack size 0 bytes, startup_swm1800.o(.text))
<BR><BR>[Calls]<UL><LI><a href="#[21]">&gt;&gt;</a>&nbsp;&nbsp;&nbsp;IRQ27_Handler
</UL>
<BR>[Called By]<UL><LI><a href="#[21]">&gt;&gt;</a>&nbsp;&nbsp;&nbsp;IRQ27_Handler
</UL>
<BR>[Address Reference Count : 1]<UL><LI> startup_swm1800.o(RESET)
</UL>
<P><STRONG><a name="[22]"></a>IRQ28_Handler</STRONG> (Thumb, 2 bytes, Stack size 0 bytes, startup_swm1800.o(.text))
<BR><BR>[Calls]<UL><LI><a href="#[22]">&gt;&gt;</a>&nbsp;&nbsp;&nbsp;IRQ28_Handler
</UL>
<BR>[Called By]<UL><LI><a href="#[22]">&gt;&gt;</a>&nbsp;&nbsp;&nbsp;IRQ28_Handler
</UL>
<BR>[Address Reference Count : 1]<UL><LI> startup_swm1800.o(RESET)
</UL>
<P><STRONG><a name="[23]"></a>IRQ29_Handler</STRONG> (Thumb, 2 bytes, Stack size 0 bytes, startup_swm1800.o(.text))
<BR><BR>[Calls]<UL><LI><a href="#[23]">&gt;&gt;</a>&nbsp;&nbsp;&nbsp;IRQ29_Handler
</UL>
<BR>[Called By]<UL><LI><a href="#[23]">&gt;&gt;</a>&nbsp;&nbsp;&nbsp;IRQ29_Handler
</UL>
<BR>[Address Reference Count : 1]<UL><LI> startup_swm1800.o(RESET)
</UL>
<P><STRONG><a name="[24]"></a>IRQ30_Handler</STRONG> (Thumb, 2 bytes, Stack size 0 bytes, startup_swm1800.o(.text))
<BR><BR>[Calls]<UL><LI><a href="#[24]">&gt;&gt;</a>&nbsp;&nbsp;&nbsp;IRQ30_Handler
</UL>
<BR>[Called By]<UL><LI><a href="#[24]">&gt;&gt;</a>&nbsp;&nbsp;&nbsp;IRQ30_Handler
</UL>
<BR>[Address Reference Count : 1]<UL><LI> startup_swm1800.o(RESET)
</UL>
<P><STRONG><a name="[25]"></a>IRQ31_Handler</STRONG> (Thumb, 2 bytes, Stack size 0 bytes, startup_swm1800.o(.text))
<BR><BR>[Calls]<UL><LI><a href="#[25]">&gt;&gt;</a>&nbsp;&nbsp;&nbsp;IRQ31_Handler
</UL>
<BR>[Called By]<UL><LI><a href="#[25]">&gt;&gt;</a>&nbsp;&nbsp;&nbsp;IRQ31_Handler
</UL>
<BR>[Address Reference Count : 1]<UL><LI> startup_swm1800.o(RESET)
</UL>
<P><STRONG><a name="[bd]"></a>__aeabi_uidiv</STRONG> (Thumb, 0 bytes, Stack size 12 bytes, uidiv.o(.text), UNUSED)

<P><STRONG><a name="[4c]"></a>__aeabi_uidivmod</STRONG> (Thumb, 44 bytes, Stack size 12 bytes, uidiv.o(.text))
<BR><BR>[Stack]<UL><LI>Max Depth = 12<LI>Call Chain = __aeabi_uidivmod
</UL>
<BR>[Called By]<UL><LI><a href="#[3d]">&gt;&gt;</a>&nbsp;&nbsp;&nbsp;UART_Init
<LI><a href="#[45]">&gt;&gt;</a>&nbsp;&nbsp;&nbsp;SetupParm
<LI><a href="#[3a]">&gt;&gt;</a>&nbsp;&nbsp;&nbsp;__aeabi_idivmod
<LI><a href="#[79]">&gt;&gt;</a>&nbsp;&nbsp;&nbsp;UART_SetBaudrate
</UL>

<P><STRONG><a name="[be]"></a>__aeabi_idiv</STRONG> (Thumb, 0 bytes, Stack size 16 bytes, idiv.o(.text), UNUSED)

<P><STRONG><a name="[3a]"></a>__aeabi_idivmod</STRONG> (Thumb, 40 bytes, Stack size 16 bytes, idiv.o(.text))
<BR><BR>[Stack]<UL><LI>Max Depth = 28<LI>Call Chain = __aeabi_idivmod &rArr; __aeabi_uidivmod
</UL>
<BR>[Calls]<UL><LI><a href="#[4c]">&gt;&gt;</a>&nbsp;&nbsp;&nbsp;__aeabi_uidivmod
</UL>
<BR>[Called By]<UL><LI><a href="#[6b]">&gt;&gt;</a>&nbsp;&nbsp;&nbsp;CountInputFreq
<LI><a href="#[6a]">&gt;&gt;</a>&nbsp;&nbsp;&nbsp;VoltRippleComp
<LI><a href="#[39]">&gt;&gt;</a>&nbsp;&nbsp;&nbsp;CalcTimes
</UL>

<P><STRONG><a name="[5a]"></a>__aeabi_fmul</STRONG> (Thumb, 122 bytes, Stack size 16 bytes, fmul.o(.text))
<BR><BR>[Stack]<UL><LI>Max Depth = 16<LI>Call Chain = __aeabi_fmul
</UL>
<BR>[Called By]<UL><LI><a href="#[27]">&gt;&gt;</a>&nbsp;&nbsp;&nbsp;main
</UL>

<P><STRONG><a name="[58]"></a>__aeabi_fdiv</STRONG> (Thumb, 124 bytes, Stack size 16 bytes, fdiv.o(.text))
<BR><BR>[Stack]<UL><LI>Max Depth = 16<LI>Call Chain = __aeabi_fdiv
</UL>
<BR>[Calls]<UL><LI><a href="#[7c]">&gt;&gt;</a>&nbsp;&nbsp;&nbsp;_float_round
</UL>
<BR>[Called By]<UL><LI><a href="#[27]">&gt;&gt;</a>&nbsp;&nbsp;&nbsp;main
</UL>

<P><STRONG><a name="[57]"></a>__aeabi_i2f</STRONG> (Thumb, 22 bytes, Stack size 8 bytes, fflti.o(.text))
<BR><BR>[Stack]<UL><LI>Max Depth = 20<LI>Call Chain = __aeabi_i2f &rArr; _float_epilogue
</UL>
<BR>[Calls]<UL><LI><a href="#[7d]">&gt;&gt;</a>&nbsp;&nbsp;&nbsp;_float_epilogue
</UL>
<BR>[Called By]<UL><LI><a href="#[27]">&gt;&gt;</a>&nbsp;&nbsp;&nbsp;main
</UL>

<P><STRONG><a name="[59]"></a>__aeabi_f2iz</STRONG> (Thumb, 50 bytes, Stack size 0 bytes, ffixi.o(.text))
<BR><BR>[Called By]<UL><LI><a href="#[27]">&gt;&gt;</a>&nbsp;&nbsp;&nbsp;main
</UL>

<P><STRONG><a name="[bf]"></a>__I$use$fp</STRONG> (Thumb, 0 bytes, Stack size 0 bytes, iusefp.o(.text), UNUSED)

<P><STRONG><a name="[7c]"></a>_float_round</STRONG> (Thumb, 16 bytes, Stack size 0 bytes, fepilogue.o(.text))
<BR><BR>[Called By]<UL><LI><a href="#[58]">&gt;&gt;</a>&nbsp;&nbsp;&nbsp;__aeabi_fdiv
</UL>

<P><STRONG><a name="[7d]"></a>_float_epilogue</STRONG> (Thumb, 114 bytes, Stack size 12 bytes, fepilogue.o(.text))
<BR><BR>[Stack]<UL><LI>Max Depth = 12<LI>Call Chain = _float_epilogue
</UL>
<BR>[Called By]<UL><LI><a href="#[57]">&gt;&gt;</a>&nbsp;&nbsp;&nbsp;__aeabi_i2f
</UL>

<P><STRONG><a name="[2a]"></a>__scatterload</STRONG> (Thumb, 28 bytes, Stack size 0 bytes, init.o(.text))
<BR><BR>[Calls]<UL><LI><a href="#[7e]">&gt;&gt;</a>&nbsp;&nbsp;&nbsp;__main_after_scatterload
</UL>
<BR>[Called By]<UL><LI><a href="#[29]">&gt;&gt;</a>&nbsp;&nbsp;&nbsp;_main_scatterload
</UL>

<P><STRONG><a name="[c0]"></a>__scatterload_rt2</STRONG> (Thumb, 0 bytes, Stack size 0 bytes, init.o(.text), UNUSED)

<P><STRONG><a name="[2f]"></a>CalcBEMF</STRONG> (Thumb, 120 bytes, Stack size 12 bytes, smc.o(i.CalcBEMF))
<BR><BR>[Stack]<UL><LI>Max Depth = 12<LI>Call Chain = CalcBEMF
</UL>
<BR>[Called By]<UL><LI><a href="#[2d]">&gt;&gt;</a>&nbsp;&nbsp;&nbsp;SMC_Position_Estimation
</UL>

<P><STRONG><a name="[38]"></a>__ARM_common_switch8</STRONG> (Thumb, 26 bytes, Stack size 8 bytes, svgen.o(i.__ARM_common_switch8), UNUSED)
<BR><BR>[Called By]<UL><LI><a href="#[37]">&gt;&gt;</a>&nbsp;&nbsp;&nbsp;Svpwm_Cal
</UL>

<P><STRONG><a name="[c1]"></a>__scatterload_copy</STRONG> (Thumb, 14 bytes, Stack size unknown bytes, handlers.o(i.__scatterload_copy), UNUSED)

<P><STRONG><a name="[c2]"></a>__scatterload_null</STRONG> (Thumb, 2 bytes, Stack size unknown bytes, handlers.o(i.__scatterload_null), UNUSED)

<P><STRONG><a name="[c3]"></a>__scatterload_zeroinit</STRONG> (Thumb, 14 bytes, Stack size unknown bytes, handlers.o(i.__scatterload_zeroinit), UNUSED)
<P>
<H3>
Local Symbols
</H3>
<P><STRONG><a name="[2b]"></a>atan2CORDIC</STRONG> (Thumb, 280 bytes, Stack size 16 bytes, smc.o(.text))
<BR><BR>[Stack]<UL><LI>Max Depth = 16<LI>Call Chain = atan2CORDIC
</UL>
<BR>[Calls]<UL><LI><a href="#[2c]">&gt;&gt;</a>&nbsp;&nbsp;&nbsp;DIV_Div
</UL>
<BR>[Called By]<UL><LI><a href="#[2d]">&gt;&gt;</a>&nbsp;&nbsp;&nbsp;SMC_Position_Estimation
</UL>

<P><STRONG><a name="[2c]"></a>DIV_Div</STRONG> (Thumb, 14 bytes, Stack size 0 bytes, smc.o(.text))
<BR><BR>[Called By]<UL><LI><a href="#[2b]">&gt;&gt;</a>&nbsp;&nbsp;&nbsp;atan2CORDIC
</UL>

<P><STRONG><a name="[6e]"></a>chn2idx</STRONG> (Thumb, 66 bytes, Stack size 0 bytes, swm1800_adc.o(.text))
<BR><BR>[Called By]<UL><LI><a href="#[76]">&gt;&gt;</a>&nbsp;&nbsp;&nbsp;ADC_IntOVFStat
<LI><a href="#[75]">&gt;&gt;</a>&nbsp;&nbsp;&nbsp;ADC_IntOVFClr
<LI><a href="#[74]">&gt;&gt;</a>&nbsp;&nbsp;&nbsp;ADC_IntOVFDis
<LI><a href="#[73]">&gt;&gt;</a>&nbsp;&nbsp;&nbsp;ADC_IntOVFEn
<LI><a href="#[72]">&gt;&gt;</a>&nbsp;&nbsp;&nbsp;ADC_IntEOCStat
<LI><a href="#[71]">&gt;&gt;</a>&nbsp;&nbsp;&nbsp;ADC_IntEOCDis
<LI><a href="#[70]">&gt;&gt;</a>&nbsp;&nbsp;&nbsp;ADC_IntEOCEn
<LI><a href="#[6f]">&gt;&gt;</a>&nbsp;&nbsp;&nbsp;ADC_IsEOC
<LI><a href="#[6d]">&gt;&gt;</a>&nbsp;&nbsp;&nbsp;ADC_Read
<LI><a href="#[68]">&gt;&gt;</a>&nbsp;&nbsp;&nbsp;ADC_IntEOCClr
</UL>

<P><STRONG><a name="[7a]"></a>switchToRC32KHz</STRONG> (Thumb, 26 bytes, Stack size 0 bytes, system_swm1800.o(.text))
<BR><BR>[Called By]<UL><LI><a href="#[53]">&gt;&gt;</a>&nbsp;&nbsp;&nbsp;SystemInit
</UL>
<P>
<H3>
Undefined Global Symbols
</H3><HR></body></html>
