Component: ARM Compiler 5.05 update 2 (build 169) Tool: armlink [4d0f33]

==============================================================================

Section Cross References

    smc.o(.text) refers to trig.o(.text) for DIV_Fun
    smc.o(.text) refers to smc.o(i.CalcBEMF) for CalcBEMF
    smc.o(.text) refers to pmsm.o(.data) for PrevTheta
    smc.o(.text) refers to smc.o(.data) for .data
    smc.o(.text) refers to pmsm.o(.data) for AccumTheta
    smc.o(.text) refers to pmsm.o(.data) for AccumThetaCnt
    smc.o(.text) refers to pmsm.o(.data) for Kself_omega0
    initmcu.o(.text) refers to swm1800_gpio.o(.text) for GPIO_Init
    initmcu.o(.text) refers to swm1800_port.o(.text) for PORT_Init
    fdweak.o(.text) refers to trig.o(.text) for DIV_Fun
    fdweak.o(.text) refers to fdweak.o(.bss) for .bss
    meascurr.o(.text) refers to meascurr.o(.data) for .data
    svgen.o(.text) refers to trig.o(.text) for DIV_Fun
    svgen.o(.text) refers to svgen.o(i.__ARM_common_switch8) for __ARM_common_switch8
    svgen.o(.text) refers to idiv.o(.text) for __aeabi_idivmod
    svgen.o(.text) refers to svgen.o(.constdata) for .constdata
    svgen.o(.text) refers to pmsm.o(.data) for Sector
    svgen.o(.text) refers to svgen.o(.data) for .data
    svgen.o(.text) refers to pmsm.o(.data) for PWM_CLOCK_CYCLE
    svgen.o(.text) refers to pmsm.o(.data) for sector
    trig.o(.text) refers to trig.o(.constdata) for .constdata
    pmsm.o(.text) refers to swm1800_port.o(.text) for PORT_Init
    pmsm.o(.text) refers to swm1800_uart.o(.text) for UART_Init
    pmsm.o(.text) refers to swm1800_irqmux.o(.text) for IRQ_Connect
    pmsm.o(.text) refers to swm1800_pwm.o(.text) for PWM_Init
    pmsm.o(.text) refers to swm1800_timr.o(.text) for TIMR_Init
    pmsm.o(.text) refers to swm1800_adc.o(.text) for ADC_Init
    pmsm.o(.text) refers to uidiv.o(.text) for __aeabi_uidivmod
    pmsm.o(.text) refers to meascurr.o(.text) for InitMeasCompCurr
    pmsm.o(.text) refers to swm1800_gpio.o(.text) for GPIO_Init
    pmsm.o(.text) refers to swm1800_exti.o(.text) for EXTI_Init
    pmsm.o(.text) refers to pi.o(.text) for InitPI
    pmsm.o(.text) refers to system_swm1800.o(.text) for SystemInit
    pmsm.o(.text) refers to swm1800_cordic.o(.text) for CORDIC_Init
    pmsm.o(.text) refers to smc.o(.text) for SMCInit
    pmsm.o(.text) refers to initmcu.o(.text) for SetupPorts
    pmsm.o(.text) refers to fdweak.o(.text) for FWInit
    pmsm.o(.text) refers to pmsm.o(.data) for .data
    pmsm.o(.text) refers to pmsm.o(.bss) for .bss
    pmsm.o(.text) refers to fflti.o(.text) for __aeabi_i2f
    pmsm.o(.text) refers to fdiv.o(.text) for __aeabi_fdiv
    pmsm.o(.text) refers to ffixi.o(.text) for __aeabi_f2iz
    pmsm.o(.text) refers to fmul.o(.text) for __aeabi_fmul
    pmsm.o(.text) refers to trig.o(.text) for sqrt_16
    pmsm.o(.text) refers to clrkpark.o(.text) for ClarkePark
    pmsm.o(.text) refers to invpark.o(.text) for InvPark
    pmsm.o(.text) refers to calcref.o(.text) for CalcRefVec
    pmsm.o(.text) refers to svgen.o(.text) for CalcSVGen
    pmsm.o(.text) refers to idiv.o(.text) for __aeabi_idivmod
    swm1800_can.o(.text) refers to uidiv.o(.text) for __aeabi_uidivmod
    swm1800_can.o(.text) refers to system_swm1800.o(.data) for SystemCoreClock
    swm1800_cordic.o(.text) refers to swm1800_div.o(.text) for DIV_Init
    swm1800_dma.o(.text) refers to svgen.o(i.__ARM_common_switch8) for __ARM_common_switch8
    swm1800_flash.o(.text) refers to swm1800_cache.o(.text) for CACHE_Invalid
    swm1800_flash.o(.text) refers to swm1800_flash.o(.data) for .data
    swm1800_gpio.o(.text) refers to swm1800_port.o(.text) for PORT_Init
    swm1800_i2c.o(.text) refers to uidiv.o(.text) for __aeabi_uidivmod
    swm1800_i2c.o(.text) refers to system_swm1800.o(.data) for SystemCoreClock
    swm1800_slcd.o(.text) refers to uidiv.o(.text) for __aeabi_uidivmod
    swm1800_slcd.o(.text) refers to system_swm1800.o(.data) for SystemCoreClock
    swm1800_uart.o(.text) refers to uidiv.o(.text) for __aeabi_uidivmod
    swm1800_uart.o(.text) refers to system_swm1800.o(.data) for SystemCoreClock
    system_swm1800.o(.text) refers to system_swm1800.o(.data) for .data
    startup_swm1800.o(RESET) refers to startup_swm1800.o(STACK) for Stack_Mem
    startup_swm1800.o(RESET) refers to startup_swm1800.o(.text) for NMI_Handler
    startup_swm1800.o(RESET) refers to pmsm.o(.text) for IRQ0_Handler
    startup_swm1800.o(RESET) refers to entry.o(.ARM.Collect$$$$00000000) for __main
    entry.o(.ARM.Collect$$$$00000000) refers (Special) to entry10a.o(.ARM.Collect$$$$0000000D) for __rt_final_cpp
    entry.o(.ARM.Collect$$$$00000000) refers (Special) to entry11a.o(.ARM.Collect$$$$0000000F) for __rt_final_exit
    entry.o(.ARM.Collect$$$$00000000) refers (Special) to entry7b.o(.ARM.Collect$$$$00000008) for _main_clock
    entry.o(.ARM.Collect$$$$00000000) refers (Special) to entry8b.o(.ARM.Collect$$$$0000000A) for _main_cpp_init
    entry.o(.ARM.Collect$$$$00000000) refers (Special) to entry9a.o(.ARM.Collect$$$$0000000B) for _main_init
    entry.o(.ARM.Collect$$$$00000000) refers (Special) to entry5.o(.ARM.Collect$$$$00000004) for _main_scatterload
    entry.o(.ARM.Collect$$$$00000000) refers (Special) to entry2.o(.ARM.Collect$$$$00000001) for _main_stk
    idiv.o(.text) refers to uidiv.o(.text) for __aeabi_uidivmod
    fmul.o(.text) refers (Special) to iusefp.o(.text) for __I$use$fp
    fdiv.o(.text) refers (Special) to iusefp.o(.text) for __I$use$fp
    fdiv.o(.text) refers to fepilogue.o(.text) for _float_round
    fflti.o(.text) refers (Special) to iusefp.o(.text) for __I$use$fp
    fflti.o(.text) refers to fepilogue.o(.text) for _float_epilogue
    ffixi.o(.text) refers (Special) to iusefp.o(.text) for __I$use$fp
    entry2.o(.ARM.Collect$$$$00000001) refers to entry2.o(.ARM.Collect$$$$00002712) for __lit__00000000
    entry2.o(.ARM.Collect$$$$00002712) refers to startup_swm1800.o(STACK) for __initial_sp
    entry2.o(__vectab_stack_and_reset_area) refers to startup_swm1800.o(STACK) for __initial_sp
    entry2.o(__vectab_stack_and_reset_area) refers to entry.o(.ARM.Collect$$$$00000000) for __main
    entry5.o(.ARM.Collect$$$$00000004) refers to init.o(.text) for __scatterload
    entry9a.o(.ARM.Collect$$$$0000000B) refers to pmsm.o(.text) for main
    entry9b.o(.ARM.Collect$$$$0000000C) refers to pmsm.o(.text) for main
    init.o(.text) refers to entry5.o(.ARM.Collect$$$$00000004) for __main_after_scatterload


==============================================================================

Removing Unused input sections from the image.

    Removing smc.o(.data), (4 bytes).
    Removing smc.o(.data), (4 bytes).
    Removing smc.o(.data), (4 bytes).
    Removing smc.o(.data), (4 bytes).
    Removing smc.o(.data), (4 bytes).
    Removing smc.o(.data), (2 bytes).
    Removing svgen.o(.data), (2 bytes).
    Removing svgen.o(.data), (2 bytes).
    Removing svgen.o(.data), (4 bytes).
    Removing svgen.o(.data), (2 bytes).
    Removing svgen.o(.data), (2 bytes).
    Removing svgen.o(.data), (4 bytes).
    Removing svgen.o(.data), (4 bytes).
    Removing pmsm.o(.constdata), (1500 bytes).
    Removing pmsm.o(.data), (4 bytes).
    Removing pmsm.o(.data), (4 bytes).
    Removing pmsm.o(.data), (2 bytes).
    Removing pmsm.o(.data), (2 bytes).
    Removing pmsm.o(.data), (2 bytes).
    Removing pmsm.o(.data), (2 bytes).
    Removing pmsm.o(.data), (4 bytes).
    Removing pmsm.o(.data), (4 bytes).
    Removing pmsm.o(.data), (4 bytes).
    Removing pmsm.o(.data), (4 bytes).
    Removing pmsm.o(.data), (2 bytes).
    Removing pmsm.o(.data), (4 bytes).
    Removing pmsm.o(.data), (2 bytes).
    Removing pmsm.o(.data), (2 bytes).
    Removing pmsm.o(.data), (2 bytes).
    Removing pmsm.o(.data), (2 bytes).
    Removing pmsm.o(.data), (4 bytes).
    Removing pmsm.o(.data), (4 bytes).
    Removing pmsm.o(.data), (1 bytes).
    Removing pmsm.o(.data), (1 bytes).
    Removing pmsm.o(.data), (1 bytes).
    Removing swm1800_can.o(.text), (304 bytes).
    Removing swm1800_cmp.o(.text), (444 bytes).
    Removing swm1800_dma.o(.text), (584 bytes).
    Removing swm1800_flash.o(.text), (120 bytes).
    Removing swm1800_flash.o(.data), (4 bytes).
    Removing swm1800_i2c.o(.text), (240 bytes).
    Removing swm1800_sdadc.o(.text), (396 bytes).
    Removing swm1800_slcd.o(.text), (144 bytes).
    Removing swm1800_spi.o(.text), (376 bytes).
    Removing swm1800_wdt.o(.text), (86 bytes).
    Removing swm1800_cache.o(.text), (164 bytes).
    Removing core_cm0.o(.emb_text), (32 bytes).
    Removing system_swm1800.o(.data), (4 bytes).
    Removing startup_swm1800.o(HEAP), (0 bytes).

49 unused section(s) (total 4497 bytes) removed from the image.

==============================================================================

Image Symbol Table

    Local Symbols

    Symbol Name                              Value     Ov Type        Size  Object(Section)

    RESET                                    0x00000000   Section      200  startup_swm1800.o(RESET)
    ../clib/microlib/division.c              0x00000000   Number         0  uidiv.o ABSOLUTE
    ../clib/microlib/division.c              0x00000000   Number         0  idiv.o ABSOLUTE
    ../clib/microlib/init/entry.s            0x00000000   Number         0  entry7a.o ABSOLUTE
    ../clib/microlib/init/entry.s            0x00000000   Number         0  entry7b.o ABSOLUTE
    ../clib/microlib/init/entry.s            0x00000000   Number         0  entry8b.o ABSOLUTE
    ../clib/microlib/init/entry.s            0x00000000   Number         0  entry10b.o ABSOLUTE
    ../clib/microlib/init/entry.s            0x00000000   Number         0  entry9a.o ABSOLUTE
    ../clib/microlib/init/entry.s            0x00000000   Number         0  entry10a.o ABSOLUTE
    ../clib/microlib/init/entry.s            0x00000000   Number         0  entry8a.o ABSOLUTE
    ../clib/microlib/init/entry.s            0x00000000   Number         0  entry11b.o ABSOLUTE
    ../clib/microlib/init/entry.s            0x00000000   Number         0  entry11a.o ABSOLUTE
    ../clib/microlib/init/entry.s            0x00000000   Number         0  entry.o ABSOLUTE
    ../clib/microlib/init/entry.s            0x00000000   Number         0  entry9b.o ABSOLUTE
    ../clib/microlib/init/entry.s            0x00000000   Number         0  entry2.o ABSOLUTE
    ../clib/microlib/init/entry.s            0x00000000   Number         0  entry5.o ABSOLUTE
    ../clib/microlib/stubs.s                 0x00000000   Number         0  iusefp.o ABSOLUTE
    ../fplib/microlib/fpdiv.c                0x00000000   Number         0  fdiv.o ABSOLUTE
    ../fplib/microlib/fpepilogue.c           0x00000000   Number         0  fepilogue.o ABSOLUTE
    ../fplib/microlib/fpfix.c                0x00000000   Number         0  ffixi.o ABSOLUTE
    ../fplib/microlib/fpflt.c                0x00000000   Number         0  fflti.o ABSOLUTE
    ../fplib/microlib/fpmul.c                0x00000000   Number         0  fmul.o ABSOLUTE
    APP\CalcRef.c                            0x00000000   Number         0  calcref.o ABSOLUTE
    APP\ClrkPark.c                           0x00000000   Number         0  clrkpark.o ABSOLUTE
    APP\FdWeak.c                             0x00000000   Number         0  fdweak.o ABSOLUTE
    APP\InitMcu.c                            0x00000000   Number         0  initmcu.o ABSOLUTE
    APP\InvPark.c                            0x00000000   Number         0  invpark.o ABSOLUTE
    APP\MeasCurr.c                           0x00000000   Number         0  meascurr.o ABSOLUTE
    APP\PMSM.c                               0x00000000   Number         0  pmsm.o ABSOLUTE
    APP\Pi.c                                 0x00000000   Number         0  pi.o ABSOLUTE
    APP\Smc.c                                0x00000000   Number         0  smc.o ABSOLUTE
    APP\Svgen.c                              0x00000000   Number         0  svgen.o ABSOLUTE
    APP\Trig.c                               0x00000000   Number         0  trig.o ABSOLUTE
    CSL\CMSIS\CoreSupport\core_cm0.c         0x00000000   Number         0  core_cm0.o ABSOLUTE
    CSL\CMSIS\DeviceSupport\startup\arm\startup_SWM1800.s 0x00000000   Number         0  startup_swm1800.o ABSOLUTE
    CSL\CMSIS\DeviceSupport\system_SWM1800.c 0x00000000   Number         0  system_swm1800.o ABSOLUTE
    CSL\SWM1800_StdPeriph_Driver\SWM1800_adc.c 0x00000000   Number         0  swm1800_adc.o ABSOLUTE
    CSL\SWM1800_StdPeriph_Driver\SWM1800_cache.c 0x00000000   Number         0  swm1800_cache.o ABSOLUTE
    CSL\SWM1800_StdPeriph_Driver\SWM1800_can.c 0x00000000   Number         0  swm1800_can.o ABSOLUTE
    CSL\SWM1800_StdPeriph_Driver\SWM1800_cmp.c 0x00000000   Number         0  swm1800_cmp.o ABSOLUTE
    CSL\SWM1800_StdPeriph_Driver\SWM1800_cordic.c 0x00000000   Number         0  swm1800_cordic.o ABSOLUTE
    CSL\SWM1800_StdPeriph_Driver\SWM1800_div.c 0x00000000   Number         0  swm1800_div.o ABSOLUTE
    CSL\SWM1800_StdPeriph_Driver\SWM1800_dma.c 0x00000000   Number         0  swm1800_dma.o ABSOLUTE
    CSL\SWM1800_StdPeriph_Driver\SWM1800_exti.c 0x00000000   Number         0  swm1800_exti.o ABSOLUTE
    CSL\SWM1800_StdPeriph_Driver\SWM1800_flash.c 0x00000000   Number         0  swm1800_flash.o ABSOLUTE
    CSL\SWM1800_StdPeriph_Driver\SWM1800_gpio.c 0x00000000   Number         0  swm1800_gpio.o ABSOLUTE
    CSL\SWM1800_StdPeriph_Driver\SWM1800_i2c.c 0x00000000   Number         0  swm1800_i2c.o ABSOLUTE
    CSL\SWM1800_StdPeriph_Driver\SWM1800_irqmux.c 0x00000000   Number         0  swm1800_irqmux.o ABSOLUTE
    CSL\SWM1800_StdPeriph_Driver\SWM1800_port.c 0x00000000   Number         0  swm1800_port.o ABSOLUTE
    CSL\SWM1800_StdPeriph_Driver\SWM1800_pwm.c 0x00000000   Number         0  swm1800_pwm.o ABSOLUTE
    CSL\SWM1800_StdPeriph_Driver\SWM1800_sdadc.c 0x00000000   Number         0  swm1800_sdadc.o ABSOLUTE
    CSL\SWM1800_StdPeriph_Driver\SWM1800_slcd.c 0x00000000   Number         0  swm1800_slcd.o ABSOLUTE
    CSL\SWM1800_StdPeriph_Driver\SWM1800_spi.c 0x00000000   Number         0  swm1800_spi.o ABSOLUTE
    CSL\SWM1800_StdPeriph_Driver\SWM1800_timr.c 0x00000000   Number         0  swm1800_timr.o ABSOLUTE
    CSL\SWM1800_StdPeriph_Driver\SWM1800_uart.c 0x00000000   Number         0  swm1800_uart.o ABSOLUTE
    CSL\SWM1800_StdPeriph_Driver\SWM1800_wdt.c 0x00000000   Number         0  swm1800_wdt.o ABSOLUTE
    CSL\\CMSIS\\CoreSupport\\core_cm0.c      0x00000000   Number         0  core_cm0.o ABSOLUTE
    dc.s                                     0x00000000   Number         0  dc.o ABSOLUTE
    handlers.s                               0x00000000   Number         0  handlers.o ABSOLUTE
    init.s                                   0x00000000   Number         0  init.o ABSOLUTE
    .ARM.Collect$$$$00000000                 0x000000c8   Section        0  entry.o(.ARM.Collect$$$$00000000)
    .ARM.Collect$$$$00000001                 0x000000c8   Section        4  entry2.o(.ARM.Collect$$$$00000001)
    .ARM.Collect$$$$00000004                 0x000000cc   Section        4  entry5.o(.ARM.Collect$$$$00000004)
    .ARM.Collect$$$$00000008                 0x000000d0   Section        0  entry7b.o(.ARM.Collect$$$$00000008)
    .ARM.Collect$$$$0000000A                 0x000000d0   Section        0  entry8b.o(.ARM.Collect$$$$0000000A)
    .ARM.Collect$$$$0000000B                 0x000000d0   Section        8  entry9a.o(.ARM.Collect$$$$0000000B)
    .ARM.Collect$$$$0000000D                 0x000000d8   Section        0  entry10a.o(.ARM.Collect$$$$0000000D)
    .ARM.Collect$$$$0000000F                 0x000000d8   Section        0  entry11a.o(.ARM.Collect$$$$0000000F)
    .ARM.Collect$$$$00002712                 0x000000d8   Section        4  entry2.o(.ARM.Collect$$$$00002712)
    __lit__00000000                          0x000000d8   Data           4  entry2.o(.ARM.Collect$$$$00002712)
    .text                                    0x000000dc   Section        0  smc.o(.text)
    atan2CORDIC                              0x000000dd   Thumb Code   280  smc.o(.text)
    DIV_Div                                  0x000003b7   Thumb Code    14  smc.o(.text)
    .text                                    0x00000400   Section        0  initmcu.o(.text)
    .text                                    0x000004dc   Section        0  fdweak.o(.text)
    .text                                    0x0000055c   Section        0  calcref.o(.text)
    .text                                    0x000005b8   Section        0  clrkpark.o(.text)
    .text                                    0x00000618   Section        0  invpark.o(.text)
    .text                                    0x00000658   Section        0  meascurr.o(.text)
    .text                                    0x000006a8   Section        0  pi.o(.text)
    .text                                    0x00000758   Section        0  svgen.o(.text)
    .text                                    0x00000b18   Section        0  trig.o(.text)
    .text                                    0x00000bf0   Section        0  pmsm.o(.text)
    .text                                    0x000015cc   Section        0  swm1800_adc.o(.text)
    chn2idx                                  0x000016e7   Thumb Code    66  swm1800_adc.o(.text)
    .text                                    0x00001840   Section        0  swm1800_cordic.o(.text)
    .text                                    0x0000185c   Section        0  swm1800_div.o(.text)
    .text                                    0x00001870   Section        0  swm1800_exti.o(.text)
    .text                                    0x000018e0   Section        0  swm1800_gpio.o(.text)
    .text                                    0x00001a50   Section        0  swm1800_irqmux.o(.text)
    .text                                    0x00001b2c   Section        0  swm1800_port.o(.text)
    .text                                    0x00001ca8   Section        0  swm1800_pwm.o(.text)
    .text                                    0x0000211c   Section        0  swm1800_timr.o(.text)
    .text                                    0x000022fc   Section        0  swm1800_uart.o(.text)
    .text                                    0x00002480   Section        0  system_swm1800.o(.text)
    switchToRC32KHz                          0x000024ff   Thumb Code    26  system_swm1800.o(.text)
    .text                                    0x00002530   Section       80  startup_swm1800.o(.text)
    .text                                    0x00002580   Section        0  uidiv.o(.text)
    .text                                    0x000025ac   Section        0  idiv.o(.text)
    .text                                    0x000025d4   Section        0  fmul.o(.text)
    .text                                    0x0000264e   Section        0  fdiv.o(.text)
    .text                                    0x000026ca   Section        0  fflti.o(.text)
    .text                                    0x000026e0   Section        0  ffixi.o(.text)
    .text                                    0x00002712   Section        0  iusefp.o(.text)
    .text                                    0x00002712   Section        0  fepilogue.o(.text)
    .text                                    0x00002794   Section       36  init.o(.text)
    i.CalcBEMF                               0x000027b8   Section        0  smc.o(i.CalcBEMF)
    i.__ARM_common_switch8                   0x00002830   Section        0  svgen.o(i.__ARM_common_switch8)
    i.__scatterload_copy                     0x0000284a   Section       14  handlers.o(i.__scatterload_copy)
    i.__scatterload_null                     0x00002858   Section        2  handlers.o(i.__scatterload_null)
    i.__scatterload_zeroinit                 0x0000285a   Section       14  handlers.o(i.__scatterload_zeroinit)
    .constdata                               0x00002868   Section     4096  svgen.o(.constdata)
    .constdata                               0x00003868   Section      512  trig.o(.constdata)
    .data                                    0x20000000   Section        4  smc.o(.data)
    .data                                    0x20000004   Section        4  meascurr.o(.data)
    .data                                    0x20000008   Section       28  svgen.o(.data)
    .data                                    0x20000024   Section      164  pmsm.o(.data)
    AdCn                                     0x20000024   Data           1  pmsm.o(.data)
    .data                                    0x200000c8   Section        2  pmsm.o(.data)
    .data                                    0x200000ca   Section        2  pmsm.o(.data)
    .data                                    0x200000cc   Section        2  pmsm.o(.data)
    .data                                    0x200000ce   Section        2  pmsm.o(.data)
    .data                                    0x200000d0   Section        2  pmsm.o(.data)
    .data                                    0x200000d4   Section        4  system_swm1800.o(.data)
    .bss                                     0x200000d8   Section       80  fdweak.o(.bss)
    .bss                                     0x20000128   Section      236  pmsm.o(.bss)
    STACK                                    0x20000218   Section     1024  startup_swm1800.o(STACK)
    Stack_Mem                                0x20000218   Data        1024  startup_swm1800.o(STACK)

    Global Symbols

    Symbol Name                              Value     Ov Type        Size  Object(Section)

    BuildAttributes$$THM_ISAv3M$S$PE$A:L22$X:L11$S22$IEEE1$IW$USESV6$~STKCKD$USESV7$~SHL$OTIME$ROPI$EBA8$MICROLIB$REQ8$PRES8$EABIv2 0x00000000   Number         0  anon$$obj.o ABSOLUTE
    __ARM_use_no_argv                        0x00000000   Number         0  pmsm.o ABSOLUTE
    __Vectors                                0x00000000   Data           4  startup_swm1800.o(RESET)
    __cpp_initialize__aeabi_                  - Undefined Weak Reference
    __cxa_finalize                            - Undefined Weak Reference
    __decompress                              - Undefined Weak Reference
    _clock_init                               - Undefined Weak Reference
    _microlib_exit                            - Undefined Weak Reference
    Reset_Handler                            0x000000c1   Thumb Code     4  startup_swm1800.o(RESET)
    __Vectors_End                            0x000000c1   Thumb Code     0  startup_swm1800.o(RESET)
    __Vectors_Size                           0x000000c0   Number         0  startup_swm1800.o ABSOLUTE
    __main                                   0x000000c9   Thumb Code     0  entry.o(.ARM.Collect$$$$00000000)
    _main_stk                                0x000000c9   Thumb Code     0  entry2.o(.ARM.Collect$$$$00000001)
    _main_scatterload                        0x000000cd   Thumb Code     0  entry5.o(.ARM.Collect$$$$00000004)
    __main_after_scatterload                 0x000000d1   Thumb Code     0  entry5.o(.ARM.Collect$$$$00000004)
    _main_clock                              0x000000d1   Thumb Code     0  entry7b.o(.ARM.Collect$$$$00000008)
    _main_cpp_init                           0x000000d1   Thumb Code     0  entry8b.o(.ARM.Collect$$$$0000000A)
    _main_init                               0x000000d1   Thumb Code     0  entry9a.o(.ARM.Collect$$$$0000000B)
    __rt_final_cpp                           0x000000d9   Thumb Code     0  entry10a.o(.ARM.Collect$$$$0000000D)
    __rt_final_exit                          0x000000d9   Thumb Code     0  entry11a.o(.ARM.Collect$$$$0000000F)
    SMC_Position_Estimation                  0x000001f5   Thumb Code   412  smc.o(.text)
    SMCInit                                  0x00000391   Thumb Code    38  smc.o(.text)
    SetupPorts                               0x00000401   Thumb Code   204  initmcu.o(.text)
    FieldWeakening                           0x000004dd   Thumb Code    66  fdweak.o(.text)
    FWInit                                   0x0000051f   Thumb Code    46  fdweak.o(.text)
    CalcRefVec                               0x0000055d   Thumb Code    86  calcref.o(.text)
    ClarkePark                               0x000005b9   Thumb Code    90  clrkpark.o(.text)
    InvPark                                  0x00000619   Thumb Code    64  invpark.o(.text)
    InitMeasCompCurr                         0x00000659   Thumb Code     6  meascurr.o(.text)
    MeasCompCurr                             0x0000065f   Thumb Code    68  meascurr.o(.text)
    InitPI                                   0x000006a9   Thumb Code     8  pi.o(.text)
    CalcPI                                   0x000006b1   Thumb Code    98  pi.o(.text)
    Cal_PID                                  0x00000713   Thumb Code    62  pi.o(.text)
    gabs                                     0x00000751   Thumb Code     8  pi.o(.text)
    dutypid                                  0x00000759   Thumb Code    28  svgen.o(.text)
    Svpwm_Qua                                0x00000775   Thumb Code   112  svgen.o(.text)
    math_cal_0                               0x000007e5   Thumb Code    42  svgen.o(.text)
    Svpwm_Duty                               0x0000080f   Thumb Code   142  svgen.o(.text)
    Svpwm_Cal                                0x0000089d   Thumb Code   192  svgen.o(.text)
    CalcTimes                                0x0000095d   Thumb Code   134  svgen.o(.text)
    CalcSVGen                                0x000009e3   Thumb Code   254  svgen.o(.text)
    SinCos                                   0x00000b19   Thumb Code    96  trig.o(.text)
    sqrt_16                                  0x00000b79   Thumb Code    32  trig.o(.text)
    DIV_Fun                                  0x00000b99   Thumb Code    82  trig.o(.text)
    UartInit                                 0x00000bf1   Thumb Code    74  pmsm.o(.text)
    _CRC16                                   0x00000c3b   Thumb Code    62  pmsm.o(.text)
    uart_putstring2                          0x00000c79   Thumb Code    36  pmsm.o(.text)
    Communication                            0x00000c9d   Thumb Code    62  pmsm.o(.text)
    SetupParm                                0x00000cdb   Thumb Code   450  pmsm.o(.text)
    CountInputFreq_Init                      0x00000e9d   Thumb Code    66  pmsm.o(.text)
    SetupControlParameters                   0x00000edf   Thumb Code   122  pmsm.o(.text)
    main                                     0x00000f59   Thumb Code   324  pmsm.o(.text)
    DoControl                                0x0000109d   Thumb Code   396  pmsm.o(.text)
    CalculateParkAngle                       0x00001229   Thumb Code   246  pmsm.o(.text)
    IRQ0_Handler                             0x0000131f   Thumb Code    92  pmsm.o(.text)
    IRQ1_Handler                             0x0000137b   Thumb Code   178  pmsm.o(.text)
    IRQ2_Handler                             0x0000142d   Thumb Code   110  pmsm.o(.text)
    IRQ5_Handler                             0x0000149b   Thumb Code    98  pmsm.o(.text)
    IRQ4_Handler                             0x000014fd   Thumb Code    66  pmsm.o(.text)
    DebounceDelay                            0x0000153f   Thumb Code    12  pmsm.o(.text)
    VoltRippleComp                           0x0000154b   Thumb Code    44  pmsm.o(.text)
    CountInputFreq                           0x00001577   Thumb Code    18  pmsm.o(.text)
    calculate_rotate_speed                   0x00001589   Thumb Code    32  pmsm.o(.text)
    ADC_Close                                0x000015cd   Thumb Code    12  swm1800_adc.o(.text)
    ADC_Init                                 0x000015d9   Thumb Code   242  swm1800_adc.o(.text)
    ADC_Open                                 0x000016cb   Thumb Code    12  swm1800_adc.o(.text)
    ADC_Start                                0x000016d7   Thumb Code     6  swm1800_adc.o(.text)
    ADC_Stop                                 0x000016dd   Thumb Code    10  swm1800_adc.o(.text)
    ADC_Read                                 0x00001729   Thumb Code    22  swm1800_adc.o(.text)
    ADC_IsEOC                                0x0000173f   Thumb Code    22  swm1800_adc.o(.text)
    ADC_ChnOpen                              0x00001755   Thumb Code     8  swm1800_adc.o(.text)
    ADC_ChnClose                             0x0000175d   Thumb Code     8  swm1800_adc.o(.text)
    ADC_IntEOCEn                             0x00001765   Thumb Code    24  swm1800_adc.o(.text)
    ADC_IntEOCDis                            0x0000177d   Thumb Code    24  swm1800_adc.o(.text)
    ADC_IntEOCClr                            0x00001795   Thumb Code    20  swm1800_adc.o(.text)
    ADC_IntEOCStat                           0x000017a9   Thumb Code    30  swm1800_adc.o(.text)
    ADC_IntOVFEn                             0x000017c7   Thumb Code    26  swm1800_adc.o(.text)
    ADC_IntOVFDis                            0x000017e1   Thumb Code    26  swm1800_adc.o(.text)
    ADC_IntOVFClr                            0x000017fb   Thumb Code    22  swm1800_adc.o(.text)
    ADC_IntOVFStat                           0x00001811   Thumb Code    32  swm1800_adc.o(.text)
    CORDIC_Init                              0x00001841   Thumb Code    28  swm1800_cordic.o(.text)
    DIV_Init                                 0x0000185d   Thumb Code    20  swm1800_div.o(.text)
    EXTI_Clear                               0x00001871   Thumb Code     8  swm1800_exti.o(.text)
    EXTI_Init                                0x00001879   Thumb Code    60  swm1800_exti.o(.text)
    EXTI_Open                                0x000018b5   Thumb Code    12  swm1800_exti.o(.text)
    EXTI_Close                               0x000018c1   Thumb Code    12  swm1800_exti.o(.text)
    EXTI_State                               0x000018cd   Thumb Code    10  swm1800_exti.o(.text)
    EXTI_RawState                            0x000018d7   Thumb Code    10  swm1800_exti.o(.text)
    GPIO_Init                                0x000018e1   Thumb Code   234  swm1800_gpio.o(.text)
    GPIO_SetBit                              0x000019cb   Thumb Code    12  swm1800_gpio.o(.text)
    GPIO_ClrBit                              0x000019d7   Thumb Code    12  swm1800_gpio.o(.text)
    GPIO_InvBit                              0x000019e3   Thumb Code    12  swm1800_gpio.o(.text)
    GPIO_GetBit                              0x000019ef   Thumb Code    10  swm1800_gpio.o(.text)
    GPIO_SetBits                             0x000019f9   Thumb Code    18  swm1800_gpio.o(.text)
    GPIO_ClrBits                             0x00001a0b   Thumb Code    18  swm1800_gpio.o(.text)
    GPIO_InvBits                             0x00001a1d   Thumb Code    18  swm1800_gpio.o(.text)
    GPIO_GetBits                             0x00001a2f   Thumb Code    16  swm1800_gpio.o(.text)
    IRQ_Connect                              0x00001a51   Thumb Code   150  swm1800_irqmux.o(.text)
    IRQ_Which                                0x00001ae7   Thumb Code    50  swm1800_irqmux.o(.text)
    PORT_Init                                0x00001b2d   Thumb Code   372  swm1800_port.o(.text)
    PWM_Stop                                 0x00001ca9   Thumb Code    64  swm1800_pwm.o(.text)
    PWM_Init                                 0x00001ce9   Thumb Code   194  swm1800_pwm.o(.text)
    PWM_Start                                0x00001dab   Thumb Code    56  swm1800_pwm.o(.text)
    PWM_SetCycle                             0x00001de3   Thumb Code    16  swm1800_pwm.o(.text)
    PWM_GetCycle                             0x00001df3   Thumb Code    22  swm1800_pwm.o(.text)
    PWM_SetHDuty                             0x00001e09   Thumb Code    16  swm1800_pwm.o(.text)
    PWM_GetHDuty                             0x00001e19   Thumb Code    22  swm1800_pwm.o(.text)
    PWM_SetDeadzone                          0x00001e2f   Thumb Code    16  swm1800_pwm.o(.text)
    PWM_GetDeadzone                          0x00001e3f   Thumb Code    22  swm1800_pwm.o(.text)
    PWM_IntNCycleEn                          0x00001e55   Thumb Code    80  swm1800_pwm.o(.text)
    PWM_IntNCycleDis                         0x00001ea5   Thumb Code    82  swm1800_pwm.o(.text)
    PWM_IntNCycleClr                         0x00001ef7   Thumb Code    70  swm1800_pwm.o(.text)
    PWM_IntNCycleStat                        0x00001f3d   Thumb Code    84  swm1800_pwm.o(.text)
    PWM_IntHEndEn                            0x00001f91   Thumb Code    96  swm1800_pwm.o(.text)
    PWM_IntHEndDis                           0x00001ff1   Thumb Code    96  swm1800_pwm.o(.text)
    PWM_IntHEndClr                           0x00002051   Thumb Code    96  swm1800_pwm.o(.text)
    PWM_IntHEndStat                          0x000020b1   Thumb Code    98  swm1800_pwm.o(.text)
    TIMR_INTClr                              0x0000211d   Thumb Code    38  swm1800_timr.o(.text)
    TIMR_Stop                                0x00002143   Thumb Code    10  swm1800_timr.o(.text)
    TIMR_Init                                0x0000214d   Thumb Code   152  swm1800_timr.o(.text)
    TIMR_Start                               0x000021e5   Thumb Code    10  swm1800_timr.o(.text)
    TIMR_Halt                                0x000021ef   Thumb Code    48  swm1800_timr.o(.text)
    TIMR_Resume                              0x0000221f   Thumb Code    50  swm1800_timr.o(.text)
    TIMR_SetPeriod                           0x00002251   Thumb Code     4  swm1800_timr.o(.text)
    TIMR_GetPeriod                           0x00002255   Thumb Code     4  swm1800_timr.o(.text)
    TIMR_GetCurValue                         0x00002259   Thumb Code     4  swm1800_timr.o(.text)
    TIMR_INTEn                               0x0000225d   Thumb Code    48  swm1800_timr.o(.text)
    TIMR_INTDis                              0x0000228d   Thumb Code    50  swm1800_timr.o(.text)
    TIMR_INTStat                             0x000022bf   Thumb Code    52  swm1800_timr.o(.text)
    UART_Close                               0x000022fd   Thumb Code    12  swm1800_uart.o(.text)
    UART_Init                                0x00002309   Thumb Code   172  swm1800_uart.o(.text)
    UART_Open                                0x000023b5   Thumb Code    12  swm1800_uart.o(.text)
    UART_WriteByte                           0x000023c1   Thumb Code     4  swm1800_uart.o(.text)
    UART_ReadByte                            0x000023c5   Thumb Code     6  swm1800_uart.o(.text)
    UART_IsDataValid                         0x000023cb   Thumb Code     8  swm1800_uart.o(.text)
    UART_IsTXBusy                            0x000023d3   Thumb Code    10  swm1800_uart.o(.text)
    UART_IsRXFIFOEmpty                       0x000023dd   Thumb Code    10  swm1800_uart.o(.text)
    UART_IsTXFIFOFull                        0x000023e7   Thumb Code     8  swm1800_uart.o(.text)
    UART_SetBaudrate                         0x000023ef   Thumb Code    30  swm1800_uart.o(.text)
    UART_GetBaudrate                         0x0000240d   Thumb Code     8  swm1800_uart.o(.text)
    UART_INTRXThresholdEn                    0x00002415   Thumb Code    10  swm1800_uart.o(.text)
    UART_INTRXThresholdDis                   0x0000241f   Thumb Code    10  swm1800_uart.o(.text)
    UART_INTRXThresholdStat                  0x00002429   Thumb Code     8  swm1800_uart.o(.text)
    UART_INTTXThresholdEn                    0x00002431   Thumb Code    10  swm1800_uart.o(.text)
    UART_INTTXThresholdDis                   0x0000243b   Thumb Code    10  swm1800_uart.o(.text)
    UART_INTTXThresholdStat                  0x00002445   Thumb Code     8  swm1800_uart.o(.text)
    UART_INTTimeoutEn                        0x0000244d   Thumb Code    12  swm1800_uart.o(.text)
    UART_INTTimeoutDis                       0x00002459   Thumb Code    12  swm1800_uart.o(.text)
    UART_INTTimeoutStat                      0x00002465   Thumb Code     8  swm1800_uart.o(.text)
    SystemCoreClockUpdate                    0x00002481   Thumb Code    64  system_swm1800.o(.text)
    SystemInit                               0x000024c1   Thumb Code    62  system_swm1800.o(.text)
    NMI_Handler                              0x00002531   Thumb Code     2  startup_swm1800.o(.text)
    HardFault_Handler                        0x00002533   Thumb Code     2  startup_swm1800.o(.text)
    SVC_Handler                              0x00002535   Thumb Code     2  startup_swm1800.o(.text)
    PendSV_Handler                           0x00002537   Thumb Code     2  startup_swm1800.o(.text)
    SysTick_Handler                          0x00002539   Thumb Code     2  startup_swm1800.o(.text)
    IRQ3_Handler                             0x00002541   Thumb Code     2  startup_swm1800.o(.text)
    IRQ6_Handler                             0x00002547   Thumb Code     2  startup_swm1800.o(.text)
    IRQ7_Handler                             0x00002549   Thumb Code     2  startup_swm1800.o(.text)
    IRQ8_Handler                             0x0000254b   Thumb Code     2  startup_swm1800.o(.text)
    IRQ9_Handler                             0x0000254d   Thumb Code     2  startup_swm1800.o(.text)
    IRQ10_Handler                            0x0000254f   Thumb Code     2  startup_swm1800.o(.text)
    IRQ11_Handler                            0x00002551   Thumb Code     2  startup_swm1800.o(.text)
    IRQ12_Handler                            0x00002553   Thumb Code     2  startup_swm1800.o(.text)
    IRQ13_Handler                            0x00002555   Thumb Code     2  startup_swm1800.o(.text)
    IRQ14_Handler                            0x00002557   Thumb Code     2  startup_swm1800.o(.text)
    IRQ15_Handler                            0x00002559   Thumb Code     2  startup_swm1800.o(.text)
    IRQ16_Handler                            0x0000255b   Thumb Code     2  startup_swm1800.o(.text)
    IRQ17_Handler                            0x0000255d   Thumb Code     2  startup_swm1800.o(.text)
    IRQ18_Handler                            0x0000255f   Thumb Code     2  startup_swm1800.o(.text)
    IRQ19_Handler                            0x00002561   Thumb Code     2  startup_swm1800.o(.text)
    IRQ20_Handler                            0x00002563   Thumb Code     2  startup_swm1800.o(.text)
    IRQ21_Handler                            0x00002565   Thumb Code     2  startup_swm1800.o(.text)
    IRQ22_Handler                            0x00002567   Thumb Code     2  startup_swm1800.o(.text)
    IRQ23_Handler                            0x00002569   Thumb Code     2  startup_swm1800.o(.text)
    IRQ24_Handler                            0x0000256b   Thumb Code     2  startup_swm1800.o(.text)
    IRQ25_Handler                            0x0000256d   Thumb Code     2  startup_swm1800.o(.text)
    IRQ26_Handler                            0x0000256f   Thumb Code     2  startup_swm1800.o(.text)
    IRQ27_Handler                            0x00002571   Thumb Code     2  startup_swm1800.o(.text)
    IRQ28_Handler                            0x00002575   Thumb Code     2  startup_swm1800.o(.text)
    IRQ29_Handler                            0x00002579   Thumb Code     2  startup_swm1800.o(.text)
    IRQ30_Handler                            0x0000257b   Thumb Code     2  startup_swm1800.o(.text)
    IRQ31_Handler                            0x0000257d   Thumb Code     2  startup_swm1800.o(.text)
    __aeabi_uidiv                            0x00002581   Thumb Code     0  uidiv.o(.text)
    __aeabi_uidivmod                         0x00002581   Thumb Code    44  uidiv.o(.text)
    __aeabi_idiv                             0x000025ad   Thumb Code     0  idiv.o(.text)
    __aeabi_idivmod                          0x000025ad   Thumb Code    40  idiv.o(.text)
    __aeabi_fmul                             0x000025d5   Thumb Code   122  fmul.o(.text)
    __aeabi_fdiv                             0x0000264f   Thumb Code   124  fdiv.o(.text)
    __aeabi_i2f                              0x000026cb   Thumb Code    22  fflti.o(.text)
    __aeabi_f2iz                             0x000026e1   Thumb Code    50  ffixi.o(.text)
    __I$use$fp                               0x00002713   Thumb Code     0  iusefp.o(.text)
    _float_round                             0x00002713   Thumb Code    16  fepilogue.o(.text)
    _float_epilogue                          0x00002723   Thumb Code   114  fepilogue.o(.text)
    __scatterload                            0x00002795   Thumb Code    28  init.o(.text)
    __scatterload_rt2                        0x00002795   Thumb Code     0  init.o(.text)
    CalcBEMF                                 0x000027b9   Thumb Code   120  smc.o(i.CalcBEMF)
    __ARM_common_switch8                     0x00002831   Thumb Code    26  svgen.o(i.__ARM_common_switch8)
    __scatterload_copy                       0x0000284b   Thumb Code    14  handlers.o(i.__scatterload_copy)
    __scatterload_null                       0x00002859   Thumb Code     2  handlers.o(i.__scatterload_null)
    __scatterload_zeroinit                   0x0000285b   Thumb Code    14  handlers.o(i.__scatterload_zeroinit)
    sin_dat                                  0x00002868   Data        4096  svgen.o(.constdata)
    SinTable                                 0x00003868   Data         512  trig.o(.constdata)
    Region$$Table$$Base                      0x00003a68   Number         0  anon$$obj.o(Region$$Table)
    Region$$Table$$Limit                     0x00003a88   Number         0  anon$$obj.o(Region$$Table)
    temptheta                                0x20000000   Data           4  smc.o(.data)
    CorrADC0                                 0x20000004   Data           2  meascurr.o(.data)
    CorrADC1                                 0x20000006   Data           2  meascurr.o(.data)
    sin_a_val                                0x20000008   Data           2  svgen.o(.data)
    sin60_a_val                              0x2000000a   Data           2  svgen.o(.data)
    Ta                                       0x2000000c   Data           2  svgen.o(.data)
    Tb                                       0x2000000e   Data           2  svgen.o(.data)
    Tc                                       0x20000010   Data           2  svgen.o(.data)
    Pwm0A                                    0x20000012   Data           2  svgen.o(.data)
    Pwm1A                                    0x20000014   Data           2  svgen.o(.data)
    Pwm2A                                    0x20000016   Data           2  svgen.o(.data)
    pwm_duty_0                               0x20000018   Data           4  svgen.o(.data)
    pwm_duty_1                               0x2000001c   Data           4  svgen.o(.data)
    pwm_duty_2                               0x20000020   Data           4  svgen.o(.data)
    SP_High                                  0x20000025   Data           1  pmsm.o(.data)
    SP_Low                                   0x20000026   Data           1  pmsm.o(.data)
    PWM_CLOCK_CYCLE                          0x20000028   Data           2  pmsm.o(.data)
    DCbus                                    0x2000002a   Data           2  pmsm.o(.data)
    TargetDCbus                              0x2000002c   Data           2  pmsm.o(.data)
    Theta_error                              0x2000002e   Data           2  pmsm.o(.data)
    ADIa                                     0x20000030   Data           2  pmsm.o(.data)
    ADIb                                     0x20000032   Data           2  pmsm.o(.data)
    Loopflag                                 0x20000034   Data           2  pmsm.o(.data)
    Run_nomal                                0x20000036   Data           2  pmsm.o(.data)
    T0_t                                     0x20000038   Data           2  pmsm.o(.data)
    PWM_per                                  0x2000003a   Data           2  pmsm.o(.data)
    W_REF                                    0x2000003c   Data           2  pmsm.o(.data)
    stas                                     0x2000003e   Data           2  pmsm.o(.data)
    VDC_status                               0x20000040   Data           2  pmsm.o(.data)
    VDC_status_tiems                         0x20000042   Data           2  pmsm.o(.data)
    SPREF                                    0x20000044   Data           2  pmsm.o(.data)
    Qref                                     0x20000046   Data           2  pmsm.o(.data)
    AccumCurrentCnt                          0x20000048   Data           2  pmsm.o(.data)
    adc_flag                                 0x2000004a   Data           2  pmsm.o(.data)
    speedmax                                 0x2000004c   Data           2  pmsm.o(.data)
    delta_startup                            0x2000004e   Data           2  pmsm.o(.data)
    SPEED                                    0x20000050   Data           2  pmsm.o(.data)
    View1                                    0x20000052   Data           2  pmsm.o(.data)
    View2                                    0x20000054   Data           2  pmsm.o(.data)
    View3                                    0x20000056   Data           2  pmsm.o(.data)
    View4                                    0x20000058   Data           2  pmsm.o(.data)
    reset_delaytimes                         0x2000005a   Data           2  pmsm.o(.data)
    Startup_Ramp                             0x2000005c   Data           4  pmsm.o(.data)
    Startup_Lock                             0x20000060   Data           4  pmsm.o(.data)
    AccumThetaCnt                            0x20000064   Data           4  pmsm.o(.data)
    qVdSquared                               0x20000068   Data           4  pmsm.o(.data)
    uGF                                      0x2000006c   Data           4  pmsm.o(.data)
    ReadADCParm                              0x20000070   Data           4  pmsm.o(.data)
    SpeedV                                   0x20000074   Data           4  pmsm.o(.data)
    SpeedTotal                               0x20000078   Data           4  pmsm.o(.data)
    Speedtimes                               0x2000007c   Data           4  pmsm.o(.data)
    VdcTotal                                 0x20000080   Data           4  pmsm.o(.data)
    Vdctimes                                 0x20000084   Data           4  pmsm.o(.data)
    CtrlParm                                 0x20000088   Data           6  pmsm.o(.data)
    MeasCurrParm                             0x2000008e   Data           8  pmsm.o(.data)
    MotorParm                                0x20000098   Data           8  pmsm.o(.data)
    SVGenParm                                0x200000a0   Data           8  pmsm.o(.data)
    ParkParm                                 0x200000a8   Data          32  pmsm.o(.data)
    PrevTheta                                0x200000c8   Data           2  pmsm.o(.data)
    AccumTheta                               0x200000ca   Data           2  pmsm.o(.data)
    Sector                                   0x200000cc   Data           2  pmsm.o(.data)
    Kself_omega0                             0x200000ce   Data           2  pmsm.o(.data)
    sector                                   0x200000d0   Data           2  pmsm.o(.data)
    SystemCoreClock                          0x200000d4   Data           4  system_swm1800.o(.data)
    FdWeakParm                               0x200000d8   Data          80  fdweak.o(.bss)
    smc1                                     0x20000128   Data          50  pmsm.o(.bss)
    InpFreqCnt                               0x2000015c   Data          16  pmsm.o(.bss)
    PIParmD                                  0x2000016c   Data          28  pmsm.o(.bss)
    PIParmQ                                  0x20000188   Data          28  pmsm.o(.bss)
    PIParmW                                  0x200001a4   Data          28  pmsm.o(.bss)
    PI_DTerm                                 0x200001c0   Data          28  pmsm.o(.bss)
    PI_WTerm                                 0x200001dc   Data          28  pmsm.o(.bss)
    PI_QTerm                                 0x200001f8   Data          28  pmsm.o(.bss)
    __initial_sp                             0x20000618   Data           0  startup_swm1800.o(STACK)



==============================================================================

Memory Map of the image

  Image Entry point : 0x000000c9

  Load Region LR_IROM1 (Base: 0x00000000, Size: 0x00003b60, Max: 0x00004000, ABSOLUTE)

    Execution Region ER_IROM1 (Base: 0x00000000, Size: 0x00003a88, Max: 0x00004000, ABSOLUTE)

    Base Addr    Size         Type   Attr      Idx    E Section Name        Object

    0x00000000   0x000000c8   Code   RO          673    RESET               startup_swm1800.o
    0x000000c8   0x00000000   Code   RO          681  * .ARM.Collect$$$$00000000  mc_p.l(entry.o)
    0x000000c8   0x00000004   Code   RO          696    .ARM.Collect$$$$00000001  mc_p.l(entry2.o)
    0x000000cc   0x00000004   Code   RO          699    .ARM.Collect$$$$00000004  mc_p.l(entry5.o)
    0x000000d0   0x00000000   Code   RO          701    .ARM.Collect$$$$00000008  mc_p.l(entry7b.o)
    0x000000d0   0x00000000   Code   RO          703    .ARM.Collect$$$$0000000A  mc_p.l(entry8b.o)
    0x000000d0   0x00000008   Code   RO          704    .ARM.Collect$$$$0000000B  mc_p.l(entry9a.o)
    0x000000d8   0x00000000   Code   RO          706    .ARM.Collect$$$$0000000D  mc_p.l(entry10a.o)
    0x000000d8   0x00000000   Code   RO          708    .ARM.Collect$$$$0000000F  mc_p.l(entry11a.o)
    0x000000d8   0x00000004   Code   RO          697    .ARM.Collect$$$$00002712  mc_p.l(entry2.o)
    0x000000dc   0x00000324   Code   RO            1    .text               smc.o
    0x00000400   0x000000dc   Code   RO          135    .text               initmcu.o
    0x000004dc   0x00000080   Code   RO          153    .text               fdweak.o
    0x0000055c   0x0000005c   Code   RO          171    .text               calcref.o
    0x000005b8   0x00000060   Code   RO          191    .text               clrkpark.o
    0x00000618   0x00000040   Code   RO          203    .text               invpark.o
    0x00000658   0x00000050   Code   RO          215    .text               meascurr.o
    0x000006a8   0x000000b0   Code   RO          235    .text               pi.o
    0x00000758   0x000003c0   Code   RO          250    .text               svgen.o
    0x00000b18   0x000000d8   Code   RO          280    .text               trig.o
    0x00000bf0   0x000009dc   Code   RO          298    .text               pmsm.o
    0x000015cc   0x00000274   Code   RO          380    .text               swm1800_adc.o
    0x00001840   0x0000001c   Code   RO          418    .text               swm1800_cordic.o
    0x0000185c   0x00000014   Code   RO          430    .text               swm1800_div.o
    0x00001870   0x00000070   Code   RO          454    .text               swm1800_exti.o
    0x000018e0   0x00000170   Code   RO          482    .text               swm1800_gpio.o
    0x00001a50   0x000000dc   Code   RO          507    .text               swm1800_irqmux.o
    0x00001b2c   0x0000017c   Code   RO          522    .text               swm1800_port.o
    0x00001ca8   0x00000474   Code   RO          534    .text               swm1800_pwm.o
    0x0000211c   0x000001e0   Code   RO          584    .text               swm1800_timr.o
    0x000022fc   0x00000184   Code   RO          597    .text               swm1800_uart.o
    0x00002480   0x000000b0   Code   RO          646    .text               system_swm1800.o
    0x00002530   0x00000050   Code   RO          674    .text               startup_swm1800.o
    0x00002580   0x0000002c   Code   RO          684    .text               mc_p.l(uidiv.o)
    0x000025ac   0x00000028   Code   RO          686    .text               mc_p.l(idiv.o)
    0x000025d4   0x0000007a   Code   RO          688    .text               mf_p.l(fmul.o)
    0x0000264e   0x0000007c   Code   RO          690    .text               mf_p.l(fdiv.o)
    0x000026ca   0x00000016   Code   RO          692    .text               mf_p.l(fflti.o)
    0x000026e0   0x00000032   Code   RO          694    .text               mf_p.l(ffixi.o)
    0x00002712   0x00000000   Code   RO          710    .text               mc_p.l(iusefp.o)
    0x00002712   0x00000082   Code   RO          711    .text               mf_p.l(fepilogue.o)
    0x00002794   0x00000024   Code   RO          713    .text               mc_p.l(init.o)
    0x000027b8   0x00000078   Code   RO           20    i.CalcBEMF          smc.o
    0x00002830   0x0000001a   Code   RO          270    i.__ARM_common_switch8  svgen.o
    0x0000284a   0x0000000e   Code   RO          717    i.__scatterload_copy  mc_p.l(handlers.o)
    0x00002858   0x00000002   Code   RO          718    i.__scatterload_null  mc_p.l(handlers.o)
    0x0000285a   0x0000000e   Code   RO          719    i.__scatterload_zeroinit  mc_p.l(handlers.o)
    0x00002868   0x00001000   Data   RO          251    .constdata          svgen.o
    0x00003868   0x00000200   Data   RO          281    .constdata          trig.o
    0x00003a68   0x00000020   Data   RO          715    Region$$Table       anon$$obj.o


    Execution Region RW_IRAM1 (Base: 0x20000000, Size: 0x00000618, Max: 0x00002000, ABSOLUTE)

    Base Addr    Size         Type   Attr      Idx    E Section Name        Object

    0x20000000   0x00000004   Data   RW            4    .data               smc.o
    0x20000004   0x00000004   Data   RW          216    .data               meascurr.o
    0x20000008   0x0000001c   Data   RW          252    .data               svgen.o
    0x20000024   0x000000a4   Data   RW          301    .data               pmsm.o
    0x200000c8   0x00000002   Data   RW          304    .data               pmsm.o
    0x200000ca   0x00000002   Data   RW          305    .data               pmsm.o
    0x200000cc   0x00000002   Data   RW          314    .data               pmsm.o
    0x200000ce   0x00000002   Data   RW          316    .data               pmsm.o
    0x200000d0   0x00000002   Data   RW          324    .data               pmsm.o
    0x200000d2   0x00000002   PAD
    0x200000d4   0x00000004   Data   RW          647    .data               system_swm1800.o
    0x200000d8   0x00000050   Zero   RW          154    .bss                fdweak.o
    0x20000128   0x000000ec   Zero   RW          299    .bss                pmsm.o
    0x20000214   0x00000004   PAD
    0x20000218   0x00000400   Zero   RW          671    STACK               startup_swm1800.o


==============================================================================

Image component sizes


      Code (inc. data)   RO Data    RW Data    ZI Data      Debug   Object Name

        92          6          0          0          0       1868   calcref.o
        96          6          0          0          0        965   clrkpark.o
         0          0          0          0          0         32   core_cm0.o
       128         16          0          0         80       1401   fdweak.o
       220         16          0          0          0        469   initmcu.o
        64          0          0          0          0        926   invpark.o
        80          6          0          4          0       1911   meascurr.o
       176          0          0          0          0       2013   pi.o
      2524        184          0        174        236      16929   pmsm.o
       924         60          0          4          0      79422   smc.o
       280        202          0          0       1024       2244   startup_swm1800.o
       986         66       4096         28          0       4965   svgen.o
       628         16          0          0          0       4731   swm1800_adc.o
        28          0          0          0          0        902   swm1800_cordic.o
        20          0          0          0          0        847   swm1800_div.o
       112          0          0          0          0       1959   swm1800_exti.o
       368         18          0          0          0       3044   swm1800_gpio.o
       220         20          0          0          0       9428   swm1800_irqmux.o
       380          8          0          0          0       1376   swm1800_port.o
      1140         20          0          0          0       5406   swm1800_pwm.o
       480         10          0          0          0       2928   swm1800_timr.o
       388         20          0          0          0       4057   swm1800_uart.o
       176         24          0          4          0       1765   system_swm1800.o
       216          6        512          0          0       2896   trig.o

    ----------------------------------------------------------------------
      9726        704       4640        216       1344     152484   Object Totals
         0          0         32          0          0          0   (incl. Generated)
         0          0          0          2          4          0   (incl. Padding)

    ----------------------------------------------------------------------

      Code (inc. data)   RO Data    RW Data    ZI Data      Debug   Library Member Name

         0          0          0          0          0          0   entry.o
         0          0          0          0          0          0   entry10a.o
         0          0          0          0          0          0   entry11a.o
         8          4          0          0          0          0   entry2.o
         4          0          0          0          0          0   entry5.o
         0          0          0          0          0          0   entry7b.o
         0          0          0          0          0          0   entry8b.o
         8          4          0          0          0          0   entry9a.o
        30          0          0          0          0          0   handlers.o
        40          0          0          0          0         72   idiv.o
        36          8          0          0          0         68   init.o
         0          0          0          0          0          0   iusefp.o
        44          0          0          0          0         72   uidiv.o
       124          0          0          0          0         72   fdiv.o
       130          0          0          0          0        144   fepilogue.o
        50          0          0          0          0         60   ffixi.o
        22          0          0          0          0         68   fflti.o
       122          0          0          0          0         72   fmul.o

    ----------------------------------------------------------------------
       618         16          0          0          0        628   Library Totals
         0          0          0          0          0          0   (incl. Padding)

    ----------------------------------------------------------------------

      Code (inc. data)   RO Data    RW Data    ZI Data      Debug   Library Name

       170         16          0          0          0        212   mc_p.l
       448          0          0          0          0        416   mf_p.l

    ----------------------------------------------------------------------
       618         16          0          0          0        628   Library Totals

    ----------------------------------------------------------------------

==============================================================================


      Code (inc. data)   RO Data    RW Data    ZI Data      Debug   

     10344        720       4640        216       1344     150968   Grand Totals
     10344        720       4640        216       1344     150968   ELF Image Totals
     10344        720       4640        216          0          0   ROM Totals

==============================================================================

    Total RO  Size (Code + RO Data)                14984 (  14.63kB)
    Total RW  Size (RW Data + ZI Data)              1560 (   1.52kB)
    Total ROM Size (Code + RO Data + RW Data)      15200 (  14.84kB)

==============================================================================

