Component: ARM Compiler 5.05 update 2 (build 169) Tool: armlink [4d0f33]

==============================================================================

Section Cross References

    smc.o(.text) refers to smc.o(i.CalcEstI) for CalcEstI
    smc.o(.text) refers to trig.o(.text) for DIV_Fun
    smc.o(.text) refers to smc.o(i.CalcBEMF) for CalcBEMF
    smc.o(.text) refers to pmsm.o(.data) for PrevTheta
    smc.o(.text) refers to smc.o(.data) for temptheta
    initmcu.o(.text) refers to swm1800_gpio.o(.text) for GPIO_Init
    initmcu.o(.text) refers to swm1800_port.o(.text) for PORT_Init
    fdweak.o(.text) refers to trig.o(.text) for DIV_Fun
    fdweak.o(.text) refers to fdweak.o(.bss) for FdWeakParm
    meascurr.o(.text) refers to meascurr.o(.data) for CorrADC0
    svgen.o(.text) refers to trig.o(.text) for DIV_Fun
    svgen.o(.text) refers to svgen.o(i.__ARM_common_switch8) for __ARM_common_switch8
    svgen.o(.text) refers to idiv.o(.text) for __aeabi_idivmod
    svgen.o(.text) refers to svgen.o(.constdata) for sin_dat
    svgen.o(.text) refers to pmsm.o(.data) for Sector
    svgen.o(.text) refers to svgen.o(.data) for sin60_a_val
    trig.o(.text) refers to trig.o(.constdata) for SinTable
    pmsm.o(.text) refers to swm1800_port.o(.text) for PORT_Init
    pmsm.o(.text) refers to swm1800_uart.o(.text) for UART_Init
    pmsm.o(.text) refers to swm1800_irqmux.o(.text) for IRQ_Connect
    pmsm.o(.text) refers to pi.o(.text) for InitPI
    pmsm.o(.text) refers to idiv.o(.text) for __aeabi_idivmod
    pmsm.o(.text) refers to uidiv.o(.text) for __aeabi_uidivmod
    pmsm.o(.text) refers to swm1800_exti.o(.text) for EXTI_Open
    pmsm.o(.text) refers to swm1800_pwm.o(.text) for PWM_Init
    pmsm.o(.text) refers to swm1800_timr.o(.text) for TIMR_Init
    pmsm.o(.text) refers to swm1800_adc.o(.text) for ADC_Init
    pmsm.o(.text) refers to pmsm.o(.bss) for PIParmD
    pmsm.o(.text) refers to pmsm.o(.data) for SPREF
    pmsm.o(.text) refers to meascurr.o(.text) for InitMeasCompCurr
    pmsm.o(.text) refers to swm1800_gpio.o(.text) for GPIO_Init
    pmsm.o(.text) refers to system_swm1800.o(.text) for SystemInit
    pmsm.o(.text) refers to swm1800_div.o(.text) for DIV_Init
    pmsm.o(.text) refers to swm1800_cordic.o(.text) for CORDIC_Init
    pmsm.o(.text) refers to smc.o(.text) for SMCInit
    pmsm.o(.text) refers to initmcu.o(.text) for SetupPorts
    pmsm.o(.text) refers to fdweak.o(.text) for FWInit
    pmsm.o(.text) refers to faultprotect.o(.text) for motor_fault_init
    pmsm.o(.text) refers to fflti.o(.text) for __aeabi_i2f
    pmsm.o(.text) refers to fmul.o(.text) for __aeabi_fmul
    pmsm.o(.text) refers to fdiv.o(.text) for __aeabi_fdiv
    pmsm.o(.text) refers to ffixi.o(.text) for __aeabi_f2iz
    pmsm.o(.text) refers to trig.o(.text) for sqrt_16
    pmsm.o(.text) refers to clrkpark.o(.text) for ClarkePark
    pmsm.o(.text) refers to invpark.o(.text) for InvPark
    pmsm.o(.text) refers to calcref.o(.text) for CalcRefVec
    pmsm.o(.text) refers to svgen.o(.text) for CalcSVGen
    faultprotect.o(.text) refers to svgen.o(i.__ARM_common_switch8) for __ARM_common_switch8
    faultprotect.o(.text) refers to dflti.o(.text) for __aeabi_i2d
    faultprotect.o(.text) refers to cdrcmple.o(.text) for __aeabi_cdrcmple
    faultprotect.o(.text) refers to cdcmple.o(.text) for __aeabi_cdcmple
    faultprotect.o(.text) refers to pi.o(.text) for gabs
    faultprotect.o(.text) refers to pmsm.o(.data) for TargetDCbus
    faultprotect.o(.text) refers to faultprotect.o(.data) for dcbus_over_times
    faultprotect.o(.text) refers to meascurr.o(.data) for CorrADC0
    faultprotect.o(.data) refers to faultprotect.o(.text) for dcbus_voltage_protect
    swm1800_can.o(.text) refers to uidiv.o(.text) for __aeabi_uidivmod
    swm1800_can.o(.text) refers to system_swm1800.o(.data) for SystemCoreClock
    swm1800_cordic.o(.text) refers to swm1800_div.o(.text) for DIV_Init
    swm1800_dma.o(.text) refers to svgen.o(i.__ARM_common_switch8) for __ARM_common_switch8
    swm1800_flash.o(.text) refers to swm1800_cache.o(.text) for CACHE_Invalid
    swm1800_flash.o(.text) refers to swm1800_flash.o(.data) for IAPfunc
    swm1800_gpio.o(.text) refers to swm1800_port.o(.text) for PORT_Init
    swm1800_i2c.o(.text) refers to uidiv.o(.text) for __aeabi_uidivmod
    swm1800_i2c.o(.text) refers to system_swm1800.o(.data) for SystemCoreClock
    swm1800_slcd.o(.text) refers to uidiv.o(.text) for __aeabi_uidivmod
    swm1800_slcd.o(.text) refers to system_swm1800.o(.data) for SystemCoreClock
    swm1800_uart.o(.text) refers to uidiv.o(.text) for __aeabi_uidivmod
    swm1800_uart.o(.text) refers to system_swm1800.o(.data) for SystemCoreClock
    system_swm1800.o(.text) refers to swm1800_port.o(.text) for PORT_Init
    system_swm1800.o(.text) refers to svgen.o(i.__ARM_common_switch8) for __ARM_common_switch8
    system_swm1800.o(.text) refers to system_swm1800.o(.data) for SystemCoreClock
    startup_swm1800.o(RESET) refers to startup_swm1800.o(STACK) for Stack_Mem
    startup_swm1800.o(RESET) refers to startup_swm1800.o(.text) for NMI_Handler
    startup_swm1800.o(RESET) refers to pmsm.o(.text) for IRQ0_Handler
    startup_swm1800.o(RESET) refers to entry.o(.ARM.Collect$$$$00000000) for __main
    entry.o(.ARM.Collect$$$$00000000) refers (Special) to entry10a.o(.ARM.Collect$$$$0000000D) for __rt_final_cpp
    entry.o(.ARM.Collect$$$$00000000) refers (Special) to entry11a.o(.ARM.Collect$$$$0000000F) for __rt_final_exit
    entry.o(.ARM.Collect$$$$00000000) refers (Special) to entry7b.o(.ARM.Collect$$$$00000008) for _main_clock
    entry.o(.ARM.Collect$$$$00000000) refers (Special) to entry8b.o(.ARM.Collect$$$$0000000A) for _main_cpp_init
    entry.o(.ARM.Collect$$$$00000000) refers (Special) to entry9a.o(.ARM.Collect$$$$0000000B) for _main_init
    entry.o(.ARM.Collect$$$$00000000) refers (Special) to entry5.o(.ARM.Collect$$$$00000004) for _main_scatterload
    entry.o(.ARM.Collect$$$$00000000) refers (Special) to entry2.o(.ARM.Collect$$$$00000001) for _main_stk
    idiv.o(.text) refers to uidiv.o(.text) for __aeabi_uidivmod
    fmul.o(.text) refers (Special) to iusefp.o(.text) for __I$use$fp
    fdiv.o(.text) refers (Special) to iusefp.o(.text) for __I$use$fp
    fdiv.o(.text) refers to fepilogue.o(.text) for _float_round
    fflti.o(.text) refers (Special) to iusefp.o(.text) for __I$use$fp
    fflti.o(.text) refers to fepilogue.o(.text) for _float_epilogue
    dflti.o(.text) refers (Special) to iusefp.o(.text) for __I$use$fp
    dflti.o(.text) refers to depilogue.o(.text) for _double_epilogue
    ffixi.o(.text) refers (Special) to iusefp.o(.text) for __I$use$fp
    cdcmple.o(.text) refers (Special) to iusefp.o(.text) for __I$use$fp
    cdrcmple.o(.text) refers (Special) to iusefp.o(.text) for __I$use$fp
    entry2.o(.ARM.Collect$$$$00000001) refers to entry2.o(.ARM.Collect$$$$00002712) for __lit__00000000
    entry2.o(.ARM.Collect$$$$00002712) refers to startup_swm1800.o(STACK) for __initial_sp
    entry2.o(__vectab_stack_and_reset_area) refers to startup_swm1800.o(STACK) for __initial_sp
    entry2.o(__vectab_stack_and_reset_area) refers to entry.o(.ARM.Collect$$$$00000000) for __main
    entry5.o(.ARM.Collect$$$$00000004) refers to init.o(.text) for __scatterload
    entry9a.o(.ARM.Collect$$$$0000000B) refers to pmsm.o(.text) for main
    entry9b.o(.ARM.Collect$$$$0000000C) refers to pmsm.o(.text) for main
    depilogue.o(.text) refers to depilogue.o(i.__ARM_clz) for __ARM_clz
    depilogue.o(.text) refers to llshl.o(.text) for __aeabi_llsl
    depilogue.o(.text) refers to llushr.o(.text) for __aeabi_llsr
    init.o(.text) refers to entry5.o(.ARM.Collect$$$$00000004) for __main_after_scatterload


==============================================================================

Removing Unused input sections from the image.

    Removing swm1800_can.o(.text), (332 bytes).
    Removing swm1800_cmp.o(.text), (660 bytes).
    Removing swm1800_dma.o(.text), (968 bytes).
    Removing swm1800_flash.o(.text), (168 bytes).
    Removing swm1800_flash.o(.data), (4 bytes).
    Removing swm1800_i2c.o(.text), (272 bytes).
    Removing swm1800_sdadc.o(.text), (480 bytes).
    Removing swm1800_slcd.o(.text), (168 bytes).
    Removing swm1800_spi.o(.text), (440 bytes).
    Removing swm1800_wdt.o(.text), (102 bytes).
    Removing swm1800_cache.o(.text), (236 bytes).
    Removing core_cm0.o(.emb_text), (32 bytes).
    Removing startup_swm1800.o(HEAP), (0 bytes).

13 unused section(s) (total 3862 bytes) removed from the image.

==============================================================================

Adding Veneers to the image

    Adding TT veneer (12 bytes, Long) for call to 'PORT_Init' from initmcu.o(.text).
    Adding TT veneer (12 bytes, Long) for call to '__ARM_common_switch8' from svgen.o(.text).
    Adding TT veneer (12 bytes, Long) for call to '_float_round' from fdiv.o(.text).
    Adding TT veneer (12 bytes, Long) for call to '_float_epilogue' from fflti.o(.text).
    Adding TT veneer (12 bytes, Long) for call to '__ARM_clz' from depilogue.o(.text).
    Adding TT veneer (12 bytes, Long) for call to '__aeabi_llsr' from depilogue.o(.text).
    Adding TT veneer (12 bytes, Long) for call to 'CalcEstI' from smc.o(.text).
    Adding TT veneer (12 bytes, Long) for call to 'DIV_Fun' from smc.o(.text).
    Adding TT veneer (12 bytes, Long) for call to '__aeabi_idivmod' from pmsm.o(.text).
    Adding TT veneer (12 bytes, Long) for call to '__aeabi_uidivmod' from pmsm.o(.text).
    Adding TT veneer (12 bytes, Long) for call to 'PWM_Init' from pmsm.o(.text).
    Adding TT veneer (12 bytes, Long) for call to 'TIMR_Init' from pmsm.o(.text).
    Adding TT veneer (12 bytes, Long) for call to 'TIMR_Start' from pmsm.o(.text).
    Adding TT veneer (12 bytes, Long) for call to 'GPIO_Init' from pmsm.o(.text).
    Adding TT veneer (12 bytes, Long) for call to 'SystemInit' from pmsm.o(.text).
    Adding TT veneer (12 bytes, Long) for call to 'SetupPorts' from pmsm.o(.text).
    Adding TT veneer (12 bytes, Long) for call to 'FWInit' from pmsm.o(.text).
    Adding TT veneer (12 bytes, Long) for call to '__aeabi_i2f' from pmsm.o(.text).
    Adding TT veneer (12 bytes, Long) for call to '__aeabi_fmul' from pmsm.o(.text).
    Adding TT veneer (12 bytes, Long) for call to '__aeabi_fdiv' from pmsm.o(.text).
    Adding TT veneer (12 bytes, Long) for call to 'sqrt_16' from pmsm.o(.text).
    Adding TT veneer (12 bytes, Long) for call to 'FieldWeakening' from pmsm.o(.text).
    Adding TT veneer (12 bytes, Long) for call to 'SinCos' from pmsm.o(.text).
    Adding TT veneer (12 bytes, Long) for call to 'InvPark' from pmsm.o(.text).
    Adding TT veneer (12 bytes, Long) for call to 'CalcSVGen' from pmsm.o(.text).
    Adding TT veneer (12 bytes, Long) for call to 'TIMR_Stop' from pmsm.o(.text).
    Adding TT veneer (12 bytes, Long) for call to 'TIMR_INTClr' from pmsm.o(.text).
    Adding TT veneer (12 bytes, Long) for call to 'GPIO_InvBit' from pmsm.o(.text).
    Adding TT veneer (12 bytes, Long) for call to '__aeabi_i2d' from faultprotect.o(.text).
    Adding TT veneer (12 bytes, Long) for call to '__aeabi_cdrcmple' from faultprotect.o(.text).

30 Veneer(s) (total 360 bytes) added to the image.

==============================================================================

Image Symbol Table

    Local Symbols

    Symbol Name                              Value     Ov Type        Size  Object(Section)

    RESET                                    0x00000000   Section      272  startup_swm1800.o(RESET)
    ../clib/../cmprslib/zerorunl2.c          0x00000000   Number         0  __dczerorl2.o ABSOLUTE
    ../clib/microlib/division.c              0x00000000   Number         0  idiv.o ABSOLUTE
    ../clib/microlib/division.c              0x00000000   Number         0  uidiv.o ABSOLUTE
    ../clib/microlib/init/entry.s            0x00000000   Number         0  entry.o ABSOLUTE
    ../clib/microlib/init/entry.s            0x00000000   Number         0  entry2.o ABSOLUTE
    ../clib/microlib/init/entry.s            0x00000000   Number         0  entry5.o ABSOLUTE
    ../clib/microlib/init/entry.s            0x00000000   Number         0  entry7a.o ABSOLUTE
    ../clib/microlib/init/entry.s            0x00000000   Number         0  entry7b.o ABSOLUTE
    ../clib/microlib/init/entry.s            0x00000000   Number         0  entry8a.o ABSOLUTE
    ../clib/microlib/init/entry.s            0x00000000   Number         0  entry8b.o ABSOLUTE
    ../clib/microlib/init/entry.s            0x00000000   Number         0  entry9a.o ABSOLUTE
    ../clib/microlib/init/entry.s            0x00000000   Number         0  entry9b.o ABSOLUTE
    ../clib/microlib/init/entry.s            0x00000000   Number         0  entry10a.o ABSOLUTE
    ../clib/microlib/init/entry.s            0x00000000   Number         0  entry10b.o ABSOLUTE
    ../clib/microlib/init/entry.s            0x00000000   Number         0  entry11a.o ABSOLUTE
    ../clib/microlib/init/entry.s            0x00000000   Number         0  entry11b.o ABSOLUTE
    ../clib/microlib/longlong.c              0x00000000   Number         0  llshl.o ABSOLUTE
    ../clib/microlib/longlong.c              0x00000000   Number         0  llushr.o ABSOLUTE
    ../clib/microlib/stubs.s                 0x00000000   Number         0  iusefp.o ABSOLUTE
    ../fplib/microlib/fpdiv.c                0x00000000   Number         0  fdiv.o ABSOLUTE
    ../fplib/microlib/fpepilogue.c           0x00000000   Number         0  fepilogue.o ABSOLUTE
    ../fplib/microlib/fpepilogue.c           0x00000000   Number         0  depilogue.o ABSOLUTE
    ../fplib/microlib/fpfix.c                0x00000000   Number         0  ffixi.o ABSOLUTE
    ../fplib/microlib/fpflt.c                0x00000000   Number         0  fflti.o ABSOLUTE
    ../fplib/microlib/fpflt.c                0x00000000   Number         0  dflti.o ABSOLUTE
    ../fplib/microlib/fpmul.c                0x00000000   Number         0  fmul.o ABSOLUTE
    APP\CalcRef.c                            0x00000000   Number         0  calcref.o ABSOLUTE
    APP\ClrkPark.c                           0x00000000   Number         0  clrkpark.o ABSOLUTE
    APP\FdWeak.c                             0x00000000   Number         0  fdweak.o ABSOLUTE
    APP\InitMcu.c                            0x00000000   Number         0  initmcu.o ABSOLUTE
    APP\InvPark.c                            0x00000000   Number         0  invpark.o ABSOLUTE
    APP\MeasCurr.c                           0x00000000   Number         0  meascurr.o ABSOLUTE
    APP\PMSM.c                               0x00000000   Number         0  pmsm.o ABSOLUTE
    APP\Pi.c                                 0x00000000   Number         0  pi.o ABSOLUTE
    APP\Smc.c                                0x00000000   Number         0  smc.o ABSOLUTE
    APP\Svgen.c                              0x00000000   Number         0  svgen.o ABSOLUTE
    APP\Trig.c                               0x00000000   Number         0  trig.o ABSOLUTE
    APP\faultprotect.c                       0x00000000   Number         0  faultprotect.o ABSOLUTE
    CSL\CMSIS\CoreSupport\core_cm0.c         0x00000000   Number         0  core_cm0.o ABSOLUTE
    CSL\CMSIS\DeviceSupport\startup\arm\startup_SWM1800.s 0x00000000   Number         0  startup_swm1800.o ABSOLUTE
    CSL\CMSIS\DeviceSupport\system_SWM1800.c 0x00000000   Number         0  system_swm1800.o ABSOLUTE
    CSL\SWM1800_StdPeriph_Driver\SWM1800_adc.c 0x00000000   Number         0  swm1800_adc.o ABSOLUTE
    CSL\SWM1800_StdPeriph_Driver\SWM1800_cache.c 0x00000000   Number         0  swm1800_cache.o ABSOLUTE
    CSL\SWM1800_StdPeriph_Driver\SWM1800_can.c 0x00000000   Number         0  swm1800_can.o ABSOLUTE
    CSL\SWM1800_StdPeriph_Driver\SWM1800_cmp.c 0x00000000   Number         0  swm1800_cmp.o ABSOLUTE
    CSL\SWM1800_StdPeriph_Driver\SWM1800_cordic.c 0x00000000   Number         0  swm1800_cordic.o ABSOLUTE
    CSL\SWM1800_StdPeriph_Driver\SWM1800_div.c 0x00000000   Number         0  swm1800_div.o ABSOLUTE
    CSL\SWM1800_StdPeriph_Driver\SWM1800_dma.c 0x00000000   Number         0  swm1800_dma.o ABSOLUTE
    CSL\SWM1800_StdPeriph_Driver\SWM1800_exti.c 0x00000000   Number         0  swm1800_exti.o ABSOLUTE
    CSL\SWM1800_StdPeriph_Driver\SWM1800_flash.c 0x00000000   Number         0  swm1800_flash.o ABSOLUTE
    CSL\SWM1800_StdPeriph_Driver\SWM1800_gpio.c 0x00000000   Number         0  swm1800_gpio.o ABSOLUTE
    CSL\SWM1800_StdPeriph_Driver\SWM1800_i2c.c 0x00000000   Number         0  swm1800_i2c.o ABSOLUTE
    CSL\SWM1800_StdPeriph_Driver\SWM1800_irqmux.c 0x00000000   Number         0  swm1800_irqmux.o ABSOLUTE
    CSL\SWM1800_StdPeriph_Driver\SWM1800_port.c 0x00000000   Number         0  swm1800_port.o ABSOLUTE
    CSL\SWM1800_StdPeriph_Driver\SWM1800_pwm.c 0x00000000   Number         0  swm1800_pwm.o ABSOLUTE
    CSL\SWM1800_StdPeriph_Driver\SWM1800_sdadc.c 0x00000000   Number         0  swm1800_sdadc.o ABSOLUTE
    CSL\SWM1800_StdPeriph_Driver\SWM1800_slcd.c 0x00000000   Number         0  swm1800_slcd.o ABSOLUTE
    CSL\SWM1800_StdPeriph_Driver\SWM1800_spi.c 0x00000000   Number         0  swm1800_spi.o ABSOLUTE
    CSL\SWM1800_StdPeriph_Driver\SWM1800_timr.c 0x00000000   Number         0  swm1800_timr.o ABSOLUTE
    CSL\SWM1800_StdPeriph_Driver\SWM1800_uart.c 0x00000000   Number         0  swm1800_uart.o ABSOLUTE
    CSL\SWM1800_StdPeriph_Driver\SWM1800_wdt.c 0x00000000   Number         0  swm1800_wdt.o ABSOLUTE
    CSL\\CMSIS\\CoreSupport\\core_cm0.c      0x00000000   Number         0  core_cm0.o ABSOLUTE
    cdcmple.s                                0x00000000   Number         0  cdcmple.o ABSOLUTE
    cdrcmple.s                               0x00000000   Number         0  cdrcmple.o ABSOLUTE
    dc.s                                     0x00000000   Number         0  dc.o ABSOLUTE
    handlers.s                               0x00000000   Number         0  handlers.o ABSOLUTE
    init.s                                   0x00000000   Number         0  init.o ABSOLUTE
    .ARM.Collect$$$$00000000                 0x00000110   Section        0  entry.o(.ARM.Collect$$$$00000000)
    .ARM.Collect$$$$00000001                 0x00000110   Section        4  entry2.o(.ARM.Collect$$$$00000001)
    .ARM.Collect$$$$00000004                 0x00000114   Section        4  entry5.o(.ARM.Collect$$$$00000004)
    .ARM.Collect$$$$00000008                 0x00000118   Section        0  entry7b.o(.ARM.Collect$$$$00000008)
    .ARM.Collect$$$$0000000A                 0x00000118   Section        0  entry8b.o(.ARM.Collect$$$$0000000A)
    .ARM.Collect$$$$0000000B                 0x00000118   Section        8  entry9a.o(.ARM.Collect$$$$0000000B)
    .ARM.Collect$$$$0000000D                 0x00000120   Section        0  entry10a.o(.ARM.Collect$$$$0000000D)
    .ARM.Collect$$$$0000000F                 0x00000120   Section        0  entry11a.o(.ARM.Collect$$$$0000000F)
    .ARM.Collect$$$$00002712                 0x00000120   Section        4  entry2.o(.ARM.Collect$$$$00002712)
    __lit__00000000                          0x00000120   Data           4  entry2.o(.ARM.Collect$$$$00002712)
    .text                                    0x00000124   Section        0  initmcu.o(.text)
    .text                                    0x00000238   Section        0  fdweak.o(.text)
    .text                                    0x00000308   Section        0  invpark.o(.text)
    .text                                    0x00000354   Section        0  svgen.o(.text)
    .text                                    0x00000978   Section        0  trig.o(.text)
    .text                                    0x00000b04   Section        0  swm1800_gpio.o(.text)
    .text                                    0x00000cf8   Section        0  swm1800_pwm.o(.text)
    .text                                    0x000013e0   Section        0  swm1800_timr.o(.text)
    .text                                    0x000016a0   Section        0  system_swm1800.o(.text)
    switchToXTAL                             0x0000170f   Thumb Code    72  system_swm1800.o(.text)
    switchToRC24MHz                          0x00001757   Thumb Code    32  system_swm1800.o(.text)
    switchToRC32KHz                          0x00001777   Thumb Code    34  system_swm1800.o(.text)
    switchToRC12MHz                          0x00001799   Thumb Code    34  system_swm1800.o(.text)
    switchToRC48MHz                          0x000017bb   Thumb Code    34  system_swm1800.o(.text)
    switchToRC6MHz                           0x000017dd   Thumb Code    32  system_swm1800.o(.text)
    .text                                    0x000018e8   Section       80  startup_swm1800.o(.text)
    .text                                    0x00001938   Section        0  uidiv.o(.text)
    .text                                    0x00001964   Section        0  idiv.o(.text)
    .text                                    0x0000198c   Section        0  fmul.o(.text)
    .text                                    0x00001a06   Section        0  fdiv.o(.text)
    .text                                    0x00001a82   Section        0  fflti.o(.text)
    .text                                    0x00001a98   Section        0  dflti.o(.text)
    .text                                    0x00001ac0   Section       40  cdrcmple.o(.text)
    .text                                    0x00001ae8   Section        0  depilogue.o(.text)
    .text                                    0x00001ae8   Section        0  iusefp.o(.text)
    .text                                    0x00001ba8   Section       36  init.o(.text)
    .text                                    0x00001bcc   Section        0  llshl.o(.text)
    i.CalcEstI                               0x00001c34   Section        0  smc.o(i.CalcEstI)
    i.__scatterload_copy                     0x00001cc0   Section       14  handlers.o(i.__scatterload_copy)
    i.__scatterload_null                     0x00001cce   Section        2  handlers.o(i.__scatterload_null)
    i.__scatterload_zeroinit                 0x00001cd0   Section       14  handlers.o(i.__scatterload_zeroinit)
    .data                                    0x00002000   Section       26  smc.o(.data)
    .data                                    0x0000201a   Section        4  meascurr.o(.data)
    .data                                    0x00002020   Section       48  svgen.o(.data)
    .data                                    0x00002050   Section      252  pmsm.o(.data)
    AdCn                                     0x0000214b   Data           1  pmsm.o(.data)
    .data                                    0x0000214c   Section       76  faultprotect.o(.data)
    dcbus_over_times                         0x0000216c   Data           4  faultprotect.o(.data)
    dcbus_under_times                        0x00002170   Data           4  faultprotect.o(.data)
    phase_protect_times                      0x00002174   Data           4  faultprotect.o(.data)
    phasecurrent_near_zero_number            0x00002178   Data           4  faultprotect.o(.data)
    motor_rotate_speed                       0x0000217c   Data           4  faultprotect.o(.data)
    last_motor_rotate_speed                  0x00002180   Data           4  faultprotect.o(.data)
    confirm_lose_phase_number                0x00002184   Data           4  faultprotect.o(.data)
    confirm_phase_current_number             0x00002188   Data           4  faultprotect.o(.data)
    confirm_ipm_fo_number                    0x0000218c   Data           4  faultprotect.o(.data)
    confirm_over_temp_times                  0x00002190   Data           4  faultprotect.o(.data)
    fun_number                               0x00002194   Data           4  faultprotect.o(.data)
    .data                                    0x00002198   Section        8  system_swm1800.o(.data)
    .bss                                     0x000021a0   Section       80  fdweak.o(.bss)
    .bss                                     0x000021f0   Section      184  pmsm.o(.bss)
    STACK                                    0x000022a8   Section     1024  startup_swm1800.o(STACK)
    Stack_Mem                                0x000022a8   Data        1024  startup_swm1800.o(STACK)
    .text                                    0x20000000   Section        0  smc.o(.text)
    atan2CORDIC                              0x20000001   Thumb Code   334  smc.o(.text)
    DIV_Div                                  0x20000353   Thumb Code    18  smc.o(.text)
    DIV_Div_IsBusy                           0x20000365   Thumb Code    14  smc.o(.text)
    CORDIC_Arctan                            0x20000373   Thumb Code   114  smc.o(.text)
    .text                                    0x20000418   Section        0  calcref.o(.text)
    .text                                    0x20000480   Section        0  clrkpark.o(.text)
    .text                                    0x200004f4   Section        0  meascurr.o(.text)
    .text                                    0x20000588   Section        0  pi.o(.text)
    .text                                    0x20000660   Section        0  pmsm.o(.text)
    .text                                    0x200015c8   Section        0  faultprotect.o(.text)
    lose_phase_detect                        0x20001c5b   Thumb Code   110  faultprotect.o(.text)
    .text                                    0x20001eb0   Section        0  swm1800_adc.o(.text)
    chn2idx                                  0x2000201d   Thumb Code    78  swm1800_adc.o(.text)
    .text                                    0x200021b4   Section        0  swm1800_cordic.o(.text)
    .text                                    0x200021de   Section        0  swm1800_div.o(.text)
    .text                                    0x200021fe   Section        0  swm1800_exti.o(.text)
    .text                                    0x200022c0   Section        0  swm1800_irqmux.o(.text)
    NVIC_SetPriority                         0x20002389   Thumb Code   110  swm1800_irqmux.o(.text)
    .text                                    0x20002404   Section        0  swm1800_port.o(.text)
    .text                                    0x200026b4   Section        0  swm1800_uart.o(.text)
    .text                                    0x2000288c   Section        0  ffixi.o(.text)
    .text                                    0x200028c0   Section       40  cdcmple.o(.text)
    .text                                    0x200028e8   Section        0  fepilogue.o(.text)
    .text                                    0x2000296a   Section        0  llushr.o(.text)
    .text                                    0x2000298c   Section        0  __dczerorl2.o(.text)
    i.CalcBEMF                               0x20002b04   Section        0  smc.o(i.CalcBEMF)
    i.__ARM_clz                              0x20002ba8   Section        0  depilogue.o(i.__ARM_clz)
    i.__ARM_common_switch8                   0x20002bd6   Section        0  svgen.o(i.__ARM_common_switch8)
    .constdata                               0x20002bf4   Section     4096  svgen.o(.constdata)
    .constdata                               0x20003bf4   Section      512  trig.o(.constdata)

    Global Symbols

    Symbol Name                              Value     Ov Type        Size  Object(Section)

    BuildAttributes$$THM_ISAv3M$S$PE$A:L22$X:L11$S22$IEEE1$IW$USESV6$~STKCKD$USESV7$~SHL$OTIME$ROPI$EBA8$MICROLIB$REQ8$PRES8$EABIv2 0x00000000   Number         0  anon$$obj.o ABSOLUTE
    __ARM_use_no_argv                        0x00000000   Number         0  pmsm.o ABSOLUTE
    __Vectors                                0x00000000   Data           4  startup_swm1800.o(RESET)
    __cpp_initialize__aeabi_                  - Undefined Weak Reference
    __cxa_finalize                            - Undefined Weak Reference
    _clock_init                               - Undefined Weak Reference
    _microlib_exit                            - Undefined Weak Reference
    Reset_Handler                            0x000000c1   Thumb Code    72  startup_swm1800.o(RESET)
    __Vectors_End                            0x000000c1   Thumb Code     0  startup_swm1800.o(RESET)
    __Vectors_Size                           0x000000c0   Number         0  startup_swm1800.o ABSOLUTE
    __main                                   0x00000111   Thumb Code     0  entry.o(.ARM.Collect$$$$00000000)
    _main_stk                                0x00000111   Thumb Code     0  entry2.o(.ARM.Collect$$$$00000001)
    _main_scatterload                        0x00000115   Thumb Code     0  entry5.o(.ARM.Collect$$$$00000004)
    __main_after_scatterload                 0x00000119   Thumb Code     0  entry5.o(.ARM.Collect$$$$00000004)
    _main_clock                              0x00000119   Thumb Code     0  entry7b.o(.ARM.Collect$$$$00000008)
    _main_cpp_init                           0x00000119   Thumb Code     0  entry8b.o(.ARM.Collect$$$$0000000A)
    _main_init                               0x00000119   Thumb Code     0  entry9a.o(.ARM.Collect$$$$0000000B)
    __rt_final_cpp                           0x00000121   Thumb Code     0  entry10a.o(.ARM.Collect$$$$0000000D)
    __rt_final_exit                          0x00000121   Thumb Code     0  entry11a.o(.ARM.Collect$$$$0000000F)
    SetupPorts                               0x00000125   Thumb Code   256  initmcu.o(.text)
    FieldWeakening                           0x00000239   Thumb Code   144  fdweak.o(.text)
    FWInit                                   0x000002c9   Thumb Code    48  fdweak.o(.text)
    InvPark                                  0x00000309   Thumb Code    76  invpark.o(.text)
    dutypid                                  0x00000355   Thumb Code    36  svgen.o(.text)
    Svpwm_Qua                                0x00000379   Thumb Code   202  svgen.o(.text)
    math_cal_0                               0x00000443   Thumb Code    52  svgen.o(.text)
    Svpwm_Duty                               0x00000477   Thumb Code   168  svgen.o(.text)
    Svpwm_Cal                                0x0000051f   Thumb Code   272  svgen.o(.text)
    CalcTimes                                0x0000062f   Thumb Code   216  svgen.o(.text)
    CalcSVGen                                0x00000707   Thumb Code   586  svgen.o(.text)
    SinCos                                   0x00000979   Thumb Code   152  trig.o(.text)
    sqrt_16                                  0x00000a11   Thumb Code    88  trig.o(.text)
    DIV_Fun                                  0x00000a69   Thumb Code   150  trig.o(.text)
    GPIO_Init                                0x00000b05   Thumb Code   342  swm1800_gpio.o(.text)
    GPIO_SetBit                              0x00000c5b   Thumb Code    12  swm1800_gpio.o(.text)
    GPIO_ClrBit                              0x00000c67   Thumb Code    12  swm1800_gpio.o(.text)
    GPIO_InvBit                              0x00000c73   Thumb Code    12  swm1800_gpio.o(.text)
    GPIO_GetBit                              0x00000c7f   Thumb Code    12  swm1800_gpio.o(.text)
    GPIO_SetBits                             0x00000c8b   Thumb Code    24  swm1800_gpio.o(.text)
    GPIO_ClrBits                             0x00000ca3   Thumb Code    24  swm1800_gpio.o(.text)
    GPIO_InvBits                             0x00000cbb   Thumb Code    24  swm1800_gpio.o(.text)
    GPIO_GetBits                             0x00000cd3   Thumb Code    22  swm1800_gpio.o(.text)
    PWM_Stop                                 0x00000cf9   Thumb Code    98  swm1800_pwm.o(.text)
    PWM_Init                                 0x00000d5b   Thumb Code   256  swm1800_pwm.o(.text)
    PWM_Start                                0x00000e5b   Thumb Code    98  swm1800_pwm.o(.text)
    PWM_SetCycle                             0x00000ebd   Thumb Code    16  swm1800_pwm.o(.text)
    PWM_GetCycle                             0x00000ecd   Thumb Code    24  swm1800_pwm.o(.text)
    PWM_SetHDuty                             0x00000ee5   Thumb Code    16  swm1800_pwm.o(.text)
    PWM_GetHDuty                             0x00000ef5   Thumb Code    24  swm1800_pwm.o(.text)
    PWM_SetDeadzone                          0x00000f0d   Thumb Code    16  swm1800_pwm.o(.text)
    PWM_GetDeadzone                          0x00000f1d   Thumb Code    24  swm1800_pwm.o(.text)
    PWM_IntNCycleEn                          0x00000f35   Thumb Code   154  swm1800_pwm.o(.text)
    PWM_IntNCycleDis                         0x00000fcf   Thumb Code   154  swm1800_pwm.o(.text)
    PWM_IntNCycleClr                         0x00001069   Thumb Code   106  swm1800_pwm.o(.text)
    PWM_IntNCycleStat                        0x000010d3   Thumb Code   152  swm1800_pwm.o(.text)
    PWM_IntHEndEn                            0x0000116b   Thumb Code   170  swm1800_pwm.o(.text)
    PWM_IntHEndDis                           0x00001215   Thumb Code   170  swm1800_pwm.o(.text)
    PWM_IntHEndClr                           0x000012bf   Thumb Code   122  swm1800_pwm.o(.text)
    PWM_IntHEndStat                          0x00001339   Thumb Code   160  swm1800_pwm.o(.text)
    TIMR_INTClr                              0x000013e1   Thumb Code    58  swm1800_timr.o(.text)
    TIMR_Stop                                0x0000141b   Thumb Code    10  swm1800_timr.o(.text)
    TIMR_Init                                0x00001425   Thumb Code   204  swm1800_timr.o(.text)
    TIMR_Start                               0x000014f1   Thumb Code    10  swm1800_timr.o(.text)
    TIMR_Halt                                0x000014fb   Thumb Code    82  swm1800_timr.o(.text)
    TIMR_Resume                              0x0000154d   Thumb Code    82  swm1800_timr.o(.text)
    TIMR_SetPeriod                           0x0000159f   Thumb Code     4  swm1800_timr.o(.text)
    TIMR_GetPeriod                           0x000015a3   Thumb Code     6  swm1800_timr.o(.text)
    TIMR_GetCurValue                         0x000015a9   Thumb Code     6  swm1800_timr.o(.text)
    TIMR_INTEn                               0x000015af   Thumb Code    82  swm1800_timr.o(.text)
    TIMR_INTDis                              0x00001601   Thumb Code    82  swm1800_timr.o(.text)
    TIMR_INTStat                             0x00001653   Thumb Code    68  swm1800_timr.o(.text)
    SystemCoreClockUpdate                    0x000016a1   Thumb Code   110  system_swm1800.o(.text)
    SystemInit                               0x000017fd   Thumb Code   198  system_swm1800.o(.text)
    NMI_Handler                              0x000018e9   Thumb Code     2  startup_swm1800.o(.text)
    HardFault_Handler                        0x000018eb   Thumb Code     2  startup_swm1800.o(.text)
    SVC_Handler                              0x000018ed   Thumb Code     2  startup_swm1800.o(.text)
    PendSV_Handler                           0x000018ef   Thumb Code     2  startup_swm1800.o(.text)
    SysTick_Handler                          0x000018f1   Thumb Code     2  startup_swm1800.o(.text)
    IRQ3_Handler                             0x000018f9   Thumb Code     2  startup_swm1800.o(.text)
    IRQ6_Handler                             0x000018ff   Thumb Code     2  startup_swm1800.o(.text)
    IRQ7_Handler                             0x00001901   Thumb Code     2  startup_swm1800.o(.text)
    IRQ8_Handler                             0x00001903   Thumb Code     2  startup_swm1800.o(.text)
    IRQ9_Handler                             0x00001905   Thumb Code     2  startup_swm1800.o(.text)
    IRQ10_Handler                            0x00001907   Thumb Code     2  startup_swm1800.o(.text)
    IRQ11_Handler                            0x00001909   Thumb Code     2  startup_swm1800.o(.text)
    IRQ12_Handler                            0x0000190b   Thumb Code     2  startup_swm1800.o(.text)
    IRQ13_Handler                            0x0000190d   Thumb Code     2  startup_swm1800.o(.text)
    IRQ14_Handler                            0x0000190f   Thumb Code     2  startup_swm1800.o(.text)
    IRQ15_Handler                            0x00001911   Thumb Code     2  startup_swm1800.o(.text)
    IRQ16_Handler                            0x00001913   Thumb Code     2  startup_swm1800.o(.text)
    IRQ17_Handler                            0x00001915   Thumb Code     2  startup_swm1800.o(.text)
    IRQ18_Handler                            0x00001917   Thumb Code     2  startup_swm1800.o(.text)
    IRQ19_Handler                            0x00001919   Thumb Code     2  startup_swm1800.o(.text)
    IRQ20_Handler                            0x0000191b   Thumb Code     2  startup_swm1800.o(.text)
    IRQ21_Handler                            0x0000191d   Thumb Code     2  startup_swm1800.o(.text)
    IRQ22_Handler                            0x0000191f   Thumb Code     2  startup_swm1800.o(.text)
    IRQ23_Handler                            0x00001921   Thumb Code     2  startup_swm1800.o(.text)
    IRQ24_Handler                            0x00001923   Thumb Code     2  startup_swm1800.o(.text)
    IRQ25_Handler                            0x00001925   Thumb Code     2  startup_swm1800.o(.text)
    IRQ26_Handler                            0x00001927   Thumb Code     2  startup_swm1800.o(.text)
    IRQ27_Handler                            0x00001929   Thumb Code     2  startup_swm1800.o(.text)
    IRQ28_Handler                            0x0000192d   Thumb Code     2  startup_swm1800.o(.text)
    IRQ29_Handler                            0x00001931   Thumb Code     2  startup_swm1800.o(.text)
    IRQ30_Handler                            0x00001933   Thumb Code     2  startup_swm1800.o(.text)
    IRQ31_Handler                            0x00001935   Thumb Code     2  startup_swm1800.o(.text)
    __aeabi_uidiv                            0x00001939   Thumb Code     0  uidiv.o(.text)
    __aeabi_uidivmod                         0x00001939   Thumb Code    44  uidiv.o(.text)
    __aeabi_idiv                             0x00001965   Thumb Code     0  idiv.o(.text)
    __aeabi_idivmod                          0x00001965   Thumb Code    40  idiv.o(.text)
    __aeabi_fmul                             0x0000198d   Thumb Code   122  fmul.o(.text)
    __aeabi_fdiv                             0x00001a07   Thumb Code   124  fdiv.o(.text)
    __aeabi_i2f                              0x00001a83   Thumb Code    22  fflti.o(.text)
    __aeabi_i2d                              0x00001a99   Thumb Code    34  dflti.o(.text)
    __aeabi_cdrcmple                         0x00001ac1   Thumb Code    38  cdrcmple.o(.text)
    __I$use$fp                               0x00001ae9   Thumb Code     0  iusefp.o(.text)
    _double_round                            0x00001ae9   Thumb Code    26  depilogue.o(.text)
    _double_epilogue                         0x00001b03   Thumb Code   164  depilogue.o(.text)
    __scatterload                            0x00001ba9   Thumb Code    28  init.o(.text)
    __scatterload_rt2                        0x00001ba9   Thumb Code     0  init.o(.text)
    __aeabi_llsl                             0x00001bcd   Thumb Code    32  llshl.o(.text)
    _ll_shift_l                              0x00001bcd   Thumb Code     0  llshl.o(.text)
    Long Thumb to Thumb Veneer to PORT_Init  0x00001bed   Thumb Code    12  anon$$obj.o(Veneer$$Code)
    Long Thumb to Thumb Veneer to __ARM_common_switch8 0x00001bf9   Thumb Code    12  anon$$obj.o(Veneer$$Code)
    Long Thumb to Thumb Veneer to _float_round 0x00001c05   Thumb Code    12  anon$$obj.o(Veneer$$Code)
    Long Thumb to Thumb Veneer to _float_epilogue 0x00001c11   Thumb Code    12  anon$$obj.o(Veneer$$Code)
    Long Thumb to Thumb Veneer to __ARM_clz  0x00001c1d   Thumb Code    12  anon$$obj.o(Veneer$$Code)
    Long Thumb to Thumb Veneer to __aeabi_llsr 0x00001c29   Thumb Code    12  anon$$obj.o(Veneer$$Code)
    CalcEstI                                 0x00001c35   Thumb Code   140  smc.o(i.CalcEstI)
    __scatterload_copy                       0x00001cc1   Thumb Code    14  handlers.o(i.__scatterload_copy)
    __scatterload_null                       0x00001ccf   Thumb Code     2  handlers.o(i.__scatterload_null)
    __scatterload_zeroinit                   0x00001cd1   Thumb Code    14  handlers.o(i.__scatterload_zeroinit)
    Region$$Table$$Base                      0x00001ce0   Number         0  anon$$obj.o(Region$$Table)
    Region$$Table$$Limit                     0x00001d00   Number         0  anon$$obj.o(Region$$Table)
    tempv                                    0x00002000   Data           4  smc.o(.data)
    start                                    0x00002004   Data           4  smc.o(.data)
    IndPre                                   0x00002008   Data           4  smc.o(.data)
    dex                                      0x0000200c   Data           4  smc.o(.data)
    temptheta                                0x00002010   Data           4  smc.o(.data)
    PreOmega                                 0x00002014   Data           4  smc.o(.data)
    kseltemp                                 0x00002018   Data           2  smc.o(.data)
    CorrADC0                                 0x0000201a   Data           2  meascurr.o(.data)
    CorrADC1                                 0x0000201c   Data           2  meascurr.o(.data)
    sin_a_val                                0x00002020   Data           2  svgen.o(.data)
    sin60_a_val                              0x00002022   Data           2  svgen.o(.data)
    cos_val                                  0x00002024   Data           2  svgen.o(.data)
    qua                                      0x00002026   Data           2  svgen.o(.data)
    T_1                                      0x00002028   Data           2  svgen.o(.data)
    T_2                                      0x0000202a   Data           2  svgen.o(.data)
    pwm_duty_0                               0x0000202c   Data           4  svgen.o(.data)
    pwm_duty_1                               0x00002030   Data           4  svgen.o(.data)
    pwm_duty_2                               0x00002034   Data           4  svgen.o(.data)
    Ta                                       0x00002038   Data           2  svgen.o(.data)
    Tb                                       0x0000203a   Data           2  svgen.o(.data)
    Tc                                       0x0000203c   Data           2  svgen.o(.data)
    Pwm0A                                    0x0000203e   Data           2  svgen.o(.data)
    Pwm1A                                    0x00002040   Data           2  svgen.o(.data)
    Pwm2A                                    0x00002042   Data           2  svgen.o(.data)
    Va2andVb2                                0x00002044   Data           4  svgen.o(.data)
    Va2andVb2temp                            0x00002048   Data           4  svgen.o(.data)
    uout_ref                                 0x0000204c   Data           4  svgen.o(.data)
    CtrlParm                                 0x00002050   Data           6  pmsm.o(.data)
    fg_outfrequence                          0x00002058   Data           4  pmsm.o(.data)
    Duty0                                    0x0000205c   Data           4  pmsm.o(.data)
    Duty1                                    0x00002060   Data           4  pmsm.o(.data)
    Duty2                                    0x00002064   Data           4  pmsm.o(.data)
    Sector                                   0x00002068   Data           2  pmsm.o(.data)
    PWM_CLOCK_CYCLE                          0x0000206a   Data           2  pmsm.o(.data)
    LoopFlag                                 0x0000206c   Data           2  pmsm.o(.data)
    uout                                     0x00002070   Data           4  pmsm.o(.data)
    Startup_Ramp                             0x00002074   Data           4  pmsm.o(.data)
    Startup_Lock                             0x00002078   Data           4  pmsm.o(.data)
    uGF                                      0x0000207c   Data           4  pmsm.o(.data)
    ReadADCParm                              0x00002080   Data           4  pmsm.o(.data)
    MeasCurrParm                             0x00002084   Data           8  pmsm.o(.data)
    MotorParm                                0x0000208c   Data           8  pmsm.o(.data)
    ParkParm                                 0x00002094   Data          32  pmsm.o(.data)
    SVGenParm                                0x000020b4   Data           8  pmsm.o(.data)
    iADCisrCnt                               0x000020bc   Data           4  pmsm.o(.data)
    PrevTheta                                0x000020c0   Data           2  pmsm.o(.data)
    AccumTheta                               0x000020c2   Data           2  pmsm.o(.data)
    AccumThetaCnt                            0x000020c4   Data           4  pmsm.o(.data)
    qVdSquared                               0x000020c8   Data           4  pmsm.o(.data)
    DCbus                                    0x000020cc   Data           2  pmsm.o(.data)
    TargetDCbus                              0x000020ce   Data           2  pmsm.o(.data)
    Theta_error                              0x000020d0   Data           2  pmsm.o(.data)
    ADIa                                     0x000020d2   Data           2  pmsm.o(.data)
    ADIb                                     0x000020d4   Data           2  pmsm.o(.data)
    Loopflag                                 0x000020d6   Data           2  pmsm.o(.data)
    Kself_omega0                             0x000020d8   Data           2  pmsm.o(.data)
    SpeedV                                   0x000020dc   Data           4  pmsm.o(.data)
    SpeedTotal                               0x000020e0   Data           4  pmsm.o(.data)
    Speedtimes                               0x000020e4   Data           4  pmsm.o(.data)
    VdcTotal                                 0x000020e8   Data           4  pmsm.o(.data)
    Vdctimes                                 0x000020ec   Data           4  pmsm.o(.data)
    Run_nomal                                0x000020f0   Data           2  pmsm.o(.data)
    delta_angle                              0x000020f2   Data           2  pmsm.o(.data)
    lost_times                               0x000020f4   Data           4  pmsm.o(.data)
    T0_t                                     0x000020f8   Data           2  pmsm.o(.data)
    PWM_per                                  0x000020fa   Data           2  pmsm.o(.data)
    SPEED                                    0x000020fc   Data           2  pmsm.o(.data)
    Speed_REF                                0x000020fe   Data           2  pmsm.o(.data)
    Speed_REF1                               0x00002100   Data           2  pmsm.o(.data)
    Speed_REF_old                            0x00002102   Data           2  pmsm.o(.data)
    W_REF                                    0x00002104   Data           2  pmsm.o(.data)
    speedtemp                                0x00002106   Data           2  pmsm.o(.data)
    count                                    0x00002108   Data           2  pmsm.o(.data)
    cntt                                     0x0000210a   Data           2  pmsm.o(.data)
    View1                                    0x0000210c   Data           2  pmsm.o(.data)
    View2                                    0x0000210e   Data           2  pmsm.o(.data)
    View3                                    0x00002110   Data           2  pmsm.o(.data)
    View4                                    0x00002112   Data           2  pmsm.o(.data)
    timecout                                 0x00002114   Data           4  pmsm.o(.data)
    rem                                      0x00002118   Data           4  pmsm.o(.data)
    sector                                   0x0000211c   Data           2  pmsm.o(.data)
    stas                                     0x0000211e   Data           2  pmsm.o(.data)
    reset_delaytimes                         0x00002120   Data           2  pmsm.o(.data)
    VDC_status                               0x00002122   Data           2  pmsm.o(.data)
    VDC_status_tiems                         0x00002124   Data           2  pmsm.o(.data)
    SPREF                                    0x00002126   Data           2  pmsm.o(.data)
    View_Variable1                           0x00002128   Data           2  pmsm.o(.data)
    View_Variable2                           0x0000212a   Data           2  pmsm.o(.data)
    View_Variable3                           0x0000212c   Data           2  pmsm.o(.data)
    View_Variable4                           0x0000212e   Data           2  pmsm.o(.data)
    Qref                                     0x00002130   Data           2  pmsm.o(.data)
    Dref                                     0x00002132   Data           2  pmsm.o(.data)
    AccumCurrentCnt                          0x00002134   Data           2  pmsm.o(.data)
    counum                                   0x00002138   Data           4  pmsm.o(.data)
    adc_flag                                 0x0000213c   Data           2  pmsm.o(.data)
    inputfreqcnt                             0x00002140   Data           4  pmsm.o(.data)
    speedmax                                 0x00002144   Data           2  pmsm.o(.data)
    SP_High                                  0x00002146   Data           1  pmsm.o(.data)
    SP_Low                                   0x00002147   Data           1  pmsm.o(.data)
    s1                                       0x00002148   Data           1  pmsm.o(.data)
    s2                                       0x00002149   Data           1  pmsm.o(.data)
    s3                                       0x0000214a   Data           1  pmsm.o(.data)
    pfn                                      0x0000214c   Data          32  faultprotect.o(.data)
    SystemCoreClock                          0x00002198   Data           4  system_swm1800.o(.data)
    CyclesPerUs                              0x0000219c   Data           4  system_swm1800.o(.data)
    FdWeakParm                               0x000021a0   Data          80  fdweak.o(.bss)
    InpFreqCnt                               0x000021f0   Data          16  pmsm.o(.bss)
    motor_fault                              0x00002200   Data          16  pmsm.o(.bss)
    Phase_current_detect                     0x00002210   Data          16  pmsm.o(.bss)
    smc1                                     0x00002220   Data          50  pmsm.o(.bss)
    PIParmD                                  0x00002254   Data          28  pmsm.o(.bss)
    PIParmQ                                  0x00002270   Data          28  pmsm.o(.bss)
    PIParmW                                  0x0000228c   Data          28  pmsm.o(.bss)
    __initial_sp                             0x000026a8   Data           0  startup_swm1800.o(STACK)
    SMC_Position_Estimation                  0x2000014f   Thumb Code   480  smc.o(.text)
    SMCInit                                  0x2000032f   Thumb Code    36  smc.o(.text)
    CalcRefVec                               0x20000419   Thumb Code   100  calcref.o(.text)
    ClarkePark                               0x20000481   Thumb Code   110  clrkpark.o(.text)
    InitMeasCompCurr                         0x200004f5   Thumb Code     6  meascurr.o(.text)
    MeasCompCurr                             0x200004fb   Thumb Code   128  meascurr.o(.text)
    InitPI                                   0x20000589   Thumb Code     8  pi.o(.text)
    CalcPI                                   0x20000591   Thumb Code   118  pi.o(.text)
    Cal_PID                                  0x20000607   Thumb Code    80  pi.o(.text)
    gabs                                     0x20000657   Thumb Code     8  pi.o(.text)
    UartInit                                 0x20000661   Thumb Code    72  pmsm.o(.text)
    _CRC16                                   0x200006a9   Thumb Code    80  pmsm.o(.text)
    uart_putstring2                          0x200006f9   Thumb Code    40  pmsm.o(.text)
    Communication                            0x20000721   Thumb Code    92  pmsm.o(.text)
    SetupControlParameters                   0x2000077d   Thumb Code   108  pmsm.o(.text)
    CountInputFreq                           0x200007e9   Thumb Code    34  pmsm.o(.text)
    calculate_rotate_speed                   0x2000080b   Thumb Code   100  pmsm.o(.text)
    SetupParm                                0x2000086f   Thumb Code   774  pmsm.o(.text)
    CountInputFreq_Init                      0x20000b75   Thumb Code    62  pmsm.o(.text)
    main                                     0x20000bb3   Thumb Code   392  pmsm.o(.text)
    DoControl                                0x20000d3b   Thumb Code   692  pmsm.o(.text)
    CalculateParkAngle                       0x20000fef   Thumb Code   438  pmsm.o(.text)
    IRQ0_Handler                             0x200011a5   Thumb Code    88  pmsm.o(.text)
    IRQ4_Handler                             0x200011fd   Thumb Code    44  pmsm.o(.text)
    IRQ1_Handler                             0x20001229   Thumb Code   320  pmsm.o(.text)
    IRQ2_Handler                             0x20001369   Thumb Code   212  pmsm.o(.text)
    IRQ5_Handler                             0x2000143d   Thumb Code   234  pmsm.o(.text)
    DebounceDelay                            0x20001527   Thumb Code    14  pmsm.o(.text)
    VoltRippleComp                           0x20001535   Thumb Code    90  pmsm.o(.text)
    SysLed_Twinkle                           0x200015c9   Thumb Code  1136  faultprotect.o(.text)
    dcbus_voltage_protect                    0x20001a39   Thumb Code   156  faultprotect.o(.text)
    phase_current_max_check                  0x20001ad5   Thumb Code   136  faultprotect.o(.text)
    phase_current_protect                    0x20001b5d   Thumb Code   124  faultprotect.o(.text)
    motor_lose_step_detect                   0x20001bd9   Thumb Code   130  faultprotect.o(.text)
    Phase_current_deviation                  0x20001cc9   Thumb Code   120  faultprotect.o(.text)
    IPM_FO_detect                            0x20001d41   Thumb Code    56  faultprotect.o(.text)
    Phase_Current_Offset_Advalue_detect      0x20001d79   Thumb Code    62  faultprotect.o(.text)
    Over_temperature_detect                  0x20001db7   Thumb Code   184  faultprotect.o(.text)
    motor_fault_init                         0x20001e6f   Thumb Code    12  faultprotect.o(.text)
    motor_fault_detect                       0x20001e7b   Thumb Code    42  faultprotect.o(.text)
    ADC_Close                                0x20001eb1   Thumb Code    12  swm1800_adc.o(.text)
    ADC_Init                                 0x20001ebd   Thumb Code   324  swm1800_adc.o(.text)
    ADC_Open                                 0x20002001   Thumb Code    12  swm1800_adc.o(.text)
    ADC_Start                                0x2000200d   Thumb Code     6  swm1800_adc.o(.text)
    ADC_Stop                                 0x20002013   Thumb Code    10  swm1800_adc.o(.text)
    ADC_Read                                 0x2000206b   Thumb Code    30  swm1800_adc.o(.text)
    ADC_IsEOC                                0x20002089   Thumb Code    28  swm1800_adc.o(.text)
    ADC_ChnOpen                              0x200020a5   Thumb Code     8  swm1800_adc.o(.text)
    ADC_ChnClose                             0x200020ad   Thumb Code     8  swm1800_adc.o(.text)
    ADC_IntEOCEn                             0x200020b5   Thumb Code    28  swm1800_adc.o(.text)
    ADC_IntEOCDis                            0x200020d1   Thumb Code    28  swm1800_adc.o(.text)
    ADC_IntEOCClr                            0x200020ed   Thumb Code    24  swm1800_adc.o(.text)
    ADC_IntEOCStat                           0x20002105   Thumb Code    36  swm1800_adc.o(.text)
    ADC_IntOVFEn                             0x20002129   Thumb Code    30  swm1800_adc.o(.text)
    ADC_IntOVFDis                            0x20002147   Thumb Code    30  swm1800_adc.o(.text)
    ADC_IntOVFClr                            0x20002165   Thumb Code    26  swm1800_adc.o(.text)
    ADC_IntOVFStat                           0x2000217f   Thumb Code    38  swm1800_adc.o(.text)
    CORDIC_Init                              0x200021b5   Thumb Code    42  swm1800_cordic.o(.text)
    DIV_Init                                 0x200021df   Thumb Code    32  swm1800_div.o(.text)
    EXTI_Clear                               0x200021ff   Thumb Code     8  swm1800_exti.o(.text)
    EXTI_Init                                0x20002207   Thumb Code   138  swm1800_exti.o(.text)
    EXTI_Open                                0x20002291   Thumb Code    12  swm1800_exti.o(.text)
    EXTI_Close                               0x2000229d   Thumb Code    12  swm1800_exti.o(.text)
    EXTI_State                               0x200022a9   Thumb Code    12  swm1800_exti.o(.text)
    EXTI_RawState                            0x200022b5   Thumb Code    12  swm1800_exti.o(.text)
    IRQ_Connect                              0x200022c1   Thumb Code   130  swm1800_irqmux.o(.text)
    IRQ_Which                                0x20002343   Thumb Code    70  swm1800_irqmux.o(.text)
    PORT_Init                                0x20002405   Thumb Code   678  swm1800_port.o(.text)
    UART_Close                               0x200026b5   Thumb Code    12  swm1800_uart.o(.text)
    UART_Init                                0x200026c1   Thumb Code   222  swm1800_uart.o(.text)
    UART_Open                                0x2000279f   Thumb Code    12  swm1800_uart.o(.text)
    UART_WriteByte                           0x200027ab   Thumb Code     4  swm1800_uart.o(.text)
    UART_ReadByte                            0x200027af   Thumb Code     8  swm1800_uart.o(.text)
    UART_IsDataValid                         0x200027b7   Thumb Code    14  swm1800_uart.o(.text)
    UART_IsTXBusy                            0x200027c5   Thumb Code    14  swm1800_uart.o(.text)
    UART_IsRXFIFOEmpty                       0x200027d3   Thumb Code    12  swm1800_uart.o(.text)
    UART_IsTXFIFOFull                        0x200027df   Thumb Code    12  swm1800_uart.o(.text)
    UART_SetBaudrate                         0x200027eb   Thumb Code    34  swm1800_uart.o(.text)
    UART_GetBaudrate                         0x2000280d   Thumb Code    10  swm1800_uart.o(.text)
    UART_INTRXThresholdEn                    0x20002817   Thumb Code    10  swm1800_uart.o(.text)
    UART_INTRXThresholdDis                   0x20002821   Thumb Code    10  swm1800_uart.o(.text)
    UART_INTRXThresholdStat                  0x2000282b   Thumb Code    14  swm1800_uart.o(.text)
    UART_INTTXThresholdEn                    0x20002839   Thumb Code    10  swm1800_uart.o(.text)
    UART_INTTXThresholdDis                   0x20002843   Thumb Code    10  swm1800_uart.o(.text)
    UART_INTTXThresholdStat                  0x2000284d   Thumb Code    14  swm1800_uart.o(.text)
    UART_INTTimeoutEn                        0x2000285b   Thumb Code    12  swm1800_uart.o(.text)
    UART_INTTimeoutDis                       0x20002867   Thumb Code    12  swm1800_uart.o(.text)
    UART_INTTimeoutStat                      0x20002873   Thumb Code    14  swm1800_uart.o(.text)
    __aeabi_f2iz                             0x2000288d   Thumb Code    50  ffixi.o(.text)
    __aeabi_cdcmpeq                          0x200028c1   Thumb Code     0  cdcmple.o(.text)
    __aeabi_cdcmple                          0x200028c1   Thumb Code    38  cdcmple.o(.text)
    _float_round                             0x200028e9   Thumb Code    16  fepilogue.o(.text)
    _float_epilogue                          0x200028f9   Thumb Code   114  fepilogue.o(.text)
    __aeabi_llsr                             0x2000296b   Thumb Code    34  llushr.o(.text)
    _ll_ushift_r                             0x2000296b   Thumb Code     0  llushr.o(.text)
    __decompress                             0x2000298d   Thumb Code     0  __dczerorl2.o(.text)
    __decompress1                            0x2000298d   Thumb Code    86  __dczerorl2.o(.text)
    Long Thumb to Thumb Veneer to CalcEstI   0x200029e5   Thumb Code    12  anon$$obj.o(Veneer$$Code)
    Long Thumb to Thumb Veneer to DIV_Fun    0x200029f1   Thumb Code    12  anon$$obj.o(Veneer$$Code)
    Long Thumb to Thumb Veneer to __aeabi_idivmod 0x200029fd   Thumb Code    12  anon$$obj.o(Veneer$$Code)
    Long Thumb to Thumb Veneer to __aeabi_uidivmod 0x20002a09   Thumb Code    12  anon$$obj.o(Veneer$$Code)
    Long Thumb to Thumb Veneer to PWM_Init   0x20002a15   Thumb Code    12  anon$$obj.o(Veneer$$Code)
    Long Thumb to Thumb Veneer to TIMR_Init  0x20002a21   Thumb Code    12  anon$$obj.o(Veneer$$Code)
    Long Thumb to Thumb Veneer to TIMR_Start 0x20002a2d   Thumb Code    12  anon$$obj.o(Veneer$$Code)
    Long Thumb to Thumb Veneer to GPIO_Init  0x20002a39   Thumb Code    12  anon$$obj.o(Veneer$$Code)
    Long Thumb to Thumb Veneer to SystemInit 0x20002a45   Thumb Code    12  anon$$obj.o(Veneer$$Code)
    Long Thumb to Thumb Veneer to SetupPorts 0x20002a51   Thumb Code    12  anon$$obj.o(Veneer$$Code)
    Long Thumb to Thumb Veneer to FWInit     0x20002a5d   Thumb Code    12  anon$$obj.o(Veneer$$Code)
    Long Thumb to Thumb Veneer to __aeabi_i2f 0x20002a69   Thumb Code    12  anon$$obj.o(Veneer$$Code)
    Long Thumb to Thumb Veneer to __aeabi_fmul 0x20002a75   Thumb Code    12  anon$$obj.o(Veneer$$Code)
    Long Thumb to Thumb Veneer to __aeabi_fdiv 0x20002a81   Thumb Code    12  anon$$obj.o(Veneer$$Code)
    Long Thumb to Thumb Veneer to sqrt_16    0x20002a8d   Thumb Code    12  anon$$obj.o(Veneer$$Code)
    Long Thumb to Thumb Veneer to FieldWeakening 0x20002a99   Thumb Code    12  anon$$obj.o(Veneer$$Code)
    Long Thumb to Thumb Veneer to SinCos     0x20002aa5   Thumb Code    12  anon$$obj.o(Veneer$$Code)
    Long Thumb to Thumb Veneer to InvPark    0x20002ab1   Thumb Code    12  anon$$obj.o(Veneer$$Code)
    Long Thumb to Thumb Veneer to CalcSVGen  0x20002abd   Thumb Code    12  anon$$obj.o(Veneer$$Code)
    Long Thumb to Thumb Veneer to TIMR_Stop  0x20002ac9   Thumb Code    12  anon$$obj.o(Veneer$$Code)
    Long Thumb to Thumb Veneer to TIMR_INTClr 0x20002ad5   Thumb Code    12  anon$$obj.o(Veneer$$Code)
    Long Thumb to Thumb Veneer to GPIO_InvBit 0x20002ae1   Thumb Code    12  anon$$obj.o(Veneer$$Code)
    Long Thumb to Thumb Veneer to __aeabi_i2d 0x20002aed   Thumb Code    12  anon$$obj.o(Veneer$$Code)
    Long Thumb to Thumb Veneer to __aeabi_cdrcmple 0x20002af9   Thumb Code    12  anon$$obj.o(Veneer$$Code)
    CalcBEMF                                 0x20002b05   Thumb Code   164  smc.o(i.CalcBEMF)
    __ARM_clz                                0x20002ba9   Thumb Code    46  depilogue.o(i.__ARM_clz)
    __ARM_common_switch8                     0x20002bd7   Thumb Code    28  svgen.o(i.__ARM_common_switch8)
    sin_dat                                  0x20002bf4   Data        4096  svgen.o(.constdata)
    SinTable                                 0x20003bf4   Data         512  trig.o(.constdata)



==============================================================================

Memory Map of the image

  Image Entry point : 0x00000111

  Load Region LR_IROM1 (Base: 0x00000000, Size: 0x00001ea0, Max: 0x00002000, ABSOLUTE, COMPRESSED[0x00001d48])

    Execution Region ER_IROM1 (Base: 0x00000000, Size: 0x00001d00, Max: 0x00002000, ABSOLUTE)

    Base Addr    Size         Type   Attr      Idx    E Section Name        Object

    0x00000000   0x00000110   Code   RO          649    RESET               startup_swm1800.o
    0x00000110   0x00000000   Code   RO          657  * .ARM.Collect$$$$00000000  mc_p.l(entry.o)
    0x00000110   0x00000004   Code   RO          678    .ARM.Collect$$$$00000001  mc_p.l(entry2.o)
    0x00000114   0x00000004   Code   RO          681    .ARM.Collect$$$$00000004  mc_p.l(entry5.o)
    0x00000118   0x00000000   Code   RO          683    .ARM.Collect$$$$00000008  mc_p.l(entry7b.o)
    0x00000118   0x00000000   Code   RO          685    .ARM.Collect$$$$0000000A  mc_p.l(entry8b.o)
    0x00000118   0x00000008   Code   RO          686    .ARM.Collect$$$$0000000B  mc_p.l(entry9a.o)
    0x00000120   0x00000000   Code   RO          688    .ARM.Collect$$$$0000000D  mc_p.l(entry10a.o)
    0x00000120   0x00000000   Code   RO          690    .ARM.Collect$$$$0000000F  mc_p.l(entry11a.o)
    0x00000120   0x00000004   Code   RO          679    .ARM.Collect$$$$00002712  mc_p.l(entry2.o)
    0x00000124   0x00000114   Code   RO          132    .text               initmcu.o
    0x00000238   0x000000d0   Code   RO          150    .text               fdweak.o
    0x00000308   0x0000004c   Code   RO          200    .text               invpark.o
    0x00000354   0x00000624   Code   RO          247    .text               svgen.o
    0x00000978   0x0000018c   Code   RO          270    .text               trig.o
    0x00000b04   0x000001f4   Code   RO          465    .text               swm1800_gpio.o
    0x00000cf8   0x000006e8   Code   RO          516    .text               swm1800_pwm.o
    0x000013e0   0x000002c0   Code   RO          564    .text               swm1800_timr.o
    0x000016a0   0x00000248   Code   RO          623    .text               system_swm1800.o
    0x000018e8   0x00000050   Code   RO          650    .text               startup_swm1800.o
    0x00001938   0x0000002c   Code   RO          660    .text               mc_p.l(uidiv.o)
    0x00001964   0x00000028   Code   RO          662    .text               mc_p.l(idiv.o)
    0x0000198c   0x0000007a   Code   RO          664    .text               mf_p.l(fmul.o)
    0x00001a06   0x0000007c   Code   RO          666    .text               mf_p.l(fdiv.o)
    0x00001a82   0x00000016   Code   RO          668    .text               mf_p.l(fflti.o)
    0x00001a98   0x00000028   Code   RO          670    .text               mf_p.l(dflti.o)
    0x00001ac0   0x00000028   Code   RO          676    .text               mf_p.l(cdrcmple.o)
    0x00001ae8   0x00000000   Code   RO          692    .text               mc_p.l(iusefp.o)
    0x00001ae8   0x000000be   Code   RO          695    .text               mf_p.l(depilogue.o)
    0x00001ba6   0x00000002   PAD
    0x00001ba8   0x00000024   Code   RO          699    .text               mc_p.l(init.o)
    0x00001bcc   0x00000020   Code   RO          701    .text               mc_p.l(llshl.o)
    0x00001bec   0x0000000c   Ven    RO          715    Veneer$$Code        anon$$obj.o
    0x00001bf8   0x0000000c   Ven    RO          716    Veneer$$Code        anon$$obj.o
    0x00001c04   0x0000000c   Ven    RO          717    Veneer$$Code        anon$$obj.o
    0x00001c10   0x0000000c   Ven    RO          718    Veneer$$Code        anon$$obj.o
    0x00001c1c   0x0000000c   Ven    RO          719    Veneer$$Code        anon$$obj.o
    0x00001c28   0x0000000c   Ven    RO          720    Veneer$$Code        anon$$obj.o
    0x00001c34   0x0000008c   Code   RO           20    i.CalcEstI          smc.o
    0x00001cc0   0x0000000e   Code   RO          707    i.__scatterload_copy  mc_p.l(handlers.o)
    0x00001cce   0x00000002   Code   RO          708    i.__scatterload_null  mc_p.l(handlers.o)
    0x00001cd0   0x0000000e   Code   RO          709    i.__scatterload_zeroinit  mc_p.l(handlers.o)
    0x00001cde   0x00000002   PAD
    0x00001ce0   0x00000020   Data   RO          705    Region$$Table       anon$$obj.o


    Execution Region RW_IRAM1 (Base: 0x00002000, Size: 0x000006a8, Max: 0x00002000, ABSOLUTE, COMPRESSED[0x00000048])

    Base Addr    Size         Type   Attr      Idx    E Section Name        Object

    0x00002000   0x0000001a   Data   RW            2    .data               smc.o
    0x0000201a   0x00000004   Data   RW          213    .data               meascurr.o
    0x0000201e   0x00000002   PAD
    0x00002020   0x00000030   Data   RW          249    .data               svgen.o
    0x00002050   0x000000fc   Data   RW          290    .data               pmsm.o
    0x0000214c   0x0000004c   Data   RW          348    .data               faultprotect.o
    0x00002198   0x00000008   Data   RW          624    .data               system_swm1800.o
    0x000021a0   0x00000050   Zero   RW          151    .bss                fdweak.o
    0x000021f0   0x000000b8   Zero   RW          289    .bss                pmsm.o
    0x000022a8   0x00000400   Zero   RW          647    STACK               startup_swm1800.o



  Load Region LR_IROM2 (Base: 0x20000000, Size: 0x00003df4, Max: 0x00004000, ABSOLUTE)

    Execution Region ER_IROM2 (Base: 0x20000000, Size: 0x00003df4, Max: 0x00004000, ABSOLUTE)

    Base Addr    Size         Type   Attr      Idx    E Section Name        Object

    0x20000000   0x00000418   Code   RO            1    .text               smc.o
    0x20000418   0x00000068   Code   RO          168    .text               calcref.o
    0x20000480   0x00000074   Code   RO          188    .text               clrkpark.o
    0x200004f4   0x00000094   Code   RO          212    .text               meascurr.o
    0x20000588   0x000000d6   Code   RO          232    .text               pi.o
    0x2000065e   0x00000002   PAD
    0x20000660   0x00000f68   Code   RO          288    .text               pmsm.o
    0x200015c8   0x000008e8   Code   RO          347    .text               faultprotect.o
    0x20001eb0   0x00000304   Code   RO          366    .text               swm1800_adc.o
    0x200021b4   0x0000002a   Code   RO          402    .text               swm1800_cordic.o
    0x200021de   0x00000020   Code   RO          414    .text               swm1800_div.o
    0x200021fe   0x000000c2   Code   RO          438    .text               swm1800_exti.o
    0x200022c0   0x00000144   Code   RO          489    .text               swm1800_irqmux.o
    0x20002404   0x000002b0   Code   RO          504    .text               swm1800_port.o
    0x200026b4   0x000001d8   Code   RO          576    .text               swm1800_uart.o
    0x2000288c   0x00000032   Code   RO          672    .text               mf_p.l(ffixi.o)
    0x200028be   0x00000002   PAD
    0x200028c0   0x00000028   Code   RO          674    .text               mf_p.l(cdcmple.o)
    0x200028e8   0x00000082   Code   RO          693    .text               mf_p.l(fepilogue.o)
    0x2000296a   0x00000022   Code   RO          703    .text               mc_p.l(llushr.o)
    0x2000298c   0x00000056   Code   RO          713    .text               mc_p.l(__dczerorl2.o)
    0x200029e2   0x00000002   PAD
    0x200029e4   0x0000000c   Ven    RO          721    Veneer$$Code        anon$$obj.o
    0x200029f0   0x0000000c   Ven    RO          722    Veneer$$Code        anon$$obj.o
    0x200029fc   0x0000000c   Ven    RO          723    Veneer$$Code        anon$$obj.o
    0x20002a08   0x0000000c   Ven    RO          724    Veneer$$Code        anon$$obj.o
    0x20002a14   0x0000000c   Ven    RO          725    Veneer$$Code        anon$$obj.o
    0x20002a20   0x0000000c   Ven    RO          726    Veneer$$Code        anon$$obj.o
    0x20002a2c   0x0000000c   Ven    RO          727    Veneer$$Code        anon$$obj.o
    0x20002a38   0x0000000c   Ven    RO          728    Veneer$$Code        anon$$obj.o
    0x20002a44   0x0000000c   Ven    RO          729    Veneer$$Code        anon$$obj.o
    0x20002a50   0x0000000c   Ven    RO          730    Veneer$$Code        anon$$obj.o
    0x20002a5c   0x0000000c   Ven    RO          731    Veneer$$Code        anon$$obj.o
    0x20002a68   0x0000000c   Ven    RO          732    Veneer$$Code        anon$$obj.o
    0x20002a74   0x0000000c   Ven    RO          733    Veneer$$Code        anon$$obj.o
    0x20002a80   0x0000000c   Ven    RO          734    Veneer$$Code        anon$$obj.o
    0x20002a8c   0x0000000c   Ven    RO          735    Veneer$$Code        anon$$obj.o
    0x20002a98   0x0000000c   Ven    RO          736    Veneer$$Code        anon$$obj.o
    0x20002aa4   0x0000000c   Ven    RO          737    Veneer$$Code        anon$$obj.o
    0x20002ab0   0x0000000c   Ven    RO          738    Veneer$$Code        anon$$obj.o
    0x20002abc   0x0000000c   Ven    RO          739    Veneer$$Code        anon$$obj.o
    0x20002ac8   0x0000000c   Ven    RO          740    Veneer$$Code        anon$$obj.o
    0x20002ad4   0x0000000c   Ven    RO          741    Veneer$$Code        anon$$obj.o
    0x20002ae0   0x0000000c   Ven    RO          742    Veneer$$Code        anon$$obj.o
    0x20002aec   0x0000000c   Ven    RO          743    Veneer$$Code        anon$$obj.o
    0x20002af8   0x0000000c   Ven    RO          744    Veneer$$Code        anon$$obj.o
    0x20002b04   0x000000a4   Code   RO           14    i.CalcBEMF          smc.o
    0x20002ba8   0x0000002e   Code   RO          697    i.__ARM_clz         mf_p.l(depilogue.o)
    0x20002bd6   0x0000001c   Code   RO          260    i.__ARM_common_switch8  svgen.o
    0x20002bf2   0x00000002   PAD
    0x20002bf4   0x00001000   Data   RO          248    .constdata          svgen.o
    0x20003bf4   0x00000200   Data   RO          271    .constdata          trig.o


==============================================================================

Image component sizes


      Code (inc. data)   RO Data    RW Data    ZI Data      Debug   Object Name

       104          4          0          0          0       1860   calcref.o
       116          6          0          0          0        869   clrkpark.o
         0          0          0          0          0         32   core_cm0.o
      2280        164          0         76          0       7808   faultprotect.o
       208         16          0          0         80       1405   fdweak.o
       276         20          0          0          0        473   initmcu.o
        76          0          0          0          0        842   invpark.o
       148         14          0          4          0       1939   meascurr.o
       214          0          0          0          0       1877   pi.o
      3944        518          0        252        184      19793   pmsm.o
      1352         52          0         26          0      79598   smc.o
       352        206          0          0       1024       2280   startup_swm1800.o
      1600        148       4096         48          0       4989   svgen.o
       772         16          0          0          0       4433   swm1800_adc.o
        42          0          0          0          0        922   swm1800_cordic.o
        32          0          0          0          0        867   swm1800_div.o
       194          0          0          0          0       1909   swm1800_exti.o
       500         16          0          0          0       2972   swm1800_gpio.o
       324         14          0          0          0       9344   swm1800_irqmux.o
       688         10          0          0          0       1296   swm1800_port.o
      1768         18          0          0          0       5094   swm1800_pwm.o
       704         10          0          0          0       2902   swm1800_timr.o
       472         12          0          0          0       4151   swm1800_uart.o
       584         46          0          8          0       1725   system_swm1800.o
       396          6        512          0          0       3084   trig.o

    ----------------------------------------------------------------------
     17510       1416       4640        416       1288     162464   Object Totals
       360        120         32          0          0          0   (incl. Generated)
         4          0          0          2          0          0   (incl. Padding)

    ----------------------------------------------------------------------

      Code (inc. data)   RO Data    RW Data    ZI Data      Debug   Library Member Name

        86          0          0          0          0          0   __dczerorl2.o
         0          0          0          0          0          0   entry.o
         0          0          0          0          0          0   entry10a.o
         0          0          0          0          0          0   entry11a.o
         8          4          0          0          0          0   entry2.o
         4          0          0          0          0          0   entry5.o
         0          0          0          0          0          0   entry7b.o
         0          0          0          0          0          0   entry8b.o
         8          4          0          0          0          0   entry9a.o
        30          0          0          0          0          0   handlers.o
        40          0          0          0          0         72   idiv.o
        36          8          0          0          0         68   init.o
         0          0          0          0          0          0   iusefp.o
        32          0          0          0          0         68   llshl.o
        34          0          0          0          0         68   llushr.o
        44          0          0          0          0         72   uidiv.o
        40          2          0          0          0         68   cdcmple.o
        40          2          0          0          0         68   cdrcmple.o
       236          0          0          0          0        216   depilogue.o
        40          6          0          0          0         68   dflti.o
       124          0          0          0          0         72   fdiv.o
       130          0          0          0          0        144   fepilogue.o
        50          0          0          0          0         60   ffixi.o
        22          0          0          0          0         68   fflti.o
       122          0          0          0          0         72   fmul.o

    ----------------------------------------------------------------------
      1134         26          0          0          0       1184   Library Totals
         8          0          0          0          0          0   (incl. Padding)

    ----------------------------------------------------------------------

      Code (inc. data)   RO Data    RW Data    ZI Data      Debug   Library Name

       322         16          0          0          0        348   mc_p.l
       804         10          0          0          0        836   mf_p.l

    ----------------------------------------------------------------------
      1134         26          0          0          0       1184   Library Totals

    ----------------------------------------------------------------------

==============================================================================


      Code (inc. data)   RO Data    RW Data    ZI Data      Debug   

     18644       1442       4640        416       1288     161472   Grand Totals
     18644       1442       4640         72       1288     161472   ELF Image Totals (compressed)
     18644       1442       4640         72          0          0   ROM Totals

==============================================================================

    Total RO  Size (Code + RO Data)                23284 (  22.74kB)
    Total RW  Size (RW Data + ZI Data)              1704 (   1.66kB)
    Total ROM Size (Code + RO Data + RW Data)      23356 (  22.81kB)

==============================================================================

