<html>
<body>
<pre>
<h1>礦ision Build Log</h1>
<h2>Tool Versions:</h2>
IDE-Version: μVision V5.15
Copyright (C) 2015 ARM Ltd and ARM Germany GmbH. All rights reserved.
License Information: Y XZ, YXZ, LIC=ATTTG-V9LDH-744S0-BQYTK-K0DQ4-22NSN
 
Tool Versions:
Toolchain:       MDK-ARM Standard  Version: 5.15.0
Middleware:      RL-ARM Real-Time Library Version V4.12
Toolchain Path:  C:\Keil_v5\ARM\ARMCC\Bin
C Compiler:      Armcc.exe V5.05 update 2 (build 169)
Assembler:       Armasm.exe V5.05 update 2 (build 169)
Linker/Locator:  ArmLink.exe V5.05 update 2 (build 169)
Library Manager: ArmAr.exe V5.05 update 2 (build 169)
Hex Converter:   FromElf.exe V5.05 update 2 (build 169)
CPU DLL:         SARMCM3.DLL V5.15.0
Dialog DLL:      DARMCM1.DLL V1.12.0.0
Target DLL:      Segger\JL2CM3.dll V2.99.15.0
Dialog DLL:      TARMCM1.DLL V1.9.0.0
 
<h2>Project:</h2>
D:\项目\志高\柜机驱动\SW1580无霍尔正弦波\SWM1800.uvproj
Project File Date:  11/16/2016

<h2>Output:</h2>
*** Using Compiler 'V5.05 update 2 (build 169)', folder: 'C:\Keil_v5\ARM\ARMCC\Bin'
Build target 'SWM1800'
compiling Smc.c...
compiling InitMcu.c...
compiling FdWeak.c...
compiling CalcRef.c...
compiling ClrkPark.c...
compiling InvPark.c...
compiling MeasCurr.c...
APP\MeasCurr.c(16): warning:  #177-D: variable "valtemp" was declared but never referenced
      s32 valtemp;
APP\MeasCurr.c: 1 warning, 0 errors
compiling Pi.c...
compiling Svgen.c...
compiling Trig.c...
APP\Trig.c(339): warning:  #177-D: variable "Quot" was declared but never referenced
      u32 divdend,divsor,Quot,Remain;
APP\Trig.c(339): warning:  #177-D: variable "Remain" was declared but never referenced
      u32 divdend,divsor,Quot,Remain;
APP\Trig.c: 2 warnings, 0 errors
compiling PMSM.c...
APP\PMSM.c(34): warning:  #1295-D: Deprecated declaration CountInputFreq_Init - give arg types
  void CountInputFreq_Init();
APP\PMSM.c(389): warning:  #177-D: variable "Q_err" was declared but never referenced
      s32 Q_err,D_err;
APP\PMSM.c(389): warning:  #177-D: variable "D_err" was declared but never referenced
      s32 Q_err,D_err;
APP\PMSM.c(1262): warning:  #177-D: variable "Ri" was declared but never referenced
      s32 Di, Vi, Qi, Ri;
APP\PMSM.c: 4 warnings, 0 errors
compiling SWM1800_adc.c...
compiling SWM1800_can.c...
compiling SWM1800_cmp.c...
compiling SWM1800_cordic.c...
compiling SWM1800_div.c...
compiling SWM1800_dma.c...
compiling SWM1800_exti.c...
compiling SWM1800_flash.c...
compiling SWM1800_gpio.c...
compiling SWM1800_i2c.c...
compiling SWM1800_irqmux.c...
compiling SWM1800_port.c...
compiling SWM1800_pwm.c...
compiling SWM1800_sdadc.c...
compiling SWM1800_slcd.c...
compiling SWM1800_spi.c...
compiling SWM1800_timr.c...
compiling SWM1800_uart.c...
compiling SWM1800_wdt.c...
compiling SWM1800_cache.c...
compiling core_cm0.c...
compiling system_SWM1800.c...
assembling startup_SWM1800.s...
linking...
Program Size: Code=10368 RO-data=4640 RW-data=220 ZI-data=1340  
After Build - User command #1: fromelf.exe --bin -o ./out/SWM1800.bin ./out/SWM1800.axf
".\out\SWM1800.axf" - 0 Error(s), 7 Warning(s).
</pre>
</body>
</html>
